64.242.88.10 - - [07/Mar/2004:16:05:49 -0800] "GET /twiki/bin/edit/Main/Double_bounce_sender?topicparent=Main.ConfigurationVariables HTTP/1.1" 401 12846
64.242.88.10 - - [07/Mar/2004:16:06:51 -0800] "GET /twiki/bin/rdiff/TWiki/NewUserTemplate?rev1=1.3&rev2=1.2 HTTP/1.1" 200 4523
64.242.88.10 - - [07/Mar/2004:16:10:02 -0800] "GET /mailman/listinfo/hsdivision HTTP/1.1" 200 6291
64.242.88.10 - - [07/Mar/2004:16:11:58 -0800] "GET /twiki/bin/view/TWiki/WikiSyntax HTTP/1.1" 200 7352
64.242.88.10 - - [07/Mar/2004:16:20:55 -0800] "GET /twiki/bin/view/Main/DCCAndPostFix HTTP/1.1" 200 5253
64.242.88.10 - - [07/Mar/2004:16:23:12 -0800] "GET /twiki/bin/oops/TWiki/AppendixFileSystem?template=oopsmore&param1=1.12&param2=1.12 HTTP/1.1" 200 11382
64.242.88.10 - - [07/Mar/2004:16:24:16 -0800] "GET /twiki/bin/view/Main/PeterThoeny HTTP/1.1" 200 4924
64.242.88.10 - - [07/Mar/2004:16:29:16 -0800] "GET /twiki/bin/edit/Main/Header_checks?topicparent=Main.ConfigurationVariables HTTP/1.1" 401 12851
64.242.88.10 - - [07/Mar/2004:16:30:29 -0800] "GET /twiki/bin/attach/Main/OfficeLocations HTTP/1.1" 401 12851
64.242.88.10 - - [07/Mar/2004:16:31:48 -0800] "GET /twiki/bin/view/TWiki/WebTopicEditTemplate HTTP/1.1" 200 3732
64.242.88.10 - - [07/Mar/2004:16:32:50 -0800] "GET /twiki/bin/view/Main/WebChanges HTTP/1.1" 200 40520
64.242.88.10 - - [07/Mar/2004:16:33:53 -0800] "GET /twiki/bin/edit/Main/Smtpd_etrn_restrictions?topicparent=Main.ConfigurationVariables HTTP/1.1" 401 12851
64.242.88.10 - - [07/Mar/2004:16:35:19 -0800] "GET /mailman/listinfo/business HTTP/1.1" 200 6379
64.242.88.10 - - [07/Mar/2004:16:36:22 -0800] "GET /twiki/bin/rdiff/Main/WebIndex?rev1=1.2&rev2=1.1 HTTP/1.1" 200 46373
64.242.88.10 - - [07/Mar/2004:16:37:27 -0800] "GET /twiki/bin/view/TWiki/DontNotify HTTP/1.1" 200 4140
64.242.88.10 - - [07/Mar/2004:16:39:24 -0800] "GET /twiki/bin/view/Main/TokyoOffice HTTP/1.1" 200 3853
64.242.88.10 - - [07/Mar/2004:16:43:54 -0800] "GET /twiki/bin/view/Main/MikeMannix HTTP/1.1" 200 3686
64.242.88.10 - - [07/Mar/2004:16:45:56 -0800] "GET /twiki/bin/attach/Main/PostfixCommands HTTP/1.1" 401 12846
64.242.88.10 - - [07/Mar/2004:16:47:12 -0800] "GET /robots.txt HTTP/1.1" 200 68
64.242.88.10 - - [07/Mar/2004:16:47:46 -0800] "GET /twiki/bin/rdiff/Know/ReadmeFirst?rev1=1.5&rev2=1.4 HTTP/1.1" 200 5724
64.242.88.10 - - [07/Mar/2004:16:49:04 -0800] "GET /twiki/bin/view/Main/TWikiGroups?rev=1.2 HTTP/1.1" 200 5162
64.242.88.10 - - [07/Mar/2004:16:50:54 -0800] "GET /twiki/bin/rdiff/Main/ConfigurationVariables HTTP/1.1" 200 59679
64.242.88.10 - - [07/Mar/2004:16:52:35 -0800] "GET /twiki/bin/edit/Main/Flush_service_name?topicparent=Main.ConfigurationVariables HTTP/1.1" 401 12851
64.242.88.10 - - [07/Mar/2004:16:53:46 -0800] "GET /twiki/bin/rdiff/TWiki/TWikiRegistration HTTP/1.1" 200 34395
64.242.88.10 - - [07/Mar/2004:16:54:55 -0800] "GET /twiki/bin/rdiff/Main/NicholasLee HTTP/1.1" 200 7235
64.242.88.10 - - [07/Mar/2004:16:56:39 -0800] "GET /twiki/bin/view/Sandbox/WebHome?rev=1.6 HTTP/1.1" 200 8545
64.242.88.10 - - [07/Mar/2004:16:58:54 -0800] "GET /mailman/listinfo/administration HTTP/1.1" 200 6459
lordgun.org - - [07/Mar/2004:17:01:53 -0800] "GET /razor.html HTTP/1.1" 200 2869
64.242.88.10 - - [07/Mar/2004:17:09:01 -0800] "GET /twiki/bin/search/Main/SearchResult?scope=text&regex=on&search=Joris%20*Benschop[^A-Za-z] HTTP/1.1" 200 4284
64.242.88.10 - - [07/Mar/2004:17:10:20 -0800] "GET /twiki/bin/oops/TWiki/TextFormattingRules?template=oopsmore&param1=1.37&param2=1.37 HTTP/1.1" 200 11400
64.242.88.10 - - [07/Mar/2004:17:13:50 -0800] "GET /twiki/bin/edit/TWiki/DefaultPlugin?t=1078688936 HTTP/1.1" 401 12846
64.242.88.10 - - [07/Mar/2004:17:16:00 -0800] "GET /twiki/bin/search/Main/?scope=topic&regex=on&search=^g HTTP/1.1" 200 3675
64.242.88.10 - - [07/Mar/2004:17:17:27 -0800] "GET /twiki/bin/search/TWiki/?scope=topic&regex=on&search=^d HTTP/1.1" 200 5773
lj1036.inktomisearch.com - - [07/Mar/2004:17:18:36 -0800] "GET /robots.txt HTTP/1.0" 200 68
lj1090.inktomisearch.com - - [07/Mar/2004:17:18:41 -0800] "GET /twiki/bin/view/Main/LondonOffice HTTP/1.0" 200 3860
64.242.88.10 - - [07/Mar/2004:17:21:44 -0800] "GET /twiki/bin/attach/TWiki/TablePlugin HTTP/1.1" 401 12846
64.242.88.10 - - [07/Mar/2004:17:22:49 -0800] "GET /twiki/bin/view/TWiki/ManagingWebs?rev=1.22 HTTP/1.1" 200 9310
64.242.88.10 - - [07/Mar/2004:17:23:54 -0800] "GET /twiki/bin/statistics/Main HTTP/1.1" 200 808
64.242.88.10 - - [07/Mar/2004:17:26:30 -0800] "GET /twiki/bin/view/TWiki/WikiCulture HTTP/1.1" 200 5935
64.242.88.10 - - [07/Mar/2004:17:27:37 -0800] "GET /twiki/bin/edit/Main/WebSearch?t=1078669682 HTTP/1.1" 401 12846
64.242.88.10 - - [07/Mar/2004:17:28:45 -0800] "GET /twiki/bin/oops/TWiki/ResetPassword?template=oopsmore&param1=1.4&param2=1.4 HTTP/1.1" 200 11281
64.242.88.10 - - [07/Mar/2004:17:29:59 -0800] "GET /twiki/bin/view/TWiki/ManagingWebs?skin=print HTTP/1.1" 200 8806
64.242.88.10 - - [07/Mar/2004:17:31:39 -0800] "GET /twiki/bin/edit/Main/UvscanAndPostFix?topicparent=Main.WebHome HTTP/1.1" 401 12846
64.242.88.10 - - [07/Mar/2004:17:35:35 -0800] "GET /twiki/bin/view/TWiki/KlausWriessnegger HTTP/1.1" 200 3848
64.242.88.10 - - [07/Mar/2004:17:39:39 -0800] "GET /twiki/bin/view/Main/SpamAssassin HTTP/1.1" 200 4081
64.242.88.10 - - [07/Mar/2004:17:42:15 -0800] "GET /twiki/bin/oops/TWiki/RichardDonkin?template=oopsmore&param1=1.2&param2=1.2 HTTP/1.1" 200 11281
64.242.88.10 - - [07/Mar/2004:17:46:17 -0800] "GET /twiki/bin/rdiff/TWiki/AlWilliams?rev1=1.3&rev2=1.2 HTTP/1.1" 200 4485
64.242.88.10 - - [07/Mar/2004:17:47:43 -0800] "GET /twiki/bin/rdiff/TWiki/AlWilliams?rev1=1.2&rev2=1.1 HTTP/1.1" 200 5234
64.242.88.10 - - [07/Mar/2004:17:50:44 -0800] "GET /twiki/bin/view/TWiki/SvenDowideit HTTP/1.1" 200 3616
64.242.88.10 - - [07/Mar/2004:17:53:45 -0800] "GET /twiki/bin/search/Main/SearchResult?scope=text&regex=on&search=Office%20*Locations[^A-Za-z] HTTP/1.1" 200 7771
64.242.88.10 - - [07/Mar/2004:17:56:54 -0800] "GET /twiki/bin/view/TWiki/TextFormattingRules?rev=r1.31 HTTP/1.1" 200 23338
64.242.88.10 - - [07/Mar/2004:17:58:00 -0800] "GET /twiki/bin/edit/Main/KevinWGagel?t=1078670331 HTTP/1.1" 401 12846
64.242.88.10 - - [07/Mar/2004:18:00:09 -0800] "GET /twiki/bin/edit/Main/Virtual_mailbox_lock?topicparent=Main.ConfigurationVariables HTTP/1.1" 401 12846
64.242.88.10 - - [07/Mar/2004:18:02:10 -0800] "GET /twiki/bin/view/Main/WebPreferences HTTP/1.1" 200 8820
64.242.88.10 - - [07/Mar/2004:18:04:05 -0800] "GET /twiki/bin/view/TWiki/WikiWord?rev=1.3 HTTP/1.1" 200 6816
lj1125.inktomisearch.com - - [07/Mar/2004:18:06:14 -0800] "GET /twiki/bin/oops/Sandbox/WebChanges HTTP/1.0" 200 209
64.242.88.10 - - [07/Mar/2004:18:09:00 -0800] "GET /twiki/bin/rdiff/Main/TWikiGuest HTTP/1.1" 200 11314
64.242.88.10 - - [07/Mar/2004:18:10:09 -0800] "GET /twiki/bin/edit/TWiki/TWikiVariables?t=1078684115 HTTP/1.1" 401 12846
d207-6-9-183.bchsia.telus.net - - [07/Mar/2004:18:10:18 -0800] "GET /pipermail/cncce/2004-January/000001.html HTTP/1.1" 200 3095
d207-6-9-183.bchsia.telus.net - - [07/Mar/2004:18:10:20 -0800] "GET /pipermail/cncce/2004-January/000002.html HTTP/1.1" 200 3810
64.242.88.10 - - [07/Mar/2004:18:17:26 -0800] "GET /twiki/bin/rdiff/TWiki/WikiWord?rev1=1.4&rev2=1.3 HTTP/1.1" 200 6948
64.242.88.10 - - [07/Mar/2004:18:19:01 -0800] "GET /twiki/bin/edit/Main/TWikiPreferences?topicparent=Main.WebHome HTTP/1.1" 401 12846
d207-6-9-183.bchsia.telus.net - - [07/Mar/2004:18:19:16 -0800] "GET /pipermail/cncce/2004-January.txt HTTP/1.1" 200 3376
64.242.88.10 - - [07/Mar/2004:18:22:52 -0800] "GET /twiki/bin/search/Main/SearchResult?scope=text&regex=on&search=Web%20*Statistics[^A-Za-z] HTTP/1.1" 200 3584
64.242.88.10 - - [07/Mar/2004:18:26:32 -0800] "GET /twiki/bin/rdiff/TWiki/PeterFokkinga?rev1=1.4&rev2=1.3 HTTP/1.1" 200 4548
64.242.88.10 - - [07/Mar/2004:18:32:39 -0800] "GET /mailman/listinfo/dentalstudies HTTP/1.1" 200 6345
64.242.88.10 - - [07/Mar/2004:18:34:42 -0800] "GET /twiki/bin/view/Main/TWikiGuest HTTP/1.1" 200 4449
64.242.88.10 - - [07/Mar/2004:18:42:29 -0800] "GET /twiki/bin/attach/Main/TWikiGroups HTTP/1.1" 401 12846
64.242.88.10 - - [07/Mar/2004:18:46:00 -0800] "GET /twiki/bin/rdiff/TWiki/TextFormattingRules?rev1=1.36&rev2=1.35 HTTP/1.1" 200 25416
64.242.88.10 - - [07/Mar/2004:18:47:06 -0800] "GET /twiki/bin/rdiff/Main/TWikiGroups?rev1=1.3&rev2=1.2 HTTP/1.1" 200 4308
64.242.88.10 - - [07/Mar/2004:18:48:15 -0800] "GET /twiki/bin/search/TWiki/?scope=topic&regex=on&search=.* HTTP/1.1" 200 3544
64.242.88.10 - - [07/Mar/2004:18:52:30 -0800] "GET /twiki/bin/edit/Main/Trigger_timeout?topicparent=Main.ConfigurationVariables HTTP/1.1" 401 12846
64.242.88.10 - - [07/Mar/2004:18:53:55 -0800] "GET /twiki/bin/oops/TWiki/TWikiSite?template=oopsmore&param1=1.21&param2=1.21 HTTP/1.1" 200 11284
64.242.88.10 - - [07/Mar/2004:18:57:07 -0800] "GET /twiki/bin/view/TWiki/TextFormattingRules?rev=r1.35 HTTP/1.1" 200 27248
64.242.88.10 - - [07/Mar/2004:18:58:52 -0800] "GET /twiki/bin/edit/Main/Mydestination?topicparent=Main.ConfigurationVariables HTTP/1.1" 401 12846
64.242.88.10 - - [07/Mar/2004:18:59:52 -0800] "GET /mailman/listinfo/fcd HTTP/1.1" 200 5967
64.242.88.10 - - [07/Mar/2004:19:01:48 -0800] "GET /twiki/bin/rdiff/Main/WebHome?rev1=1.28&rev2=1.27 HTTP/1.1" 200 3596
64.242.88.10 - - [07/Mar/2004:19:03:58 -0800] "GET /twiki/bin/edit/Main/Message_size_limit?topicparent=Main.ConfigurationVariables HTTP/1.1" 401 12846
64.242.88.10 - - [07/Mar/2004:19:08:55 -0800] "GET /twiki/bin/rdiff/TWiki/TWikiHistory HTTP/1.1" 200 138789
64.242.88.10 - - [07/Mar/2004:19:10:13 -0800] "GET /twiki/bin/search/TWiki/?scope=topic&regex=on&search=^y HTTP/1.1" 200 3628
64.242.88.10 - - [07/Mar/2004:19:15:38 -0800] "GET /twiki/bin/edit/Main/Smtpd_history_flush_threshold?topicparent=Main.ConfigurationVariables HTTP/1.1" 401 12851
64.242.88.10 - - [07/Mar/2004:19:16:44 -0800] "GET /twiki/bin/view/TWiki/TWikiHistory?rev=1.59 HTTP/1.1" 200 52854
64.242.88.10 - - [07/Mar/2004:19:18:05 -0800] "GET /twiki/bin/edit/Main/Sender_canonical_maps?topicparent=Main.ConfigurationVariables HTTP/1.1" 401 12851
64.242.88.10 - - [07/Mar/2004:19:19:19 -0800] "GET /mailman/listinfo/mlc HTTP/1.1" 200 6142
64.242.88.10 - - [07/Mar/2004:19:21:01 -0800] "GET /twiki/bin/rdiff/Main/WebChanges HTTP/1.1" 200 114241
64.242.88.10 - - [07/Mar/2004:19:22:11 -0800] "GET /twiki/bin/edit/Sandbox/TestTopic5?topicparent=Sandbox.WebHome HTTP/1.1" 401 12846
64.242.88.10 - - [07/Mar/2004:19:24:57 -0800] "GET /twiki/bin/view/TWiki/TextFormattingRules?rev=r1.22 HTTP/1.1" 200 21162
64.242.88.10 - - [07/Mar/2004:19:26:22 -0800] "GET /twiki/bin/search/TWiki/?scope=topic&regex=on&search=^j HTTP/1.1" 200 4524
64.242.88.10 - - [07/Mar/2004:19:29:46 -0800] "GET /twiki/bin/oops/TWiki/TWikiVariables?template=oopsmore&param1=1.62&param2=1.62 HTTP/1.1" 200 11444
64.242.88.10 - - [07/Mar/2004:19:31:25 -0800] "GET /twiki/bin/edit/Main/Lmtp_connect_timeout?topicparent=Main.ConfigurationVariables HTTP/1.1" 401 12846
64.242.88.10 - - [07/Mar/2004:19:32:45 -0800] "GET /twiki/bin/search/TWiki/?scope=topic&regex=on&search=^q HTTP/1.1" 200 2937
64.242.88.10 - - [07/Mar/2004:19:36:14 -0800] "GET /twiki/bin/view/TWiki/ManagingWebs?rev=1.21 HTTP/1.1" 200 9310
64.242.88.10 - - [07/Mar/2004:19:39:40 -0800] "GET /twiki/bin/edit/Main/Qmqpd_authorized_clients?topicparent=Main.ConfigurationVariables HTTP/1.1" 401 12846
64.242.88.10 - - [07/Mar/2004:19:41:33 -0800] "GET /twiki/bin/edit/Main/Header_address_token_limit?topicparent=Main.ConfigurationVariables HTTP/1.1" 401 12846
64.242.88.10 - - [07/Mar/2004:19:42:45 -0800] "GET /twiki/bin/edit/Main/Syslog_name?topicparent=Main.ConfigurationVariables HTTP/1.1" 401 12846
80-219-148-207.dclient.hispeed.ch - - [07/Mar/2004:19:47:36 -0800] "OPTIONS * HTTP/1.0" 200 -
64.242.88.10 - - [07/Mar/2004:19:49:28 -0800] "GET /twiki/bin/oops/TWiki/TWikiHistory?template=oopsmore&param1=1.61&param2=1.61 HTTP/1.1" 200 11345
64.242.88.10 - - [07/Mar/2004:19:52:28 -0800] "GET /twiki/bin/view/TWiki/HaroldGottschalk HTTP/1.1" 200 3838
64.242.88.10 - - [07/Mar/2004:19:54:33 -0800] "GET /twiki/bin/view/TWiki/DefaultPlugin?rev=1.4 HTTP/1.1" 200 7298
64.242.88.10 - - [07/Mar/2004:19:55:40 -0800] "GET /twiki/bin/oops/TWiki/WelcomeGuest?template=oopsmore&param1=1.20&param2=1.20 HTTP/1.1" 200 11266
64.242.88.10 - - [07/Mar/2004:19:56:41 -0800] "GET /twiki/bin/rdiff/Main/WebIndex HTTP/1.1" 200 46373
64.242.88.10 - - [07/Mar/2004:19:58:24 -0800] "GET /twiki/bin/rdiff/TWiki/TWikiRegistration?rev1=1.10&rev2=1.9 HTTP/1.1" 200 3826
64.242.88.10 - - [07/Mar/2004:20:00:06 -0800] "GET /twiki/bin/view/TWiki/TextFormattingRules?rev=r1.21 HTTP/1.1" 200 20972
64.242.88.10 - - [07/Mar/2004:20:02:13 -0800] "GET /twiki/bin/attach/TWiki/DefaultPlugin HTTP/1.1" 401 12846
64.242.88.10 - - [07/Mar/2004:20:03:29 -0800] "GET /twiki/bin/search/Main/?scope=topic&regex=on&search=^p HTTP/1.1" 200 7245
206-15-133-181.dialup.ziplink.net - - [07/Mar/2004:20:04:03 -0800] "HEAD /twiki/bin/view/Main/SpamAssassinDeleting HTTP/1.1" 200 0
64.242.88.10 - - [07/Mar/2004:20:04:35 -0800] "GET /twiki/bin/edit/Main/Smtp_pix_workaround_delay_time?topicparent=Main.ConfigurationVariables HTTP/1.1" 401 12846
64.242.88.10 - - [07/Mar/2004:20:07:12 -0800] "GET /twiki/bin/edit/Main/Berkeley_db_create_buffer_size?topicparent=Main.ConfigurationVariables HTTP/1.1" 401 12851
mmscrm07-2.sac.overture.com - - [07/Mar/2004:20:10:50 -0800] "GET /robots.txt HTTP/1.0" 200 68
64.242.88.10 - - [07/Mar/2004:20:11:33 -0800] "GET /twiki/bin/attach/TWiki/TWikiSite HTTP/1.1" 401 12846
64.242.88.10 - - [07/Mar/2004:20:12:55 -0800] "GET /twiki/bin/edit/TWiki/TWikiSite?t=1078681794 HTTP/1.1" 401 12846
64.242.88.10 - - [07/Mar/2004:20:23:35 -0800] "GET /twiki/bin/search/TWiki/SearchResult?scope=text&regex=on&search=Web%20*Statistics[^A-Za-z] HTTP/1.1" 200 10118
64.242.88.10 - - [07/Mar/2004:20:25:31 -0800] "GET /twiki/bin/edit/Main/Defer_transports?topicparent=Main.ConfigurationVariables HTTP/1.1" 401 12846
64.242.88.10 - - [07/Mar/2004:20:31:40 -0800] "GET /twiki/bin/rdiff/TWiki/SearchDoesNotWork HTTP/1.1" 200 6738
64.242.88.10 - - [07/Mar/2004:20:35:28 -0800] "GET /twiki/bin/search/Main/SearchResult?scope=text&regex=on&search=TWiki%20*Admin%20*Group[^A-Za-z] HTTP/1.1" 200 7311
64.242.88.10 - - [07/Mar/2004:20:38:14 -0800] "GET /twiki/bin/rdiff/TWiki/ChangePassword HTTP/1.1" 200 16670
64.242.88.10 - - [07/Mar/2004:20:40:41 -0800] "GET /twiki/bin/rdiff/TWiki/SvenDowideit HTTP/1.1" 200 5277
64.242.88.10 - - [07/Mar/2004:20:42:09 -0800] "GET /twiki/bin/rdiff/TWiki/KevinKinnell?rev1=1.5&rev2=1.4 HTTP/1.1" 200 4982
64.242.88.10 - - [07/Mar/2004:20:44:48 -0800] "GET /twiki/bin/edit/Main/Undisclosed_recipients_header?topicparent=Main.ConfigurationVariables HTTP/1.1" 401 12846
64.242.88.10 - - [07/Mar/2004:20:55:43 -0800] "GET /mailman/listinfo/hs_support HTTP/1.1" 200 6294
64.242.88.10 - - [07/Mar/2004:20:56:56 -0800] "GET /twiki/bin/view/TWiki/WebTopicList HTTP/1.1" 200 14070
64.242.88.10 - - [07/Mar/2004:20:58:27 -0800] "GET /twiki/bin/attach/TWiki/WebPreferences HTTP/1.1" 401 12846
64.242.88.10 - - [07/Mar/2004:21:03:48 -0800] "GET /twiki/bin/view/TWiki/TWikiFAQ HTTP/1.1" 200 12050
64.242.88.10 - - [07/Mar/2004:21:06:05 -0800] "GET /twiki/bin/oops/TWiki/DefaultPlugin?template=oopsmore&param1=1.5&param2=1.5 HTTP/1.1" 200 11281
64.242.88.10 - - [07/Mar/2004:21:07:24 -0800] "GET /twiki/bin/rdiff/TWiki/AppendixFileSystem?rev1=1.11&rev2=1.10 HTTP/1.1" 200 40578
64.242.88.10 - - [07/Mar/2004:21:14:32 -0800] "GET /twiki/bin/rdiff/TWiki/FileAttribute HTTP/1.1" 200 5846
h24-70-56-49.ca.shawcable.net - - [07/Mar/2004:21:16:17 -0800] "GET /twiki/view/Main/WebHome HTTP/1.1" 404 300
h24-70-56-49.ca.shawcable.net - - [07/Mar/2004:21:16:18 -0800] "GET /favicon.ico HTTP/1.1" 200 1078
h24-70-56-49.ca.shawcable.net - - [07/Mar/2004:21:16:21 -0800] "GET /twiki/ HTTP/1.1" 200 782
h24-70-56-49.ca.shawcable.net - - [07/Mar/2004:21:16:23 -0800] "GET /twiki/bin/view/Main/WebHome HTTP/1.1" 200 10419
h24-70-56-49.ca.shawcable.net - - [07/Mar/2004:21:16:23 -0800] "GET /twiki/pub/TWiki/TWikiLogos/twikiRobot46x50.gif HTTP/1.1" 200 2877
h24-70-56-49.ca.shawcable.net - - [07/Mar/2004:21:16:33 -0800] "GET /twiki/bin/view/Main/TWikiUsers HTTP/1.1" 200 6697
h24-70-56-49.ca.shawcable.net - - [07/Mar/2004:21:16:40 -0800] "GET /twiki/bin/view/Main/KevinWGagel HTTP/1.1" 200 4901
64.242.88.10 - - [07/Mar/2004:21:20:14 -0800] "GET /twiki/bin/edit/TWiki/RichardDonkin?t=1078691832 HTTP/1.1" 401 12846
64.242.88.10 - - [07/Mar/2004:21:21:40 -0800] "GET /twiki/bin/oops/Main/DCC?template=oopsmore&param1=1.1&param2=1.1 HTTP/1.1" 200 6399
64.242.88.10 - - [07/Mar/2004:21:23:38 -0800] "GET /twiki/bin/view/TWiki/TWikiUpgradeTo01May2000 HTTP/1.1" 200 7463
64.242.88.10 - - [07/Mar/2004:21:31:12 -0800] "GET /twiki/bin/edit/Main/Mail_release_date?topicparent=Main.ConfigurationVariables HTTP/1.1" 401 12846
64.242.88.10 - - [07/Mar/2004:21:33:51 -0800] "GET /twiki/bin/view/TWiki/TWikiPlugins?rev=1.19 HTTP/1.1" 200 26541
bh02i525f01.au.ibm.com - - [07/Mar/2004:21:34:00 -0800] "GET /AmavisNew.html HTTP/1.0" 200 2300
64.242.88.10 - - [07/Mar/2004:21:39:55 -0800] "GET /twiki/bin/attach/Main/ConfigurationVariables HTTP/1.1" 401 12846
64.242.88.10 - - [07/Mar/2004:21:41:04 -0800] "GET /mailman/listinfo/techcomm HTTP/1.1" 200 6155
64.242.88.10 - - [07/Mar/2004:21:42:47 -0800] "GET /twiki/bin/view/TWiki/TWikiHistory?rev=1.8 HTTP/1.1" 200 15618
64.242.88.10 - - [07/Mar/2004:21:44:10 -0800] "GET /twiki/bin/edit/Sandbox/TestTopic7?topicparent=Sandbox.WebHome HTTP/1.1" 401 12846
64.242.88.10 - - [07/Mar/2004:21:50:22 -0800] "GET /twiki/bin/rdiff/TWiki/WebSearch HTTP/1.1" 200 55862
64.242.88.10 - - [07/Mar/2004:21:52:05 -0800] "GET /twiki/bin/rdiff/TWiki/TWikiTopics HTTP/1.1" 200 101445
64.242.88.10 - - [07/Mar/2004:22:03:19 -0800] "GET /twiki/bin/rdiff/Main/VishaalGolam HTTP/1.1" 200 5055
64.242.88.10 - - [07/Mar/2004:22:04:44 -0800] "GET /twiki/bin/view/Main/TWikiUsers?rev=1.21 HTTP/1.1" 200 6522
64.242.88.10 - - [07/Mar/2004:22:06:16 -0800] "GET /twiki/bin/edit/Main/Delay_notice_recipient?topicparent=Main.ConfigurationVariables HTTP/1.1" 401 12846
64.242.88.10 - - [07/Mar/2004:22:07:33 -0800] "GET /twiki/bin/view/TWiki/WikiNotation HTTP/1.1" 200 3617
64.242.88.10 - - [07/Mar/2004:22:08:43 -0800] "GET /twiki/bin/edit/Main/Forward_expansion_filter?topicparent=Main.ConfigurationVariables HTTP/1.1" 401 12846
64.242.88.10 - - [07/Mar/2004:22:09:44 -0800] "GET /twiki/bin/edit/Main/TestArea?topicparent=Main.WebHome HTTP/1.1" 401 12846
64.242.88.10 - - [07/Mar/2004:22:10:55 -0800] "GET /twiki/bin/view/Main/TokyoOffice?rev=1.2 HTTP/1.1" 200 4366
64.242.88.10 - - [07/Mar/2004:22:12:28 -0800] "GET /twiki/bin/attach/TWiki/WebSearch HTTP/1.1" 401 12846
64.242.88.10 - - [07/Mar/2004:22:15:57 -0800] "GET /mailman/listinfo/hs_rcafaculty HTTP/1.1" 200 6345
64.242.88.10 - - [07/Mar/2004:22:17:40 -0800] "GET /twiki/bin/view/TWiki/TWikiSkins?skin=print HTTP/1.1" 200 9563
64.242.88.10 - - [07/Mar/2004:22:27:18 -0800] "GET /twiki/bin/edit/Main/OfficeLocations?t=1078691049 HTTP/1.1" 401 12846
64.242.88.10 - - [07/Mar/2004:22:29:10 -0800] "GET /twiki/bin/view/Main/ThanadonSomdee HTTP/1.1" 200 4611
h24-71-249-14.ca.shawcable.net - - [07/Mar/2004:22:29:12 -0800] "GET /mailman/options/cnc_notice/arobin%40shaw.c HTTP/1.1" 200 3382
h24-71-249-14.ca.shawcable.net - - [07/Mar/2004:22:29:13 -0800] "GET /icons/mailman.jpg HTTP/1.1" 200 2022
h24-71-249-14.ca.shawcable.net - - [07/Mar/2004:22:29:13 -0800] "GET /icons/PythonPowered.png HTTP/1.1" 200 945
h24-71-249-14.ca.shawcable.net - - [07/Mar/2004:22:29:13 -0800] "GET /icons/gnu-head-tiny.jpg HTTP/1.1" 200 3049
h24-71-249-14.ca.shawcable.net - - [07/Mar/2004:22:29:41 -0800] "POST /mailman/options/cnc_notice HTTP/1.1" 200 3533
h24-71-249-14.ca.shawcable.net - - [07/Mar/2004:22:30:08 -0800] "POST /mailman/options/cnc_notice HTTP/1.1" 200 13973
64.242.88.10 - - [07/Mar/2004:22:31:25 -0800] "GET /twiki/bin/view/TWiki/TextFormattingRules?rev=r1.16 HTTP/1.1" 200 17361
64.242.88.10 - - [07/Mar/2004:22:35:53 -0800] "GET /twiki/bin/edit/Main/Default_delivery_slot_discount?topicparent=Main.ConfigurationVariables HTTP/1.1" 401 12851
64.242.88.10 - - [07/Mar/2004:22:36:58 -0800] "GET /twiki/bin/rdiff/TWiki/TWikiHistory?rev1=1.10&rev2=1.9 HTTP/1.1" 200 5336
64.242.88.10 - - [07/Mar/2004:22:39:00 -0800] "GET /twiki/bin/search/TWiki/SearchResult?scope=text&regex=on&search=Al%20*Williams[^A-Za-z] HTTP/1.1" 200 4364
64.242.88.10 - - [07/Mar/2004:22:45:46 -0800] "GET /twiki/bin/edit/Main/Smtpd_banner?topicparent=Main.ConfigurationVariables HTTP/1.1" 401 12846
64.242.88.10 - - [07/Mar/2004:22:47:19 -0800] "GET /twiki/bin/view/Main/WebHome?rev=r1.9 HTTP/1.1" 200 9133
64.242.88.10 - - [07/Mar/2004:22:48:55 -0800] "GET /twiki/bin/rdiff/TWiki/TWikiSkins?rev1=1.10&rev2=1.9 HTTP/1.1" 200 5989
64.242.88.10 - - [07/Mar/2004:22:51:55 -0800] "GET /twiki/bin/attach/TWiki/AndreaSterbini HTTP/1.1" 401 12851
64.242.88.10 - - [07/Mar/2004:22:53:36 -0800] "GET /twiki/bin/rdiff/TWiki/TWikiPlugins?rev1=1.20&rev2=1.19 HTTP/1.1" 200 5140
64.242.88.10 - - [07/Mar/2004:22:54:43 -0800] "GET /twiki/bin/view/Know/ReadmeFirst?rev=1.4 HTTP/1.1" 200 6736
64.242.88.10 - - [07/Mar/2004:22:58:24 -0800] "GET /twiki/bin/view/Main/TokyoOffice?rev=r1.3 HTTP/1.1" 200 3853
64.242.88.10 - - [07/Mar/2004:23:09:07 -0800] "GET /twiki/bin/view/TWiki/AlWilliams?rev=1.1 HTTP/1.1" 200 3697
calcite.rhyolite.com - - [07/Mar/2004:23:10:27 -0800] "GET /clients.html HTTP/1.1" 200 18753
64.242.88.10 - - [07/Mar/2004:23:10:44 -0800] "GET /twiki/bin/view/TWiki/JohnTalintyre HTTP/1.1" 200 3766
64.242.88.10 - - [07/Mar/2004:23:13:51 -0800] "GET /twiki/bin/view/TWiki/TWikiDocGraphics HTTP/1.1" 200 14492
64.242.88.10 - - [07/Mar/2004:23:15:51 -0800] "GET /twiki/bin/view/TWiki/TextFormattingRules?rev=r1.24 HTTP/1.1" 200 20981
64.242.88.10 - - [07/Mar/2004:23:16:57 -0800] "GET /twiki/bin/rdiff/Main/SanJoseOffice HTTP/1.1" 200 9524
64.242.88.10 - - [07/Mar/2004:23:19:01 -0800] "GET /twiki/bin/rdiff/Main/WebNotify HTTP/1.1" 200 16853
64.242.88.10 - - [07/Mar/2004:23:20:26 -0800] "GET /twiki/bin/view/TWiki/TWikiSiteTools HTTP/1.1" 200 14435
64.242.88.10 - - [07/Mar/2004:23:23:00 -0800] "GET /twiki/bin/rdiff/TWiki/RichardDonkin?rev1=1.2&rev2=1.1 HTTP/1.1" 200 5891
64.242.88.10 - - [07/Mar/2004:23:27:26 -0800] "GET /twiki/bin/search/TWiki/SearchResult?scope=text&regex=on&search=Web%20*Preferences[^A-Za-z] HTTP/1.1" 200 20030
64.242.88.10 - - [07/Mar/2004:23:30:23 -0800] "GET /twiki/bin/rdiff/TWiki/WebHome HTTP/1.1" 200 108162
64.242.88.10 - - [07/Mar/2004:23:34:31 -0800] "GET /twiki/bin/edit/Main/Lmtp_quit_timeout?topicparent=Main.ConfigurationVariables HTTP/1.1" 401 12851
64.242.88.10 - - [07/Mar/2004:23:36:48 -0800] "GET /twiki/bin/view/TWiki/WebSiteTools HTTP/1.1" 200 5208
lj1036.inktomisearch.com - - [07/Mar/2004:23:36:59 -0800] "GET /robots.txt HTTP/1.0" 200 68
lj1088.inktomisearch.com - - [07/Mar/2004:23:36:59 -0800] "GET /twiki/bin/oops/TWiki/JohnAltstadt HTTP/1.0" 200 209
64.242.88.10 - - [07/Mar/2004:23:37:48 -0800] "GET /twiki/bin/oops/Main/FileAttachment?template=oopsmore&param1=1.3&param2=1.3 HTTP/1.1" 200 6612
64.242.88.10 - - [07/Mar/2004:23:42:44 -0800] "GET /twiki/bin/edit/Main/Cleanup_service_name?topicparent=Main.ConfigurationVariables HTTP/1.1" 401 12846
64.242.88.10 - - [07/Mar/2004:23:47:58 -0800] "GET /twiki/bin/view/TWiki/WikiReferences?skin=print HTTP/1.1" 200 5596
64.242.88.10 - - [07/Mar/2004:23:50:03 -0800] "GET /twiki/bin/view/Main/TokyoOffice?rev=1.3 HTTP/1.1" 200 3853
64.242.88.10 - - [07/Mar/2004:23:51:38 -0800] "GET /twiki/bin/view/Main/PostSuper?rev=r1.1 HTTP/1.1" 200 3629
64.242.88.10 - - [07/Mar/2004:23:56:30 -0800] "GET /twiki/bin/rdiff/Main/PostQueue HTTP/1.1" 200 4662
64.242.88.10 - - [07/Mar/2004:23:58:53 -0800] "GET /twiki/bin/edit/TWiki/TablePlugin?t=1078681446 HTTP/1.1" 401 12851
dsl-80-43-113-44.access.uk.tiscali.com - - [08/Mar/2004:00:05:30 -0800] "GET / HTTP/1.1" 200 3169
dsl-80-43-113-44.access.uk.tiscali.com - - [08/Mar/2004:00:05:35 -0800] "GET /favicon.ico HTTP/1.1" 200 1078
dsl-80-43-113-44.access.uk.tiscali.com - - [08/Mar/2004:00:06:32 -0800] "GET /DCC.html HTTP/1.1" 200 2878
64.242.88.10 - - [08/Mar/2004:00:08:58 -0800] "GET /twiki/bin/oops/Sandbox/WebHome?template=oopsmore&param1=1.7&param2=1.7 HTTP/1.1" 200 4226
64.242.88.10 - - [08/Mar/2004:00:11:22 -0800] "GET /twiki/bin/edit/Main/WelcomeGuest?topicparent=Main.WebHome HTTP/1.1" 401 12846
lj1125.inktomisearch.com - - [08/Mar/2004:00:17:00 -0800] "GET /twiki/bin/oops/Main/TWiki HTTP/1.0" 200 209
64.242.88.10 - - [08/Mar/2004:00:17:22 -0800] "GET /twiki/bin/view/TWiki/RichardDonkin?skin=print HTTP/1.1" 200 1729
64.242.88.10 - - [08/Mar/2004:00:19:51 -0800] "GET /twiki/bin/view/Main/WebPreferences?rev=r1.4 HTTP/1.1" 200 7049
64.242.88.10 - - [08/Mar/2004:00:21:54 -0800] "GET /twiki/bin/view/TWiki/TWikiRegistration?rev=r1.7 HTTP/1.1" 200 12737
64.242.88.10 - - [08/Mar/2004:00:25:11 -0800] "GET /twiki/bin/view/TWiki/TextFormattingRules?rev=r1.26 HTTP/1.1" 200 22710
64.242.88.10 - - [08/Mar/2004:00:27:53 -0800] "GET /twiki/bin/view/TWiki/GoBox HTTP/1.1" 200 3762
64.242.88.10 - - [08/Mar/2004:00:29:13 -0800] "GET /twiki/bin/view/Main/FileAttachment?rev=1.1 HTTP/1.1" 200 17757
64.242.88.10 - - [08/Mar/2004:00:32:45 -0800] "GET /twiki/bin/attach/TWiki/KevinKinnell HTTP/1.1" 401 12846
64.242.88.10 - - [08/Mar/2004:00:36:21 -0800] "GET /twiki/bin/rdiff/TWiki/WikiWikiClones HTTP/1.1" 200 9259
64.242.88.10 - - [08/Mar/2004:00:37:23 -0800] "GET /twiki/bin/oops/Main/NicholasLee?template=oopsmore&param1=1.2&param2=1.2 HTTP/1.1" 200 6558
64.242.88.10 - - [08/Mar/2004:00:40:10 -0800] "GET /twiki/bin/edit/Main/TWikiForms?topicparent=Main.TWikiVariables HTTP/1.1" 401 12846
64.242.88.10 - - [08/Mar/2004:00:43:43 -0800] "GET /twiki/bin/rdiff/TWiki/DefaultPlugin HTTP/1.1" 200 20376
64.242.88.10 - - [08/Mar/2004:00:50:59 -0800] "GET /mailman/admin/educationadmin HTTP/1.1" 200 2150
64.242.88.10 - - [08/Mar/2004:00:52:12 -0800] "GET /mailman/private/hsdivision/ HTTP/1.1" 200 1549
64.242.88.10 - - [08/Mar/2004:00:54:26 -0800] "GET /mailman/listinfo/artsscience HTTP/1.1" 200 6248
64.242.88.10 - - [08/Mar/2004:00:55:38 -0800] "GET /twiki/bin/search/TWiki/?scope=topic&regex=on&search=^i HTTP/1.1" 200 7226
64.242.88.10 - - [08/Mar/2004:01:00:08 -0800] "GET /twiki/bin/rdiff/TWiki/AdrianLynch HTTP/1.1" 200 4011
64.242.88.10 - - [08/Mar/2004:01:01:15 -0800] "GET /twiki/bin/view/Main/WelcomeGuest HTTP/1.1" 200 4723
64.242.88.10 - - [08/Mar/2004:01:02:16 -0800] "GET /twiki/bin/view/Main/MikeMannix?rev=1.3 HTTP/1.1" 200 4721
64.242.88.10 - - [08/Mar/2004:01:04:05 -0800] "GET /twiki/bin/edit/TWiki/WikiStyleWord?topicparent=TWiki.TextFormattingFAQ HTTP/1.1" 401 12846
lj1089.inktomisearch.com - - [08/Mar/2004:01:04:54 -0800] "GET /twiki/bin/oops/TWiki/InterWikis HTTP/1.0" 200 209
64.242.88.10 - - [08/Mar/2004:01:10:43 -0800] "GET /twiki/bin/view/TWiki/FormattedSearch?rev=1.8 HTTP/1.1" 200 20434
64.242.88.10 - - [08/Mar/2004:01:12:20 -0800] "GET /twiki/bin/view/TWiki/TWikiEnhancementRequests?rev=1.3 HTTP/1.1" 200 4379
64.242.88.10 - - [08/Mar/2004:01:16:37 -0800] "GET /twiki/bin/view/Main/FileAttachment?rev=1.2 HTTP/1.1" 200 17919
64.242.88.10 - - [08/Mar/2004:01:19:18 -0800] "GET /twiki/bin/edit/TWiki/AppendixFileSystem?t=1078674582 HTTP/1.1" 401 12846
64.242.88.10 - - [08/Mar/2004:01:24:13 -0800] "GET /twiki/bin/view/TWiki/TextFormattingRules?rev=r1.33 HTTP/1.1" 200 26294
64.242.88.10 - - [08/Mar/2004:01:25:15 -0800] "GET /twiki/bin/search/Main/?scope=topic&regex=on&search=^t HTTP/1.1" 200 8306
64.242.88.10 - - [08/Mar/2004:01:29:17 -0800] "GET /twiki/bin/oops/TWiki/TWikiPlugins?template=oopsmore&param1=1.21&param2=1.21 HTTP/1.1" 200 11341
64.242.88.10 - - [08/Mar/2004:01:30:39 -0800] "GET /mailman/private/sswk/ HTTP/1.1" 200 1531
64.242.88.10 - - [08/Mar/2004:01:33:14 -0800] "GET /mailman/private/business/ HTTP/1.1" 200 1543
64.242.88.10 - - [08/Mar/2004:01:35:13 -0800] "GET /twiki/bin/edit/TWiki/InterWikis?t=1078696998 HTTP/1.1" 401 12846
64.242.88.10 - - [08/Mar/2004:01:41:14 -0800] "GET /twiki/bin/view/TWiki/WelcomeGuest?rev=r1.18 HTTP/1.1" 200 14001
64.242.88.10 - - [08/Mar/2004:01:46:05 -0800] "GET /twiki/bin/search/TWiki/?search=\\.*&scope=topic&order=modified&reverse=on&regex=on&nosearch=on&limit=200 HTTP/1.1" 200 101279
64.242.88.10 - - [08/Mar/2004:01:47:06 -0800] "GET /twiki/bin/edit/TWiki/TWikiPages?topicparent=TWiki.WelcomeGuest HTTP/1.1" 401 12846
64.242.88.10 - - [08/Mar/2004:01:48:06 -0800] "GET /twiki/bin/view/Main/WebHome?rev=r1.16 HTTP/1.1" 200 9342
64.242.88.10 - - [08/Mar/2004:01:50:37 -0800] "GET /twiki/bin/rdiff/TWiki/RyanFreebern?rev1=1.2&rev2=1.1 HTTP/1.1" 200 5243
64.242.88.10 - - [08/Mar/2004:01:59:13 -0800] "GET /twiki/bin/edit/Main/Smtp_line_length_limit?topicparent=Main.ConfigurationVariables HTTP/1.1" 401 12846
64.242.88.10 - - [08/Mar/2004:02:00:30 -0800] "GET /twiki/bin/view/Main/WebStatistics?skin=print HTTP/1.1" 200 6194
64.242.88.10 - - [08/Mar/2004:02:01:34 -0800] "GET /mailman/listinfo/webber HTTP/1.1" 200 6051
64.242.88.10 - - [08/Mar/2004:02:03:12 -0800] "GET /mailman/admin/mlc HTTP/1.1" 200 2060
64.242.88.10 - - [08/Mar/2004:02:05:15 -0800] "GET /mailman/listinfo/jjec HTTP/1.1" 200 6297
64.242.88.10 - - [08/Mar/2004:02:06:17 -0800] "GET /mailman/listinfo/deans HTTP/1.1" 200 6102
64.242.88.10 - - [08/Mar/2004:02:07:21 -0800] "GET /mailman/listinfo/gisgrad HTTP/1.1" 200 6024
64.242.88.10 - - [08/Mar/2004:02:09:08 -0800] "GET /twiki/bin/view/Main/WebNotify HTTP/1.1" 200 4468
64.242.88.10 - - [08/Mar/2004:02:12:24 -0800] "GET /twiki/bin/edit/Main/Setgid_group?topicparent=Main.ConfigurationVariables HTTP/1.1" 401 12846
64.242.88.10 - - [08/Mar/2004:02:16:24 -0800] "GET /twiki/bin/view/Main/WebChanges?skin=print HTTP/1.1" 200 38580
lj1016.inktomisearch.com - - [08/Mar/2004:02:17:10 -0800] "GET /twiki/bin/oops/TWiki/FileAttachment HTTP/1.0" 200 209
lj1036.inktomisearch.com - - [08/Mar/2004:02:22:19 -0800] "GET /twiki/bin/view/Main/TWi HTTP/1.0" 200 4866
64.242.88.10 - - [08/Mar/2004:02:23:45 -0800] "GET /twiki/bin/rdiff/TWiki/IncludeTopicsAndWebPages HTTP/1.1" 200 20972
64.242.88.10 - - [08/Mar/2004:02:26:44 -0800] "GET /twiki/bin/oops/Main/WebChanges?template=oopsmore&param1=1.2&param2=1.2 HTTP/1.1" 200 6540
64.242.88.10 - - [08/Mar/2004:02:27:51 -0800] "GET /twiki/bin/rdiff/TWiki/InstantEnhancements HTTP/1.1" 200 25123
64.242.88.10 - - [08/Mar/2004:02:33:28 -0800] "GET /twiki/bin/rdiff/TWiki/TWikiPreferences?rev1=1.47&rev2=1.46 HTTP/1.1" 200 4313
64.242.88.10 - - [08/Mar/2004:02:34:40 -0800] "GET /twiki/bin/view/Main/WebHome?rev=r1.24 HTTP/1.1" 200 9769
64.242.88.10 - - [08/Mar/2004:02:42:36 -0800] "GET /mailman/listinfo/ppwc HTTP/1.1" 200 6271
64.242.88.10 - - [08/Mar/2004:02:45:03 -0800] "GET /twiki/bin/search/TWiki/?scope=topic&regex=on&bookview=on&search=.* HTTP/1.1" 200 102399
64.242.88.10 - - [08/Mar/2004:02:46:12 -0800] "GET /twiki/bin/edit/Main/Local_recipient_maps?topicparent=Main.ConfigurationVariables HTTP/1.1" 401 12851
64.242.88.10 - - [08/Mar/2004:02:47:58 -0800] "GET /mailman/listinfo HTTP/1.1" 200 6893
lj1025.inktomisearch.com - - [08/Mar/2004:02:48:05 -0800] "GET /twiki/bin/oops/Main/KevinWGage HTTP/1.0" 200 209
prxint-sxb3.e-i.net - - [08/Mar/2004:02:50:53 -0800] "GET /twiki/bin/view/Main/WebHome HTTP/1.0" 200 10392
prxint-sxb3.e-i.net - - [08/Mar/2004:02:50:54 -0800] "GET /twiki/pub/TWiki/TWikiLogos/twikiRobot46x50.gif HTTP/1.0" 200 2877
64.242.88.10 - - [08/Mar/2004:02:52:39 -0800] "GET /twiki/bin/view/Main/PostfixCmd HTTP/1.1" 200 4173
prxint-sxb2.e-i.net - - [08/Mar/2004:02:54:29 -0800] "GET /twiki/bin/view/Main/SpamAssassinAndPostFix HTTP/1.0" 200 4022
64.242.88.10 - - [08/Mar/2004:02:54:54 -0800] "GET /twiki/bin/edit/TWiki/NewTopic?topicparent=TWiki.WikiSyntax HTTP/1.1" 401 12846
64.242.88.10 - - [08/Mar/2004:02:59:03 -0800] "GET /twiki/bin/rdiff/TWiki/TWikiSite HTTP/1.1" 200 71941
64.242.88.10 - - [08/Mar/2004:03:01:12 -0800] "GET /twiki/bin/rdiff/TWiki/SimultaneousEdits HTTP/1.1" 200 6180
64.242.88.10 - - [08/Mar/2004:03:06:31 -0800] "GET /twiki/bin/view/Main/NicholasLee?rev=1.2 HTTP/1.1" 200 3570
64.242.88.10 - - [08/Mar/2004:03:07:59 -0800] "GET /twiki/bin/view/TWiki/TWikiHistory?rev=1.9 HTTP/1.1" 200 15756
64.242.88.10 - - [08/Mar/2004:03:09:20 -0800] "GET /mailman/listinfo/ncbnpfaculty HTTP/1.1" 200 6331
64.242.88.10 - - [08/Mar/2004:03:11:28 -0800] "GET /twiki/bin/search/TWiki/SearchResult?scope=text&regex=on&search=Inter%20*Wikis[^A-Za-z] HTTP/1.1" 200 5113
64.242.88.10 - - [08/Mar/2004:03:16:22 -0800] "GET /twiki/bin/oops/TWiki/TextFormattingFAQ?template=oopsmore&param1=1.14&param2=1.14 HTTP/1.1" 200 11364
64.242.88.10 - - [08/Mar/2004:03:17:50 -0800] "GET /twiki/bin/rdiff/Main/WebTopicList HTTP/1.1" 200 8004
64.242.88.10 - - [08/Mar/2004:03:21:16 -0800] "GET /ie.htm HTTP/1.1" 200 3518
64.242.88.10 - - [08/Mar/2004:03:26:06 -0800] "GET /mailman/private/mlc/ HTTP/1.1" 200 1528
64.242.88.10 - - [08/Mar/2004:03:28:02 -0800] "GET /twiki/bin/view/TWiki/WikiName HTTP/1.1" 200 4811
64.242.88.10 - - [08/Mar/2004:03:33:52 -0800] "GET /twiki/bin/rdiff/Main/WebRss HTTP/1.1" 200 20726
64.242.88.10 - - [08/Mar/2004:03:35:42 -0800] "GET /twiki/bin/rdiff/TWiki/SvenDowideit?rev1=1.2&rev2=1.1 HTTP/1.1" 200 5277
rouble.cc.strath.ac.uk - - [08/Mar/2004:03:40:51 -0800] "GET /razor.html HTTP/1.0" 200 2869
213.181.81.4 - - [08/Mar/2004:03:42:20 -0800] "GET /LateEmail.html HTTP/1.0" 200 7649
64.242.88.10 - - [08/Mar/2004:03:46:27 -0800] "GET /twiki/bin/edit/Main/Deliver_lock_attempts?topicparent=Main.ConfigurationVariables HTTP/1.1" 401 12846
64.242.88.10 - - [08/Mar/2004:03:48:18 -0800] "GET /twiki/bin/edit/Main/Daemon_directory?topicparent=Main.ConfigurationVariables HTTP/1.1" 401 12846
64.242.88.10 - - [08/Mar/2004:03:49:24 -0800] "GET /twiki/bin/rdiff/TWiki/KlausWriessnegger?rev1=1.2&rev2=1.1 HTTP/1.1" 200 5421
64.242.88.10 - - [08/Mar/2004:03:51:05 -0800] "GET /twiki/bin/view/Main/TWikiGuest?rev=1.4 HTTP/1.1" 200 4719
64.242.88.10 - - [08/Mar/2004:03:52:17 -0800] "GET /twiki/bin/edit/Main/Relayhost?topicparent=Main.ConfigurationVariables HTTP/1.1" 401 12846
lj1036.inktomisearch.com - - [08/Mar/2004:03:53:59 -0800] "GET /robots.txt HTTP/1.0" 200 68
lj1159.inktomisearch.com - - [08/Mar/2004:03:54:03 -0800] "GET /twiki/bin/oops/Main/TWi HTTP/1.0" 200 209
64.242.88.10 - - [08/Mar/2004:03:55:09 -0800] "GET /twiki/bin/edit/Main/BookView?topicparent=Main.TWikiVariables HTTP/1.1" 401 12846
64.242.88.10 - - [08/Mar/2004:04:16:08 -0800] "GET /twiki/bin/rdiff/TWiki/DeleteOrRenameATopic HTTP/1.1" 200 10254
64.242.88.10 - - [08/Mar/2004:04:18:28 -0800] "GET /twiki/bin/view/TWiki/DavidWarman HTTP/1.1" 200 3739
64.242.88.10 - - [08/Mar/2004:04:20:48 -0800] "GET /twiki/bin/view/TWiki/TextFormattingRules?rev=r1.28 HTTP/1.1" 200 22777
64.242.88.10 - - [08/Mar/2004:04:21:53 -0800] "GET /twiki/bin/rdiff/Main/PeterThoeny HTTP/1.1" 200 18927
64.242.88.10 - - [08/Mar/2004:04:22:55 -0800] "GET /twiki/bin/edit/TWiki/SvenDowideit?t=1078710644 HTTP/1.1" 401 12846
64.242.88.10 - - [08/Mar/2004:04:24:47 -0800] "GET /twiki/bin/edit/Main/RBLsHowTo?t=1078668449 HTTP/1.1" 401 12846
prxint-sxb3.e-i.net - - [08/Mar/2004:04:25:38 -0800] "GET /twiki/bin/view/Main/SpamAssassinTaggingOnly HTTP/1.0" 200 5672
prxint-sxb3.e-i.net - - [08/Mar/2004:04:25:44 -0800] "GET /twiki/bin/view/Main/WebHome HTTP/1.0" 200 10392
prxint-sxb3.e-i.net - - [08/Mar/2004:04:26:02 -0800] "GET /twiki/bin/view/Main/SideBar HTTP/1.0" 200 3960
64.242.88.10 - - [08/Mar/2004:04:26:02 -0800] "GET /twiki/bin/rdiff/TWiki/DefaultPlugin?rev1=1.5&rev2=1.4 HTTP/1.1" 200 4911
prxint-sxb3.e-i.net - - [08/Mar/2004:04:26:11 -0800] "GET /twiki/bin/view/Main/LinksOfUse HTTP/1.0" 200 4515
prxint-sxb3.e-i.net - - [08/Mar/2004:04:28:34 -0800] "GET /twiki/bin/view/Main/RelayGateway HTTP/1.0" 200 4213
prxint-sxb3.e-i.net - - [08/Mar/2004:04:28:38 -0800] "GET /twiki/bin/view/Main/PostfixCommands HTTP/1.0" 200 4004
prxint-sxb3.e-i.net - - [08/Mar/2004:04:28:41 -0800] "GET /twiki/bin/view/Main/PostfixCmd HTTP/1.0" 200 4154
64.242.88.10 - - [08/Mar/2004:04:28:42 -0800] "GET /twiki/bin/rdiff/TWiki/TWikiHistory?rev1=1.61&rev2=1.60 HTTP/1.1" 200 4898
prxint-sxb3.e-i.net - - [08/Mar/2004:04:28:52 -0800] "GET /twiki/bin/view/Main/PostSuper HTTP/1.0" 200 3617
prxint-sxb3.e-i.net - - [08/Mar/2004:04:29:00 -0800] "GET /twiki/bin/view/Main/RBLsHowTo HTTP/1.0" 200 4646
prxint-sxb3.e-i.net - - [08/Mar/2004:04:29:11 -0800] "GET /twiki/bin/view/Main/ConfigurationVariables HTTP/1.0" 200 58169
prxint-sxb3.e-i.net - - [08/Mar/2004:04:29:21 -0800] "GET /twiki/bin/edit/Main/Propagate_unmatched_extensions?topicparent=Main.ConfigurationVariables HTTP/1.0" 401 12816
prxint-sxb3.e-i.net - - [08/Mar/2004:04:29:30 -0800] "GET /twiki/pub/TWiki/TWikiDocGraphics/help.gif HTTP/1.0" 200 130
64.242.88.10 - - [08/Mar/2004:04:33:25 -0800] "GET /mailman/admin/hs_support HTTP/1.1" 200 2120
64.242.88.10 - - [08/Mar/2004:04:40:32 -0800] "GET /twiki/bin/edit/Main/Always_bcc?topicparent=Main.ConfigurationVariables HTTP/1.1" 401 12846
64.242.88.10 - - [08/Mar/2004:04:43:52 -0800] "GET /twiki/bin/view/TWiki/WelcomeGuest?rev=r1.5 HTTP/1.1" 200 9492
64.242.88.10 - - [08/Mar/2004:04:52:13 -0800] "GET /twiki/bin/rdiff/Main/TWikiGuest?rev1=1.5&rev2=1.4 HTTP/1.1" 200 6233
64.242.88.10 - - [08/Mar/2004:04:55:40 -0800] "GET /twiki/bin/edit/Main/Delay_warning_time?topicparent=Main.ConfigurationVariables HTTP/1.1" 401 12846
64.242.88.10 - - [08/Mar/2004:04:59:13 -0800] "GET /twiki/bin/edit/TWiki/KlausWriessnegger?t=1078709735 HTTP/1.1" 401 12846
64.242.88.10 - - [08/Mar/2004:05:00:42 -0800] "GET /twiki/bin/rdiff/TWiki/StanleyKnutson HTTP/1.1" 200 5327
p213.54.168.132.tisdip.tiscali.de - - [08/Mar/2004:05:00:44 -0800] "GET /twiki/bin/view/Main/WebHome HTTP/1.1" 200 10419
p213.54.168.132.tisdip.tiscali.de - - [08/Mar/2004:05:00:45 -0800] "GET /twiki/pub/TWiki/TWikiLogos/twikiRobot46x50.gif HTTP/1.1" 200 2877
p213.54.168.132.tisdip.tiscali.de - - [08/Mar/2004:05:00:46 -0800] "GET /favicon.ico HTTP/1.1" 200 1078
p213.54.168.132.tisdip.tiscali.de - - [08/Mar/2004:05:00:52 -0800] "GET /twiki/bin/view/Main/WebHome HTTP/1.1" 200 10419
p213.54.168.132.tisdip.tiscali.de - - [08/Mar/2004:05:01:02 -0800] "GET /twiki/bin/view/Main/SpamAssassinAndPostFix HTTP/1.1" 200 4034
p213.54.168.132.tisdip.tiscali.de - - [08/Mar/2004:05:01:14 -0800] "GET /twiki/bin/view/Main/SpamAssassinTaggingOnly HTTP/1.1" 200 5691
64.242.88.10 - - [08/Mar/2004:05:01:58 -0800] "GET /twiki/bin/view/TWiki/WhatIsWikiWiki HTTP/1.1" 200 4234
200.160.249.68.bmf.com.br - - [08/Mar/2004:05:02:06 -0800] "GET /twiki/bin/view/Main/WebHome HTTP/1.0" 200 10392
200.160.249.68.bmf.com.br - - [08/Mar/2004:05:02:07 -0800] "GET /twiki/pub/TWiki/TWikiLogos/twikiRobot46x50.gif HTTP/1.0" 200 2877
64.242.88.10 - - [08/Mar/2004:05:03:13 -0800] "GET /twiki/bin/view/Main/WebIndex?rev=1.1 HTTP/1.1" 200 44960
64.242.88.10 - - [08/Mar/2004:05:13:35 -0800] "GET /mailman/private/hs_support/ HTTP/1.1" 200 1549
68-174-110-154.nyc.rr.com - - [08/Mar/2004:05:16:15 -0800] "GET /razor.html HTTP/1.1" 200 2869
68-174-110-154.nyc.rr.com - - [08/Mar/2004:05:16:20 -0800] "GET /favicon.ico HTTP/1.1" 200 1078
64.242.88.10 - - [08/Mar/2004:05:22:57 -0800] "GET /twiki/bin/attach/Sandbox/WebHome HTTP/1.1" 401 12846
p213.54.168.132.tisdip.tiscali.de - - [08/Mar/2004:05:23:37 -0800] "GET /twiki/bin/view/Main/SpamAssassinDeleting HTTP/1.1" 200 5543
66-194-6-70.gen.twtelecom.net - - [08/Mar/2004:05:24:18 -0800] "GET / HTTP/1.1" 200 3169
64.242.88.10 - - [08/Mar/2004:05:24:29 -0800] "GET /twiki/bin/edit/TWiki/UnchangeableTopicBug?topicparent=TWiki.TWikiHistory HTTP/1.1" 401 12846
p213.54.168.132.tisdip.tiscali.de - - [08/Mar/2004:05:24:50 -0800] "GET /twiki/bin/view/Main/SpamAssassinUsingRazorAndDCC HTTP/1.1" 200 7435
p213.54.168.132.tisdip.tiscali.de - - [08/Mar/2004:05:25:46 -0800] "GET /twiki/bin/view/Main/Postfix HTTP/1.1" 200 3699
64.242.88.10 - - [08/Mar/2004:05:26:02 -0800] "GET /twiki/bin/view/Main/TWikiGuest?skin=print HTTP/1.1" 200 2372
p213.54.168.132.tisdip.tiscali.de - - [08/Mar/2004:05:26:06 -0800] "GET /twiki/bin/edit/Main/UvscanAndPostFix?topicparent=Main.WebHome HTTP/1.1" 401 12851
p213.54.168.132.tisdip.tiscali.de - - [08/Mar/2004:05:26:08 -0800] "GET /twiki/pub/TWiki/TWikiDocGraphics/help.gif HTTP/1.1" 200 130
p213.54.168.132.tisdip.tiscali.de - - [08/Mar/2004:05:26:16 -0800] "GET /twiki/bin/view/Main/DCCAndPostFix HTTP/1.1" 200 5253
64.242.88.10 - - [08/Mar/2004:05:30:07 -0800] "GET /twiki/bin/view/TWiki/SvenDowideit?rev=1.1 HTTP/1.1" 200 3564
64.242.88.10 - - [08/Mar/2004:05:31:47 -0800] "GET /twiki/bin/edit/Main/Maps_rbl_reject_code?topicparent=Main.ConfigurationVariables HTTP/1.1" 401 12846
lj1027.inktomisearch.com - - [08/Mar/2004:05:32:01 -0800] "GET /twiki/bin/view/TWiki/2fa HTTP/1.0" 200 4615
64.242.88.10 - - [08/Mar/2004:05:34:33 -0800] "GET /twiki/bin/search/Main/SearchResult?scope=text&regex=on&search=Web%20*Changes[^A-Za-z] HTTP/1.1" 200 4829
64.242.88.10 - - [08/Mar/2004:05:36:56 -0800] "GET /twiki/bin/edit/Main/WebStatistics?t=1078690975 HTTP/1.1" 401 12851
68-174-110-154.nyc.rr.com - - [08/Mar/2004:05:38:57 -0800] "GET /razor.html HTTP/1.1" 304 -
64.242.88.10 - - [08/Mar/2004:05:42:06 -0800] "GET /twiki/bin/view/Main/RelayGateway?rev=1.3 HTTP/1.1" 200 4232
64.242.88.10 - - [08/Mar/2004:05:47:38 -0800] "GET /robots.txt HTTP/1.1" 200 68
64.242.88.10 - - [08/Mar/2004:05:48:48 -0800] "GET /twiki/bin/rdiff/TWiki/KevinKinnell?rev1=1.4&rev2=1.3 HTTP/1.1" 200 4369
64.242.88.10 - - [08/Mar/2004:05:51:45 -0800] "GET /twiki/bin/view/TWiki/WelcomeGuest?rev=r1.11 HTTP/1.1" 200 13102
64.242.88.10 - - [08/Mar/2004:05:56:08 -0800] "GET /twiki/bin/view/TWiki/TWikiRegistration?rev=r1.4 HTTP/1.1" 200 12113
64.242.88.10 - - [08/Mar/2004:05:57:15 -0800] "GET /twiki/bin/edit/TWiki/TWikiCodevTWikiEnhancementRequests?topicparent=TWiki.TWikiHistory HTTP/1.1" 401 12851
64.242.88.10 - - [08/Mar/2004:05:58:39 -0800] "GET /twiki/bin/search/TWiki/SearchResult?scope=text&regex=on&search=Peter%20*Fokkinga[^A-Za-z] HTTP/1.1" 200 4388
64.242.88.10 - - [08/Mar/2004:06:01:51 -0800] "GET /twiki/bin/attach/Main/WebPreferences HTTP/1.1" 401 12851
64.242.88.10 - - [08/Mar/2004:06:09:37 -0800] "GET /mailman/admin/hs_rcafaculty HTTP/1.1" 200 2144
64.242.88.10 - - [08/Mar/2004:06:17:13 -0800] "GET /twiki/bin/rdiff/TWiki/WebChanges HTTP/1.1" 200 114167
64.242.88.10 - - [08/Mar/2004:06:20:36 -0800] "GET /twiki/bin/view/Main/JorisBenschop?skin=print HTTP/1.1" 200 2717
64.242.88.10 - - [08/Mar/2004:06:23:52 -0800] "GET /twiki/bin/edit/TWiki/TestArea?topicparent=TWiki.WelcomeGuest HTTP/1.1" 401 12846
64.242.88.10 - - [08/Mar/2004:06:32:14 -0800] "GET /twiki/bin/view/TWiki/WelcomeGuest?rev=r1.6 HTTP/1.1" 200 12620
64.242.88.10 - - [08/Mar/2004:06:37:19 -0800] "GET /twiki/bin/rdiff/TWiki/HaroldGottschalk?rev1=1.2&rev2=1.1 HTTP/1.1" 200 5389
64.242.88.10 - - [08/Mar/2004:06:41:22 -0800] "GET /pipermail/techcomm/ HTTP/1.1" 200 1176
64.242.88.10 - - [08/Mar/2004:06:42:29 -0800] "GET /twiki/bin/view/TWiki/TextFormattingRules?rev=r1.19 HTTP/1.1" 200 20488
64.242.88.10 - - [08/Mar/2004:06:43:32 -0800] "GET /twiki/bin/edit/Sandbox/TestTopic2?topicparent=Sandbox.WebHome HTTP/1.1" 401 12846
128.227.88.79 - - [08/Mar/2004:06:47:41 -0800] "GET /twiki/bin/view/Main/WebHome HTTP/1.1" 200 10419
128.227.88.79 - - [08/Mar/2004:06:47:41 -0800] "GET /twiki/pub/TWiki/TWikiLogos/twikiRobot46x50.gif HTTP/1.1" 200 2877
64.242.88.10 - - [08/Mar/2004:06:49:27 -0800] "GET /twiki/bin/attach/TWiki/InterWikis HTTP/1.1" 401 12846
64.242.88.10 - - [08/Mar/2004:06:54:30 -0800] "GET /twiki/bin/rdiff/TWiki/TWikiSkins?rev1=1.11&rev2=1.10 HTTP/1.1" 200 5711
64.242.88.10 - - [08/Mar/2004:06:57:09 -0800] "GET /twiki/bin/rdiff/TWiki/WebNotify HTTP/1.1" 200 11780
128.227.88.79 - - [08/Mar/2004:06:57:46 -0800] "GET /twiki/bin/view/Main/WebHome HTTP/1.1" 200 10419
128.227.88.79 - - [08/Mar/2004:06:57:46 -0800] "GET /twiki/pub/TWiki/TWikiLogos/twikiRobot46x50.gif HTTP/1.1" 304 -
64.242.88.10 - - [08/Mar/2004:07:00:15 -0800] "GET /twiki/bin/view/TWiki/DontNotify?rev=1.1 HTTP/1.1" 200 3965
64.242.88.10 - - [08/Mar/2004:07:07:13 -0800] "GET /twiki/bin/edit/Main/Masquerade_classes?topicparent=Main.ConfigurationVariables HTTP/1.1" 401 12846
128.227.88.79 - - [08/Mar/2004:07:09:12 -0800] "GET /twiki/bin/view/Main/SpamAssassin HTTP/1.1" 200 4081
64.242.88.10 - - [08/Mar/2004:07:09:21 -0800] "GET /twiki/bin/view/Main/WebPreferences?rev=r1.10 HTTP/1.1" 200 8312
64.242.88.10 - - [08/Mar/2004:07:10:26 -0800] "GET /twiki/bin/view/TWiki/HaroldGottschalk?rev=1.2 HTTP/1.1" 200 3774
64.242.88.10 - - [08/Mar/2004:07:11:37 -0800] "GET /twiki/bin/edit/TWiki/TWikiCodevTWikiPlannedFeatures?topicparent=TWiki.TWikiHistory HTTP/1.1" 401 12851
64.242.88.10 - - [08/Mar/2004:07:12:39 -0800] "GET /twiki/bin/view/TWiki/TWikiHistory?rev=r1.44 HTTP/1.1" 200 41434
64.242.88.10 - - [08/Mar/2004:07:22:13 -0800] "GET /twiki/bin/view/TWiki/PeterFokkinga?rev=1.2 HTTP/1.1" 200 3748
64.242.88.10 - - [08/Mar/2004:07:23:38 -0800] "GET /twiki/bin/edit/TWiki/TWikiPlugins?t=1078696313 HTTP/1.1" 401 12846
64.242.88.10 - - [08/Mar/2004:07:24:43 -0800] "GET /mailman/listinfo/webct HTTP/1.1" 200 6377
64.242.88.10 - - [08/Mar/2004:07:25:56 -0800] "GET /razor.html HTTP/1.1" 200 2869
64.242.88.10 - - [08/Mar/2004:07:27:01 -0800] "GET /mailman/listinfo/faculty HTTP/1.1" 200 6054
61.9.4.61 - - [08/Mar/2004:07:27:36 -0800] "GET /_vti_bin/owssvr.dll?UL=1&ACT=4&BUILD=2614&STRMVER=4&CAPREQ=0 HTTP/1.0" 404 284
61.9.4.61 - - [08/Mar/2004:07:27:36 -0800] "GET /SpamAssassin.html HTTP/1.0" 200 7368
61.9.4.61 - - [08/Mar/2004:07:27:37 -0800] "GET /MSOffice/cltreq.asp?UL=1&ACT=4&BUILD=2614&STRMVER=4&CAPREQ=0 HTTP/1.0" 404 284
64.242.88.10 - - [08/Mar/2004:07:28:29 -0800] "GET /mailman/admin/sswk HTTP/1.1" 200 2072
64.242.88.10 - - [08/Mar/2004:07:29:56 -0800] "GET /mailman/listinfo/purchasing HTTP/1.1" 200 6050
64.242.88.10 - - [08/Mar/2004:07:35:50 -0800] "GET /twiki/bin/edit/Main/Invalid_hostname_reject_code?topicparent=Main.ConfigurationVariables HTTP/1.1" 401 12846
64.242.88.10 - - [08/Mar/2004:07:39:31 -0800] "GET /twiki/bin/rdiff/Main/WebPreferences?rev1=1.14&rev2=1.13 HTTP/1.1" 200 7207
64.242.88.10 - - [08/Mar/2004:07:40:54 -0800] "GET /twiki/bin/rename/TWiki/TWikiHistory HTTP/1.1" 401 12846
64.242.88.10 - - [08/Mar/2004:07:43:21 -0800] "GET /twiki/bin/view/TWiki/SearchDoesNotWork?rev=r1.2 HTTP/1.1" 200 4072
64.242.88.10 - - [08/Mar/2004:07:44:53 -0800] "GET /twiki/bin/view/TWiki/TWikiHistory?rev=r1.50 HTTP/1.1" 200 42285
64.242.88.10 - - [08/Mar/2004:07:49:56 -0800] "GET /twiki/bin/edit/TWiki/RyanFreebern?t=1078701457 HTTP/1.1" 401 12846
64.242.88.10 - - [08/Mar/2004:07:51:39 -0800] "GET /twiki/bin/view/Main/WebPreferences?rev=r1.2 HTTP/1.1" 200 6061
64.242.88.10 - - [08/Mar/2004:07:53:19 -0800] "GET /twiki/bin/rdiff/TWiki/WebTopicEditTemplate HTTP/1.1" 200 7895
mcl02.cnc.bc.ca - - [08/Mar/2004:07:53:37 -0800] "GET /ie.htm HTTP/1.1" 200 3518
mcl02.cnc.bc.ca - - [08/Mar/2004:07:53:38 -0800] "GET /images/image005.jpg HTTP/1.1" 200 21125
mcl02.cnc.bc.ca - - [08/Mar/2004:07:53:38 -0800] "GET /images/image004.jpg HTTP/1.1" 200 10936
mcl02.cnc.bc.ca - - [08/Mar/2004:07:53:38 -0800] "GET /images/msgops.JPG HTTP/1.1" 200 7939
64.242.88.10 - - [08/Mar/2004:07:54:30 -0800] "GET /twiki/bin/edit/Main/Unknown_local_recipient_reject_code?topicparent=Main.ConfigurationVariables HTTP/1.1" 401 12846
64.242.88.10 - - [08/Mar/2004:07:56:34 -0800] "GET /twiki/bin/search/Main/SearchResult?scope=text&regex=on&search=Web%20*Index[^A-Za-z] HTTP/1.1" 200 4163
64.242.88.10 - - [08/Mar/2004:08:04:46 -0800] "GET /SpamAssassin.html HTTP/1.1" 200 7368
p5083cd5d.dip0.t-ipconnect.de - - [08/Mar/2004:08:09:32 -0800] "GET /SpamAssassin.html HTTP/1.0" 200 7368
64.242.88.10 - - [08/Mar/2004:08:12:50 -0800] "GET /twiki/bin/view/TWiki/ChangePassword?rev=r1.6 HTTP/1.1" 200 5181
64.242.88.10 - - [08/Mar/2004:08:14:15 -0800] "GET /twiki/bin/edit/TWiki/HaroldGottschalk?t=1078717948 HTTP/1.1" 401 12846
64.242.88.10 - - [08/Mar/2004:08:15:21 -0800] "GET /twiki/bin/edit/Main/Expand_owner_alias?topicparent=Main.ConfigurationVariables HTTP/1.1" 401 12846
64.242.88.10 - - [08/Mar/2004:08:17:09 -0800] "GET /twiki/bin/view/Main/WebIndex?rev=r1.2 HTTP/1.1" 200 45059
64.242.88.10 - - [08/Mar/2004:08:18:52 -0800] "GET /rfc.html HTTP/1.1" 200 3103
pool-68-160-195-60.ny325.east.verizon.net - - [08/Mar/2004:08:21:00 -0800] "GET / HTTP/1.1" 200 3169
pool-68-160-195-60.ny325.east.verizon.net - - [08/Mar/2004:08:21:00 -0800] "GET /favicon.ico HTTP/1.1" 200 1078
64.242.88.10 - - [08/Mar/2004:08:21:47 -0800] "GET /twiki/bin/search/Main/SearchResult?scope=text&regex=on&search=RBLs%20*How%20*To[^A-Za-z] HTTP/1.1" 200 3575
64.242.88.10 - - [08/Mar/2004:08:25:37 -0800] "GET /twiki/bin/rdiff/TWiki/WebTopicEditTemplate?rev1=1.5&rev2=1.4 HTTP/1.1" 200 4212
212.92.37.62 - - [08/Mar/2004:08:26:41 -0800] "GET / HTTP/1.1" 200 3169
212.92.37.62 - - [08/Mar/2004:08:27:04 -0800] "GET /twiki/bin/view/Main/WebHome HTTP/1.1" 200 10419
212.92.37.62 - - [08/Mar/2004:08:27:08 -0800] "GET /twiki/pub/TWiki/TWikiLogos/twikiRobot46x50.gif HTTP/1.1" 200 2877
64.242.88.10 - - [08/Mar/2004:08:27:14 -0800] "GET /twiki/bin/rdiff/Main/SpamAssassin HTTP/1.1" 200 4445
212.92.37.62 - - [08/Mar/2004:08:27:23 -0800] "GET /twiki/bin/view/Main/SpamAssassinAndPostFix HTTP/1.1" 200 4034
212.92.37.62 - - [08/Mar/2004:08:27:28 -0800] "GET /twiki/bin/view/Main/SpamAssassinTaggingOnly HTTP/1.1" 200 5691
64.242.88.10 - - [08/Mar/2004:08:28:23 -0800] "GET /twiki/bin/rdiff/Main/TokyoOffice?rev1=1.2&rev2=1.1 HTTP/1.1" 200 7316
64.242.88.10 - - [08/Mar/2004:08:29:36 -0800] "GET /twiki/bin/view/TWiki/TWikiCategoryTable HTTP/1.1" 200 3729
219.95.17.51 - - [08/Mar/2004:08:29:57 -0800] "GET / HTTP/1.1" 200 3169
212.92.37.62 - - [08/Mar/2004:08:30:25 -0800] "GET /twiki/bin/view/Main/SpamAssassinDeleting HTTP/1.1" 200 5543
212.92.37.62 - - [08/Mar/2004:08:31:37 -0800] "GET /twiki/bin/view/Main/DCCAndPostFix HTTP/1.1" 200 5253
10.0.0.153 - - [08/Mar/2004:08:32:24 -0800] "GET / HTTP/1.1" 304 -
10.0.0.153 - - [08/Mar/2004:08:32:27 -0800] "GET /twiki/bin/view/Main/WebHome HTTP/1.1" 200 10419
10.0.0.153 - - [08/Mar/2004:08:32:27 -0800] "GET /twiki/pub/TWiki/TWikiLogos/twikiRobot46x50.gif HTTP/1.1" 304 -
212.92.37.62 - - [08/Mar/2004:08:32:34 -0800] "GET /twiki/bin/view/Main/SpamAssassinUsingRazorAndDCC HTTP/1.1" 200 7435
212.92.37.62 - - [08/Mar/2004:08:33:27 -0800] "GET /twiki/bin/view/Main/PostfixCommands HTTP/1.1" 200 4016
212.92.37.62 - - [08/Mar/2004:08:33:30 -0800] "GET /twiki/bin/view/Main/PostfixCmd HTTP/1.1" 200 4173
212.92.37.62 - - [08/Mar/2004:08:33:39 -0800] "GET /twiki/bin/view/Main/PostSuper HTTP/1.1" 200 3629
64.242.88.10 - - [08/Mar/2004:08:33:51 -0800] "GET /twiki/bin/view/Main/WebPreferences?rev=r1.14 HTTP/1.1" 200 8820
212.92.37.62 - - [08/Mar/2004:08:33:52 -0800] "GET /twiki/bin/view/Main/SideBar HTTP/1.1" 200 3972
212.92.37.62 - - [08/Mar/2004:08:33:57 -0800] "GET /twiki/bin/view/Main/DCCGraphs HTTP/1.1" 200 5402
212.92.37.62 - - [08/Mar/2004:08:34:09 -0800] "GET /SpamAssassin.html HTTP/1.1" 200 7368
64.242.88.10 - - [08/Mar/2004:08:34:53 -0800] "GET /twiki/bin/rdiff/TWiki/TWikiHistory?rev1=1.8&rev2=1.7 HTTP/1.1" 200 4972
64.242.88.10 - - [08/Mar/2004:08:36:05 -0800] "GET /twiki/bin/view/TWiki/ChangePassword?rev=r1.3 HTTP/1.1" 200 5229
92-moc-6.acn.waw.pl - - [08/Mar/2004:08:37:14 -0800] "GET /twiki/bin/view/Main/SpamAssassinAndPostFix HTTP/1.1" 200 4034
92-moc-6.acn.waw.pl - - [08/Mar/2004:08:37:14 -0800] "GET /twiki/pub/TWiki/TWikiLogos/twikiRobot46x50.gif HTTP/1.1" 304 -
92-moc-6.acn.waw.pl - - [08/Mar/2004:08:37:17 -0800] "GET /twiki/bin/view/Main/SpamAssassinTaggingOnly HTTP/1.1" 200 5691
64.242.88.10 - - [08/Mar/2004:08:37:23 -0800] "GET /twiki/bin/attach/TWiki/HaroldGottschalk HTTP/1.1" 401 12846
66.213.206.2 - - [08/Mar/2004:08:37:53 -0800] "GET / HTTP/1.1" 200 3169
64.242.88.10 - - [08/Mar/2004:08:40:15 -0800] "GET /LateEmail.html HTTP/1.1" 200 7649
64.242.88.10 - - [08/Mar/2004:08:52:13 -0800] "GET /twiki/bin/view/TWiki/TextFormattingRules?rev=r1.15 HTTP/1.1" 200 16746
64.242.88.10 - - [08/Mar/2004:08:53:17 -0800] "GET /twiki/bin/view/TWiki/TWikiTutorial HTTP/1.1" 200 14485
64.242.88.10 - - [08/Mar/2004:08:55:12 -0800] "GET /mailman/private/dentalstudies/ HTTP/1.1" 200 1558
spot.nnacorp.com - - [08/Mar/2004:09:02:14 -0800] "GET / HTTP/1.1" 200 3169
spot.nnacorp.com - - [08/Mar/2004:09:02:21 -0800] "GET /twiki/bin/view/Main/WebHome HTTP/1.1" 200 10419
spot.nnacorp.com - - [08/Mar/2004:09:02:21 -0800] "GET /twiki/pub/TWiki/TWikiLogos/twikiRobot46x50.gif HTTP/1.1" 200 2877
10.0.0.153 - - [08/Mar/2004:09:02:29 -0800] "GET / HTTP/1.1" 304 -
10.0.0.153 - - [08/Mar/2004:09:02:31 -0800] "GET /cgi-bin/mailgraph2.cgi HTTP/1.1" 200 2987
10.0.0.153 - - [08/Mar/2004:09:02:32 -0800] "GET /cgi-bin/mailgraph.cgi/mailgraph_0_err.png HTTP/1.1" 200 7326
10.0.0.153 - - [08/Mar/2004:09:02:32 -0800] "GET /cgi-bin/mailgraph.cgi/mailgraph_0.png HTTP/1.1" 200 7927
10.0.0.153 - - [08/Mar/2004:09:02:32 -0800] "GET /cgi-bin/mailgraph.cgi/mailgraph_1_err.png HTTP/1.1" 200 7182
10.0.0.153 - - [08/Mar/2004:09:02:32 -0800] "GET /cgi-bin/mailgraph.cgi/mailgraph_1.png HTTP/1.1" 200 8866
10.0.0.153 - - [08/Mar/2004:09:02:32 -0800] "GET /cgi-bin/mailgraph.cgi/mailgraph_2.png HTTP/1.1" 200 9307
10.0.0.153 - - [08/Mar/2004:09:02:32 -0800] "GET /cgi-bin/mailgraph.cgi/mailgraph_2_err.png HTTP/1.1" 200 6805
10.0.0.153 - - [08/Mar/2004:09:02:32 -0800] "GET /cgi-bin/mailgraph.cgi/mailgraph_3.png HTTP/1.1" 200 6596
10.0.0.153 - - [08/Mar/2004:09:02:32 -0800] "GET /cgi-bin/mailgraph.cgi/mailgraph_3_err.png HTTP/1.1" 200 5499
spot.nnacorp.com - - [08/Mar/2004:09:02:54 -0800] "GET /twiki/bin/view/Main/TWikiUsers HTTP/1.1" 200 6697
spot.nnacorp.com - - [08/Mar/2004:09:02:54 -0800] "GET /twiki/pub/TWiki/TWikiLogos/twikiRobot46x50.gif HTTP/1.1" 304 -
64.242.88.10 - - [08/Mar/2004:09:03:18 -0800] "GET /dccstats/index.html HTTP/1.1" 200 2955
64.242.88.10 - - [08/Mar/2004:09:05:54 -0800] "GET /twiki/bin/edit/Sandbox/TestTopic6?topicparent=Sandbox.WebHome HTTP/1.1" 401 12846
64.242.88.10 - - [08/Mar/2004:09:09:55 -0800] "GET /twiki/bin/view/TWiki/TablePlugin?skin=print HTTP/1.1" 200 1572
64.242.88.10 - - [08/Mar/2004:09:12:54 -0800] "GET /twiki/bin/search/Main/SearchResult?scope=text&regex=on&search=Spam%20*Assassin[^A-Za-z] HTTP/1.1" 200 8782
lhr003a.dhl.com - - [08/Mar/2004:09:16:26 -0800] "GET / HTTP/1.0" 200 3169
lhr003a.dhl.com - - [08/Mar/2004:09:17:16 -0800] "GET /dccstats/index.html HTTP/1.0" 200 2955
lhr003a.dhl.com - - [08/Mar/2004:09:17:17 -0800] "GET /dccstats/stats-spam.1day.png HTTP/1.0" 200 3040
lhr003a.dhl.com - - [08/Mar/2004:09:17:17 -0800] "GET /dccstats/stats-spam-ratio.1week.png HTTP/1.0" 200 2341
lhr003a.dhl.com - - [08/Mar/2004:09:17:17 -0800] "GET /dccstats/stats-spam-ratio.1day.png HTTP/1.0" 200 2271
lhr003a.dhl.com - - [08/Mar/2004:09:17:17 -0800] "GET /dccstats/stats-spam.1week.png HTTP/1.0" 200 3302
lhr003a.dhl.com - - [08/Mar/2004:09:17:17 -0800] "GET /dccstats/stats-hashes.1week.png HTTP/1.0" 200 1663
lhr003a.dhl.com - - [08/Mar/2004:09:17:17 -0800] "GET /dccstats/stats-spam.1month.png HTTP/1.0" 200 2521
lhr003a.dhl.com - - [08/Mar/2004:09:17:17 -0800] "GET /dccstats/stats-spam-ratio.1month.png HTTP/1.0" 200 1918
lhr003a.dhl.com - - [08/Mar/2004:09:17:17 -0800] "GET /dccstats/stats-hashes.1month.png HTTP/1.0" 200 1580
lhr003a.dhl.com - - [08/Mar/2004:09:17:17 -0800] "GET /dccstats/stats-spam.1year.png HTTP/1.0" 200 2202
lhr003a.dhl.com - - [08/Mar/2004:09:17:18 -0800] "GET /dccstats/stats-spam-ratio.1year.png HTTP/1.0" 200 1822
lhr003a.dhl.com - - [08/Mar/2004:09:17:18 -0800] "GET /dccstats/stats-hashes.1year.png HTTP/1.0" 200 1526
10.0.0.153 - - [08/Mar/2004:09:18:53 -0800] "GET / HTTP/1.1" 304 -
10.0.0.153 - - [08/Mar/2004:09:18:56 -0800] "GET /dccstats/index.html HTTP/1.1" 304 -
10.0.0.153 - - [08/Mar/2004:09:18:57 -0800] "GET /dccstats/stats-spam.1day.png HTTP/1.1" 200 3040
10.0.0.153 - - [08/Mar/2004:09:18:57 -0800] "GET /dccstats/stats-spam-ratio.1day.png HTTP/1.1" 200 2271
10.0.0.153 - - [08/Mar/2004:09:18:57 -0800] "GET /dccstats/stats-spam-ratio.1week.png HTTP/1.1" 200 2341
10.0.0.153 - - [08/Mar/2004:09:18:57 -0800] "GET /dccstats/stats-spam.1week.png HTTP/1.1" 200 3302
10.0.0.153 - - [08/Mar/2004:09:18:57 -0800] "GET /dccstats/stats-hashes.1month.png HTTP/1.1" 200 1580
10.0.0.153 - - [08/Mar/2004:09:18:57 -0800] "GET /dccstats/stats-spam-ratio.1month.png HTTP/1.1" 200 1918
10.0.0.153 - - [08/Mar/2004:09:18:57 -0800] "GET /dccstats/stats-hashes.1week.png HTTP/1.1" 200 1663
10.0.0.153 - - [08/Mar/2004:09:18:57 -0800] "GET /dccstats/stats-spam.1year.png HTTP/1.1" 200 2202
10.0.0.153 - - [08/Mar/2004:09:18:57 -0800] "GET /dccstats/stats-spam.1month.png HTTP/1.1" 200 2521
10.0.0.153 - - [08/Mar/2004:09:18:57 -0800] "GET /dccstats/stats-spam-ratio.1year.png HTTP/1.1" 200 1822
10.0.0.153 - - [08/Mar/2004:09:18:57 -0800] "GET /dccstats/stats-hashes.1year.png HTTP/1.1" 200 1526
64.242.88.10 - - [08/Mar/2004:09:23:03 -0800] "GET /twiki/bin/view/TWiki/SearchDoesNotWork?rev=r1.1 HTTP/1.1" 200 3981
64.242.88.10 - - [08/Mar/2004:09:25:42 -0800] "GET /twiki/bin/search/TWiki/SearchResult?scope=text&regex=on&search=TWiki%20*FAQ[^A-Za-z] HTTP/1.1" 200 12083
lj1036.inktomisearch.com - - [08/Mar/2004:09:29:35 -0800] "GET /robots.txt HTTP/1.0" 200 68
lj1027.inktomisearch.com - - [08/Mar/2004:09:29:36 -0800] "GET /twiki/bin/oops/Know/WinDoze95Crash HTTP/1.0" 200 209
pool-68-160-195-60.ny325.east.verizon.net - - [08/Mar/2004:09:30:10 -0800] "GET /twiki/bin/view/Main/WebHome HTTP/1.1" 200 10419
pool-68-160-195-60.ny325.east.verizon.net - - [08/Mar/2004:09:30:11 -0800] "GET /favicon.ico HTTP/1.1" 200 1078
pool-68-160-195-60.ny325.east.verizon.net - - [08/Mar/2004:09:30:11 -0800] "GET /twiki/pub/TWiki/TWikiLogos/twikiRobot46x50.gif HTTP/1.1" 200 2877
64.242.88.10 - - [08/Mar/2004:09:30:40 -0800] "GET /twiki/bin/view/TWiki/WebSearch?rev=r1.10 HTTP/1.1" 200 9419
64.242.88.10 - - [08/Mar/2004:09:32:32 -0800] "GET /twiki/bin/rdiff/TWiki/TWikiDownload HTTP/1.1" 200 5933
64.242.88.10 - - [08/Mar/2004:09:33:46 -0800] "GET /twiki/bin/view/Main/SideBar?rev=1.1 HTTP/1.1" 200 3564
lj1156.inktomisearch.com - - [08/Mar/2004:09:33:53 -0800] "GET /twiki/bin/oops/TWiki/TWikiAccessControl HTTP/1.0" 200 209
64.242.88.10 - - [08/Mar/2004:09:34:58 -0800] "GET /twiki/bin/rdiff/TWiki/TWikiFAQ HTTP/1.1" 200 43115
64.242.88.10 - - [08/Mar/2004:09:36:35 -0800] "GET /twiki/bin/edit/TWiki/WebNotification?topicparent=TWiki.TWikiUpgradeTo01May2000 HTTP/1.1" 401 12846
64.242.88.10 - - [08/Mar/2004:09:38:11 -0800] "GET /twiki/bin/view/Main/TWikiGuest?rev=r1.3 HTTP/1.1" 200 4604
lj1156.inktomisearch.com - - [08/Mar/2004:09:40:30 -0800] "GET /twiki/bin/view/TWiki/d43 HTTP/1.0" 200 4619
64.242.88.10 - - [08/Mar/2004:09:41:15 -0800] "GET /twiki/bin/edit/Main/Export_environment?topicparent=Main.ConfigurationVariables HTTP/1.1" 401 12846
64.242.88.10 - - [08/Mar/2004:09:42:27 -0800] "GET /twiki/bin/rdiff/Know/ReadmeFirst?rev1=1.6&rev2=1.5 HTTP/1.1" 200 4187
64.242.88.10 - - [08/Mar/2004:09:45:15 -0800] "GET /twiki/bin/search/TWiki/SearchResult?scope=text&regex=on&search=Change%20*Password[^A-Za-z] HTTP/1.1" 200 7226
64.242.88.10 - - [08/Mar/2004:10:01:06 -0800] "GET /twiki/bin/view/TWiki/TWikiTopics?rev=r1.4 HTTP/1.1" 200 5171
64.242.88.10 - - [08/Mar/2004:10:05:40 -0800] "GET /twiki/bin/view/TWiki/WebSearch?rev=r1.9 HTTP/1.1" 200 9469
lj1164.inktomisearch.com - - [08/Mar/2004:10:06:28 -0800] "GET /twiki/bin/view/Main/DCCGraphs HTTP/1.0" 200 5383
64.242.88.10 - - [08/Mar/2004:10:08:02 -0800] "GET /twiki/bin/rename/TWiki/DefaultPlugin HTTP/1.1" 401 12846
64.242.88.10 - - [08/Mar/2004:10:09:52 -0800] "GET /twiki/bin/view/Main/TWikiGuest?rev=r1.1 HTTP/1.1" 200 3763
64.242.88.10 - - [08/Mar/2004:10:14:46 -0800] "GET /twiki/bin/edit/TWiki/TWikiRegistration?t=1078670224 HTTP/1.1" 401 12851
64.242.88.10 - - [08/Mar/2004:10:16:52 -0800] "GET /twiki/bin/view/Main/TWikiAdminGroup?rev=1.6 HTTP/1.1" 200 4462
64.242.88.10 - - [08/Mar/2004:10:18:21 -0800] "GET /twiki/bin/rdiff/TWiki/WikiSyntax HTTP/1.1" 200 59454
64.242.88.10 - - [08/Mar/2004:10:21:21 -0800] "GET /twiki/bin/oops/TWiki/WikiCulture?template=oopsmore&param1=1.8&param2=1.8 HTTP/1.1" 200 11245
64.242.88.10 - - [08/Mar/2004:10:30:56 -0800] "GET /twiki/bin/view/TWiki/WikiTopic HTTP/1.1" 200 4646
64.242.88.10 - - [08/Mar/2004:10:32:18 -0800] "GET /twiki/bin/rdiff/TWiki/WebPreferences HTTP/1.1" 200 36410
64.242.88.10 - - [08/Mar/2004:10:34:55 -0800] "GET /twiki/bin/view/TWiki/WebSearch?skin=print HTTP/1.1" 200 7196
64.242.88.10 - - [08/Mar/2004:10:40:09 -0800] "GET /twiki/bin/view/TWiki/TWikiTopics?rev=r1.7 HTTP/1.1" 200 8540
64.242.88.10 - - [08/Mar/2004:10:45:25 -0800] "GET /twiki/bin/search/Main/SearchResult?scope=text&regex=on&search=Thanadon%20*Somdee[^A-Za-z] HTTP/1.1" 200 4287
64.242.88.10 - - [08/Mar/2004:10:46:34 -0800] "GET /twiki/bin/view/TWiki/TWikiUpgradeTo01May2000?rev=1.3 HTTP/1.1" 200 7441
10.0.0.153 - - [08/Mar/2004:10:48:02 -0800] "GET / HTTP/1.1" 304 -
10.0.0.153 - - [08/Mar/2004:10:48:05 -0800] "GET /cgi-bin/mailgraph2.cgi HTTP/1.1" 200 2987
10.0.0.153 - - [08/Mar/2004:10:48:06 -0800] "GET /cgi-bin/mailgraph.cgi/mailgraph_0_err.png HTTP/1.1" 200 7213
10.0.0.153 - - [08/Mar/2004:10:48:06 -0800] "GET /cgi-bin/mailgraph.cgi/mailgraph_0.png HTTP/1.1" 200 7970
10.0.0.153 - - [08/Mar/2004:10:48:06 -0800] "GET /cgi-bin/mailgraph.cgi/mailgraph_1_err.png HTTP/1.1" 200 7254
10.0.0.153 - - [08/Mar/2004:10:48:06 -0800] "GET /cgi-bin/mailgraph.cgi/mailgraph_1.png HTTP/1.1" 200 8821
10.0.0.153 - - [08/Mar/2004:10:48:06 -0800] "GET /cgi-bin/mailgraph.cgi/mailgraph_2_err.png HTTP/1.1" 200 6866
10.0.0.153 - - [08/Mar/2004:10:48:06 -0800] "GET /cgi-bin/mailgraph.cgi/mailgraph_2.png HTTP/1.1" 200 9312
10.0.0.153 - - [08/Mar/2004:10:48:06 -0800] "GET /cgi-bin/mailgraph.cgi/mailgraph_3.png HTTP/1.1" 200 6596
10.0.0.153 - - [08/Mar/2004:10:48:06 -0800] "GET /cgi-bin/mailgraph.cgi/mailgraph_3_err.png HTTP/1.1" 200 5499
64.242.88.10 - - [08/Mar/2004:10:48:19 -0800] "GET /twiki/bin/edit/Main/Max_use?topicparent=Main.ConfigurationVariables HTTP/1.1" 401 12846
10.0.0.153 - - [08/Mar/2004:10:48:37 -0800] "GET /dccstats/index.html HTTP/1.1" 304 -
10.0.0.153 - - [08/Mar/2004:10:48:37 -0800] "GET /dccstats/stats-spam.1day.png HTTP/1.1" 200 3080
10.0.0.153 - - [08/Mar/2004:10:48:37 -0800] "GET /dccstats/stats-spam-ratio.1day.png HTTP/1.1" 200 2224
10.0.0.153 - - [08/Mar/2004:10:48:37 -0800] "GET /dccstats/stats-spam.1week.png HTTP/1.1" 200 3299
10.0.0.153 - - [08/Mar/2004:10:48:37 -0800] "GET /dccstats/stats-spam.1month.png HTTP/1.1" 200 2481
10.0.0.153 - - [08/Mar/2004:10:48:37 -0800] "GET /dccstats/stats-hashes.1week.png HTTP/1.1" 200 1667
10.0.0.153 - - [08/Mar/2004:10:48:37 -0800] "GET /dccstats/stats-spam-ratio.1week.png HTTP/1.1" 200 2346
10.0.0.153 - - [08/Mar/2004:10:48:37 -0800] "GET /dccstats/stats-spam-ratio.1month.png HTTP/1.1" 200 1872
10.0.0.153 - - [08/Mar/2004:10:48:37 -0800] "GET /dccstats/stats-hashes.1month.png HTTP/1.1" 200 1585
10.0.0.153 - - [08/Mar/2004:10:48:37 -0800] "GET /dccstats/stats-spam.1year.png HTTP/1.1" 200 2202
10.0.0.153 - - [08/Mar/2004:10:48:37 -0800] "GET /dccstats/stats-spam-ratio.1year.png HTTP/1.1" 200 1833
10.0.0.153 - - [08/Mar/2004:10:48:37 -0800] "GET /dccstats/stats-hashes.1year.png HTTP/1.1" 200 1521
64.242.88.10 - - [08/Mar/2004:10:50:05 -0800] "GET /twiki/bin/rdiff/TWiki/WebRss HTTP/1.1" 200 21483
64.242.88.10 - - [08/Mar/2004:11:03:34 -0800] "GET /twiki/bin/rdiff/TWiki/WikiCulture?rev1=1.8&rev2=1.7 HTTP/1.1" 200 5326
128.227.88.79 - - [08/Mar/2004:11:06:20 -0800] "GET /twiki/bin/view/Main/SpamAssassinAndPostFix HTTP/1.1" 200 4034
128.227.88.79 - - [08/Mar/2004:11:06:20 -0800] "GET /twiki/pub/TWiki/TWikiLogos/twikiRobot46x50.gif HTTP/1.1" 304 -
128.227.88.79 - - [08/Mar/2004:11:06:28 -0800] "GET /twiki/bin/view/Main/SpamAssassinTaggingOnly HTTP/1.1" 200 5691
64.242.88.10 - - [08/Mar/2004:11:09:24 -0800] "GET /twiki/bin/edit/Main/Lmtp_mail_timeout?topicparent=Main.ConfigurationVariables HTTP/1.1" 401 12846
128.227.88.79 - - [08/Mar/2004:11:10:09 -0800] "GET /twiki/bin/view/Main/WebHome HTTP/1.1" 200 10419
128.227.88.79 - - [08/Mar/2004:11:10:24 -0800] "GET /twiki/bin/view/Main/PostfixCommands HTTP/1.1" 200 4016
128.227.88.79 - - [08/Mar/2004:11:11:04 -0800] "GET /twiki/bin/view/Main/WebHome HTTP/1.1" 200 10419
128.227.88.79 - - [08/Mar/2004:11:11:10 -0800] "GET /twiki/bin/view/Main/TWikiGroups HTTP/1.1" 200 4816
128.227.88.79 - - [08/Mar/2004:11:11:15 -0800] "GET /twiki/bin/view/Main/TWikiAdminGroup HTTP/1.1" 200 4175
128.227.88.79 - - [08/Mar/2004:11:11:26 -0800] "GET /twiki/bin/view/Main/WebHome HTTP/1.1" 200 10419
64.242.88.10 - - [08/Mar/2004:11:11:51 -0800] "GET /twiki/bin/edit/Main/TWikiGuest?t=1078713282 HTTP/1.1" 401 12846
64.242.88.10 - - [08/Mar/2004:11:15:51 -0800] "GET /twiki/bin/rdiff/TWiki/AdminSkillsAssumptions HTTP/1.1" 200 10368
64.242.88.10 - - [08/Mar/2004:11:17:49 -0800] "GET /twiki/bin/view/Sandbox/WebHome?rev=r1.3 HTTP/1.1" 200 8708
64.242.88.10 - - [08/Mar/2004:11:19:43 -0800] "GET /twiki/bin/edit/TWiki/WikiNotation?t=1078726052 HTTP/1.1" 401 12846
64.242.88.10 - - [08/Mar/2004:11:24:12 -0800] "GET /twiki/bin/search/TWiki/SearchResult?scope=text&regex=on&search=Wiki%20*Notation[^A-Za-z] HTTP/1.1" 200 6558
64.242.88.10 - - [08/Mar/2004:11:25:16 -0800] "GET /twiki/bin/oops/TWiki/WikiNotation?template=oopsmore&param1=1.3&param2=1.3 HTTP/1.1" 200 11263
10.0.0.153 - - [08/Mar/2004:11:40:41 -0800] "GET /cgi-bin/mailgraph2.cgi HTTP/1.1" 200 2987
10.0.0.153 - - [08/Mar/2004:11:40:42 -0800] "GET /cgi-bin/mailgraph.cgi/mailgraph_0_err.png HTTP/1.1" 200 7226
10.0.0.153 - - [08/Mar/2004:11:40:42 -0800] "GET /cgi-bin/mailgraph.cgi/mailgraph_0.png HTTP/1.1" 200 8055
10.0.0.153 - - [08/Mar/2004:11:40:42 -0800] "GET /cgi-bin/mailgraph.cgi/mailgraph_1.png HTTP/1.1" 200 8787
10.0.0.153 - - [08/Mar/2004:11:40:42 -0800] "GET /cgi-bin/mailgraph.cgi/mailgraph_1_err.png HTTP/1.1" 200 7088
10.0.0.153 - - [08/Mar/2004:11:40:42 -0800] "GET /cgi-bin/mailgraph.cgi/mailgraph_2_err.png HTTP/1.1" 200 6866
10.0.0.153 - - [08/Mar/2004:11:40:42 -0800] "GET /cgi-bin/mailgraph.cgi/mailgraph_3.png HTTP/1.1" 200 6596
10.0.0.153 - - [08/Mar/2004:11:40:42 -0800] "GET /cgi-bin/mailgraph.cgi/mailgraph_2.png HTTP/1.1" 200 9312
10.0.0.153 - - [08/Mar/2004:11:40:42 -0800] "GET /cgi-bin/mailgraph.cgi/mailgraph_3_err.png HTTP/1.1" 200 5499
64.242.88.10 - - [08/Mar/2004:11:41:14 -0800] "GET /mailman/admin/artsscience HTTP/1.1" 200 2125
64.242.88.10 - - [08/Mar/2004:11:43:17 -0800] "GET /twiki/bin/search/Main/?scope=topic&regex=on&search=^d HTTP/1.1" 200 5036
64.242.88.10 - - [08/Mar/2004:11:45:08 -0800] "GET /twiki/bin/edit/TWiki/TWikiCodevFeatureToDo?topicparent=TWiki.TWikiHistory HTTP/1.1" 401 12846
64.242.88.10 - - [08/Mar/2004:11:47:52 -0800] "GET /twiki/bin/rename/TWiki/ResetPassword HTTP/1.1" 401 12851
64.242.88.10 - - [08/Mar/2004:11:49:23 -0800] "GET /twiki/bin/edit/Main/Fast_flush_domains?topicparent=Main.ConfigurationVariables HTTP/1.1" 401 12846
64.242.88.10 - - [08/Mar/2004:11:51:20 -0800] "GET /twiki/bin/edit/Main/SpamAssassin?t=1078709979 HTTP/1.1" 401 12846
64.242.88.10 - - [08/Mar/2004:11:56:19 -0800] "GET /twiki/bin/view/TWiki/TWikiTopics?rev=r1.10 HTTP/1.1" 200 14650
64.242.88.10 - - [08/Mar/2004:11:57:28 -0800] "GET /twiki/bin/view/TWiki/FileAttribute?rev=r1.2 HTTP/1.1" 200 3949
64.242.88.10 - - [08/Mar/2004:12:00:26 -0800] "GET /twiki/bin/rdiff/TWiki/TWikiEnhancementRequests HTTP/1.1" 200 10417
64.242.88.10 - - [08/Mar/2004:12:06:03 -0800] "GET /twiki/bin/search/TWiki/SearchResult?scope=text&regex=on&search=Kevin%20*Kinnell[^A-Za-z] HTTP/1.1" 200 4536
10.0.0.153 - - [08/Mar/2004:12:06:29 -0800] "GET /cgi-bin/mailgraph2.cgi HTTP/1.1" 200 2987
10.0.0.153 - - [08/Mar/2004:12:06:29 -0800] "GET /cgi-bin/mailgraph.cgi/mailgraph_0_err.png HTTP/1.1" 200 7192
10.0.0.153 - - [08/Mar/2004:12:06:29 -0800] "GET /cgi-bin/mailgraph.cgi/mailgraph_0.png HTTP/1.1" 200 8081
10.0.0.153 - - [08/Mar/2004:12:06:29 -0800] "GET /cgi-bin/mailgraph.cgi/mailgraph_1.png HTTP/1.1" 200 9065
10.0.0.153 - - [08/Mar/2004:12:06:29 -0800] "GET /cgi-bin/mailgraph.cgi/mailgraph_1_err.png HTTP/1.1" 200 7206
10.0.0.153 - - [08/Mar/2004:12:06:29 -0800] "GET /cgi-bin/mailgraph.cgi/mailgraph_2.png HTTP/1.1" 200 9312
10.0.0.153 - - [08/Mar/2004:12:06:29 -0800] "GET /cgi-bin/mailgraph.cgi/mailgraph_2_err.png HTTP/1.1" 200 6866
10.0.0.153 - - [08/Mar/2004:12:06:29 -0800] "GET /cgi-bin/mailgraph.cgi/mailgraph_3.png HTTP/1.1" 200 6596
10.0.0.153 - - [08/Mar/2004:12:06:29 -0800] "GET /cgi-bin/mailgraph.cgi/mailgraph_3_err.png HTTP/1.1" 200 5499
64.242.88.10 - - [08/Mar/2004:12:07:13 -0800] "GET /twiki/bin/view/TWiki/FileAttribute?rev=1.2 HTTP/1.1" 200 3949
64.242.88.10 - - [08/Mar/2004:12:08:32 -0800] "GET /twiki/bin/view/TWiki/WikiNotation?skin=print HTTP/1.1" 200 1435
64.242.88.10 - - [08/Mar/2004:12:10:39 -0800] "GET /twiki/bin/rdiff/TWiki/TWikiPlannedFeatures HTTP/1.1" 200 10577
64.242.88.10 - - [08/Mar/2004:12:12:50 -0800] "GET /mailman/admin/deans HTTP/1.1" 200 2080
64.242.88.10 - - [08/Mar/2004:12:15:36 -0800] "GET /pipermail/webber/ HTTP/1.1" 200 1161
64.242.88.10 - - [08/Mar/2004:12:20:18 -0800] "GET /twiki/bin/view/Main/PostSuper?rev=1.1 HTTP/1.1" 200 3629
64.242.88.10 - - [08/Mar/2004:12:25:47 -0800] "GET /twiki/bin/view/Main/WebPreferences?rev=1.13 HTTP/1.1" 200 8770
64.242.88.10 - - [08/Mar/2004:12:28:09 -0800] "GET /twiki/bin/edit/Main/Mailq_path?topicparent=Main.ConfigurationVariables HTTP/1.1" 401 12846
64.242.88.10 - - [08/Mar/2004:12:31:32 -0800] "GET /twiki/bin/view/TWiki/WebHome?rev=r1.49 HTTP/1.1" 200 12993
64.242.88.10 - - [08/Mar/2004:12:33:09 -0800] "GET /twiki/bin/view/TWiki/TWikiHistory?rev=r1.49 HTTP/1.1" 200 42243
64.242.88.10 - - [08/Mar/2004:12:39:34 -0800] "GET /twiki/bin/rdiff/TWiki/TWikiDocGraphics?rev1=1.11&rev2=1.10 HTTP/1.1" 200 6551
64.242.88.10 - - [08/Mar/2004:12:40:36 -0800] "GET /twiki/bin/view/TWiki/WebHome?rev=r1.47 HTTP/1.1" 200 12819
64.242.88.10 - - [08/Mar/2004:12:42:04 -0800] "GET /twiki/bin/view/Sandbox/WebStatistics HTTP/1.1" 200 6063
64.242.88.10 - - [08/Mar/2004:12:43:08 -0800] "GET /pipermail/gisgrad/ HTTP/1.1" 200 1118
64.242.88.10 - - [08/Mar/2004:12:45:13 -0800] "GET /mailman/admin/webber HTTP/1.1" 200 2089
64.242.88.10 - - [08/Mar/2004:12:47:42 -0800] "GET /twiki/bin/view/Main/WebPreferences?rev=1.14 HTTP/1.1" 200 8820
64.242.88.10 - - [08/Mar/2004:12:55:18 -0800] "GET /twiki/bin/view/TWiki/KevinKinnell?rev=1.4 HTTP/1.1" 200 3730
64.242.88.10 - - [08/Mar/2004:12:58:39 -0800] "GET /twiki/bin/search/Main/?search=\\.*&scope=topic&order=modified&reverse=on&regex=on&nosearch=on&limit=800 HTTP/1.1" 200 43915
market-mail.panduit.com - - [08/Mar/2004:12:58:50 -0800] "GET / HTTP/1.0" 200 3169
market-mail.panduit.com - - [08/Mar/2004:12:58:50 -0800] "GET /favicon.ico HTTP/1.0" 200 1078
market-mail.panduit.com - - [08/Mar/2004:12:59:18 -0800] "GET /razor.html HTTP/1.0" 200 2869
market-mail.panduit.com - - [08/Mar/2004:12:59:34 -0800] "GET /dccstats/index.html HTTP/1.0" 200 2955
market-mail.panduit.com - - [08/Mar/2004:12:59:37 -0800] "GET /dccstats/stats-spam.1day.png HTTP/1.0" 200 3095
market-mail.panduit.com - - [08/Mar/2004:12:59:37 -0800] "GET /dccstats/stats-spam-ratio.1day.png HTTP/1.0" 200 2272
market-mail.panduit.com - - [08/Mar/2004:12:59:37 -0800] "GET /dccstats/stats-spam.1week.png HTTP/1.0" 200 3279
market-mail.panduit.com - - [08/Mar/2004:12:59:37 -0800] "GET /dccstats/stats-spam-ratio.1week.png HTTP/1.0" 200 2349
market-mail.panduit.com - - [08/Mar/2004:12:59:37 -0800] "GET /dccstats/stats-hashes.1week.png HTTP/1.0" 200 1659
market-mail.panduit.com - - [08/Mar/2004:12:59:37 -0800] "GET /dccstats/stats-spam.1month.png HTTP/1.0" 200 2542
market-mail.panduit.com - - [08/Mar/2004:12:59:37 -0800] "GET /dccstats/stats-spam-ratio.1month.png HTTP/1.0" 200 1927
market-mail.panduit.com - - [08/Mar/2004:12:59:37 -0800] "GET /dccstats/stats-hashes.1month.png HTTP/1.0" 200 1580
market-mail.panduit.com - - [08/Mar/2004:12:59:37 -0800] "GET /dccstats/stats-spam.1year.png HTTP/1.0" 200 2201
market-mail.panduit.com - - [08/Mar/2004:12:59:37 -0800] "GET /dccstats/stats-spam-ratio.1year.png HTTP/1.0" 200 1829
market-mail.panduit.com - - [08/Mar/2004:12:59:37 -0800] "GET /dccstats/stats-hashes.1year.png HTTP/1.0" 200 1524
market-mail.panduit.com - - [08/Mar/2004:12:59:55 -0800] "GET /DCC.html HTTP/1.0" 200 2878
market-mail.panduit.com - - [08/Mar/2004:13:00:12 -0800] "GET /twiki/bin/view/Main/WebHome HTTP/1.0" 200 10392
market-mail.panduit.com - - [08/Mar/2004:13:00:12 -0800] "GET /favicon.ico HTTP/1.0" 200 1078
market-mail.panduit.com - - [08/Mar/2004:13:00:13 -0800] "GET /twiki/pub/TWiki/TWikiLogos/twikiRobot46x50.gif HTTP/1.0" 200 2877
market-mail.panduit.com - - [08/Mar/2004:13:00:20 -0800] "GET /twiki/bin/view/Main/DCC HTTP/1.0" 200 4377
market-mail.panduit.com - - [08/Mar/2004:13:00:27 -0800] "GET /twiki/bin/view/Main/DCCAndPostFix HTTP/1.0" 200 5234
64.242.88.10 - - [08/Mar/2004:13:00:40 -0800] "GET /twiki/bin/oops/TWiki/HaroldGottschalk?template=oopsmore&param1=1.3&param2=1.3 HTTP/1.1" 200 11335
market-mail.panduit.com - - [08/Mar/2004:13:01:27 -0800] "GET /twiki/bin/view/Main/PostfixCommands HTTP/1.0" 200 4004
market-mail.panduit.com - - [08/Mar/2004:13:01:29 -0800] "GET /twiki/bin/view/Main/PostfixCmd HTTP/1.0" 200 4154
market-mail.panduit.com - - [08/Mar/2004:13:01:35 -0800] "GET /twiki/bin/edit/Main/PostConf?topicparent=Main.PostfixCommands HTTP/1.0" 401 12816
market-mail.panduit.com - - [08/Mar/2004:13:01:38 -0800] "GET /twiki/pub/TWiki/TWikiDocGraphics/help.gif HTTP/1.0" 200 130
64.242.88.10 - - [08/Mar/2004:13:01:42 -0800] "GET /twiki/bin/search/TWiki/SearchResult?scope=text&regex=on&search=John%20*Talintyre[^A-Za-z] HTTP/1.1" 200 8066
market-mail.panduit.com - - [08/Mar/2004:13:01:42 -0800] "GET /twiki/bin/view/Main/PostSuper HTTP/1.0" 200 3617
market-mail.panduit.com - - [08/Mar/2004:13:01:55 -0800] "GET /twiki/bin/view/Main/RelayGateway HTTP/1.0" 200 4213
market-mail.panduit.com - - [08/Mar/2004:13:02:03 -0800] "GET /twiki/bin/view/Main/VerifingGatway HTTP/1.0" 200 4731
market-mail.panduit.com - - [08/Mar/2004:13:02:16 -0800] "GET /twiki/bin/view/Main/Relay_Domains HTTP/1.0" 200 4564
64.242.88.10 - - [08/Mar/2004:13:04:14 -0800] "GET /twiki/bin/attach/Main/TWikiGuest HTTP/1.1" 401 12846
64.242.88.10 - - [08/Mar/2004:13:07:16 -0800] "GET /twiki/bin/view/Main/NicholasLee?rev=1.1 HTTP/1.1" 200 4456
64.242.88.10 - - [08/Mar/2004:13:08:17 -0800] "GET /twiki/bin/attach/TWiki/TWikiDocGraphics?filename=pencil.gif&revInfo=1 HTTP/1.1" 401 12846
64.242.88.10 - - [08/Mar/2004:13:12:54 -0800] "GET /twiki/bin/rdiff/TWiki/WebSiteTools?rev1=1.2&rev2=1.1 HTTP/1.1" 200 6640
64.242.88.10 - - [08/Mar/2004:13:15:03 -0800] "GET /twiki/bin/view/TWiki/TWikiHistory?rev=r1.55 HTTP/1.1" 200 44652
64.242.88.10 - - [08/Mar/2004:13:16:11 -0800] "GET /twiki/bin/attach/Main/SpamAssassinAndPostFix HTTP/1.1" 401 12846
64.242.88.10 - - [08/Mar/2004:13:17:23 -0800] "GET /mailman/private/artsscience/ HTTP/1.1" 200 1552
64.242.88.10 - - [08/Mar/2004:13:18:57 -0800] "GET /twiki/bin/search/TWiki/?scope=topic&regex=on&search=^l HTTP/1.1" 200 2937
64.242.88.10 - - [08/Mar/2004:13:24:49 -0800] "GET /twiki/bin/rdiff/Main/RelayGateway?rev1=1.3&rev2=1.2 HTTP/1.1" 200 5181
64.242.88.10 - - [08/Mar/2004:13:29:37 -0800] "GET /twiki/bin/rdiff/Main/RelayGateway?rev1=1.2&rev2=1.1 HTTP/1.1" 200 6029
64.242.88.10 - - [08/Mar/2004:13:31:16 -0800] "GET /twiki/bin/rdiff/TWiki/WikiReferences?rev1=1.2&rev2=1.1 HTTP/1.1" 200 10024
64.242.88.10 - - [08/Mar/2004:13:32:35 -0800] "GET /twiki/bin/view/Main/WebPreferences?rev=r1.9 HTTP/1.1" 200 7511
64.242.88.10 - - [08/Mar/2004:13:35:02 -0800] "GET /twiki/bin/edit/TWiki/WebSiteTools?t=1078731408 HTTP/1.1" 401 12846
64.242.88.10 - - [08/Mar/2004:13:36:06 -0800] "GET /twiki/bin/attach/TWiki/TWikiDocGraphics?filename=viewtopic.gif&revInfo=1 HTTP/1.1" 401 12846
64.242.88.10 - - [08/Mar/2004:13:38:39 -0800] "GET /twiki/bin/view/TWiki/SvenDowideit?rev=r1.1 HTTP/1.1" 200 3564
64.242.88.10 - - [08/Mar/2004:13:45:46 -0800] "GET /twiki/bin/edit/Main/Ignore_mx_lookup_error?topicparent=Main.ConfigurationVariables HTTP/1.1" 401 12846
64.242.88.10 - - [08/Mar/2004:13:48:06 -0800] "GET /twiki/bin/oops/Main/DCCAndPostFix?template=oopsmore&param1=1.2&param2=1.2 HTTP/1.1" 200 6602
64.242.88.10 - - [08/Mar/2004:13:49:47 -0800] "GET /twiki/bin/view/TWiki/TWikiHistory?rev=r1.54 HTTP/1.1" 200 44644
64.242.88.10 - - [08/Mar/2004:13:55:51 -0800] "GET /twiki/bin/edit/Main/Allow_min_user?topicparent=Main.ConfigurationVariables HTTP/1.1" 401 12846
64.242.88.10 - - [08/Mar/2004:13:56:52 -0800] "GET /twiki/bin/edit/TWiki/KevinKinnell?t=1078692967 HTTP/1.1" 401 12846
64.242.88.10 - - [08/Mar/2004:13:57:52 -0800] "GET /pipermail/fcd/ HTTP/1.1" 200 468
64.242.88.10 - - [08/Mar/2004:13:58:55 -0800] "GET /mailman/listinfo/mgt-157 HTTP/1.1" 200 6189
64.242.88.10 - - [08/Mar/2004:14:00:08 -0800] "GET /mailman/admin/fcd HTTP/1.1" 200 2060
64.242.88.10 - - [08/Mar/2004:14:01:36 -0800] "GET /mailman/listinfo/cnc_forestry HTTP/1.1" 200 6159
64.242.88.10 - - [08/Mar/2004:14:07:26 -0800] "GET /twiki/bin/edit/Main/Strict_8bitmime?topicparent=Main.ConfigurationVariables HTTP/1.1" 401 12846
64.242.88.10 - - [08/Mar/2004:14:11:28 -0800] "GET /twiki/bin/view/TWiki/WelcomeGuest?rev=r1.19 HTTP/1.1" 200 13997
64.242.88.10 - - [08/Mar/2004:14:12:49 -0800] "GET /twiki/bin/view/TWiki/TWikiFAQ?rev=1.11 HTTP/1.1" 200 11950
64.242.88.10 - - [08/Mar/2004:14:13:51 -0800] "GET /mailman/admin/gisgrad HTTP/1.1" 200 2093
64.242.88.10 - - [08/Mar/2004:14:15:01 -0800] "GET /mailman/admin/jjec HTTP/1.1" 200 2088
fw.aub.dk - - [08/Mar/2004:14:16:38 -0800] "GET /twiki/bin/view/Main/WebHome HTTP/1.0" 200 10392
fw.aub.dk - - [08/Mar/2004:14:16:39 -0800] "GET /twiki/pub/TWiki/TWikiLogos/twikiRobot46x50.gif HTTP/1.0" 200 2877
64.242.88.10 - - [08/Mar/2004:14:23:54 -0800] "GET /twiki/bin/oops/TWiki/RyanFreebern?template=oopsmore&param1=1.2&param2=1.2 HTTP/1.1" 200 11263
64.242.88.10 - - [08/Mar/2004:14:25:33 -0800] "GET /twiki/bin/rdiff/TWiki/WebChangesAlert HTTP/1.1" 200 27035
64.242.88.10 - - [08/Mar/2004:14:26:45 -0800] "GET /twiki/bin/rdiff/Sandbox/WebTopicList HTTP/1.1" 200 4319
64.242.88.10 - - [08/Mar/2004:14:27:46 -0800] "GET /twiki/bin/edit/Main/Virtual_gid_maps?topicparent=Main.ConfigurationVariables HTTP/1.1" 401 12846
64.242.88.10 - - [08/Mar/2004:14:28:46 -0800] "GET /twiki/bin/view/TWiki/NewUserTemplate?skin=print HTTP/1.1" 200 2449
64.242.88.10 - - [08/Mar/2004:14:33:56 -0800] "GET /mailman/admin HTTP/1.1" 200 6872
64.242.88.10 - - [08/Mar/2004:14:40:18 -0800] "GET /mailman/admin/ncbnpfaculty HTTP/1.1" 200 2136
64.242.88.10 - - [08/Mar/2004:14:41:22 -0800] "GET /twiki/bin/search/TWiki/SearchResult?scope=text&regex=on&search=Web%20*Topic%20*List[^A-Za-z] HTTP/1.1" 200 10700
64.242.88.10 - - [08/Mar/2004:14:42:44 -0800] "GET /twiki/bin/view/TWiki/WebSearch?rev=1.11 HTTP/1.1" 200 9419
64.242.88.10 - - [08/Mar/2004:14:43:45 -0800] "GET /twiki/bin/view/TWiki/MartinCleaver HTTP/1.1" 200 3634
64.242.88.10 - - [08/Mar/2004:14:52:51 -0800] "GET /twiki/bin/view/TWiki/WebIndex HTTP/1.1" 200 102154
64.242.88.10 - - [08/Mar/2004:14:54:56 -0800] "GET /twiki/bin/edit/Main/TokyoOffice?t=1078706364 HTTP/1.1" 401 12846
64.242.88.10 - - [08/Mar/2004:14:57:19 -0800] "GET /twiki/bin/rdiff/Main/SpamAssassinAndPostFix?rev1=1.2&rev2=1.1 HTTP/1.1" 200 5794
64.242.88.10 - - [08/Mar/2004:14:58:58 -0800] "GET /twiki/bin/rdiff/TWiki/WhatIsWikiWiki HTTP/1.1" 200 9412
64.242.88.10 - - [08/Mar/2004:15:00:07 -0800] "GET /twiki/bin/rdiff/Main/WebChanges?rev1=1.2&rev2=1.1 HTTP/1.1" 200 114220
64.242.88.10 - - [08/Mar/2004:15:01:12 -0800] "GET /twiki/bin/rdiff/TWiki/EditDoesNotIncreaseTheRevision HTTP/1.1" 200 6310
64.242.88.10 - - [08/Mar/2004:15:02:29 -0800] "GET /twiki/bin/rdiff/TWiki/WebTopicList HTTP/1.1" 200 14591
64.242.88.10 - - [08/Mar/2004:15:03:49 -0800] "GET /antivirus.html HTTP/1.1" 200 3548
64.242.88.10 - - [08/Mar/2004:15:07:41 -0800] "GET /twiki/bin/search/TWiki/SearchResult?scope=text&regex=on&search=Harold%20*Gottschalk[^A-Za-z] HTTP/1.1" 200 4412
ip-200-56-225-61-mty.marcatel.net.mx - - [08/Mar/2004:15:15:17 -0800] "GET /razor.html HTTP/1.1" 200 2869
64.242.88.10 - - [08/Mar/2004:15:16:14 -0800] "GET /twiki/bin/view/TWiki/TextFormattingRules?rev=r1.37 HTTP/1.1" 200 28922
64.242.88.10 - - [08/Mar/2004:15:17:18 -0800] "GET /twiki/bin/search/Main/?scope=topic&regex=on&search=^f HTTP/1.1" 200 3438
64.242.88.10 - - [08/Mar/2004:15:19:35 -0800] "GET /RBL.html HTTP/1.1" 200 4114
c-24-11-14-147.client.comcast.net - - [08/Mar/2004:16:54:47 -0800] "GET /razor.html HTTP/1.1" 200 2869
c-24-11-14-147.client.comcast.net - - [08/Mar/2004:16:54:47 -0800] "GET /favicon.ico HTTP/1.1" 200 1078
lj1036.inktomisearch.com - - [08/Mar/2004:17:39:00 -0800] "GET /robots.txt HTTP/1.0" 200 68
lj1168.inktomisearch.com - - [08/Mar/2004:17:39:01 -0800] "GET /twiki/bin/oops/TWiki/TWikiVariables HTTP/1.0" 200 209
calcite.rhyolite.com - - [08/Mar/2004:18:14:44 -0800] "GET /clients.html HTTP/1.1" 200 18767
acbf6930.ipt.aol.com - - [08/Mar/2004:18:20:44 -0800] "GET /RBL.html HTTP/1.1" 200 4114
acbf6930.ipt.aol.com - - [08/Mar/2004:18:20:44 -0800] "GET /LateEmail.html HTTP/1.1" 200 7649
lj1018.inktomisearch.com - - [08/Mar/2004:18:23:43 -0800] "GET /twiki/bin/oops/Know/PublicSupported HTTP/1.0" 200 209
barrie-ppp108371.sympatico.ca - - [08/Mar/2004:18:39:33 -0800] "GET /mailman/listinfo/webber HTTP/1.1" 200 6051
barrie-ppp108371.sympatico.ca - - [08/Mar/2004:18:39:35 -0800] "GET /icons/mailman.jpg HTTP/1.1" 200 2022
barrie-ppp108371.sympatico.ca - - [08/Mar/2004:18:39:35 -0800] "GET /icons/PythonPowered.png HTTP/1.1" 200 945
barrie-ppp108371.sympatico.ca - - [08/Mar/2004:18:39:36 -0800] "GET /icons/gnu-head-tiny.jpg HTTP/1.1" 200 3049
px7wh.vc.shawcable.net - - [08/Mar/2004:18:41:16 -0800] "GET /LateEmail.html HTTP/1.1" 200 7649
user-0c8hdkf.cable.mindspring.com - - [08/Mar/2004:19:08:27 -0800] "GET /twiki/bin/view/Main/WebHome HTTP/1.1" 200 10419
user-0c8hdkf.cable.mindspring.com - - [08/Mar/2004:19:08:28 -0800] "GET /twiki/pub/TWiki/TWikiLogos/twikiRobot46x50.gif HTTP/1.1" 200 2877
user-0c8hdkf.cable.mindspring.com - - [08/Mar/2004:19:08:39 -0800] "GET /twiki/bin/view/Main/RelayGateway HTTP/1.1" 200 4232
user-0c8hdkf.cable.mindspring.com - - [08/Mar/2004:19:08:52 -0800] "GET /twiki/bin/view/Main/VerifingGatway HTTP/1.1" 200 4750
user-0c8hdkf.cable.mindspring.com - - [08/Mar/2004:19:10:06 -0800] "GET /twiki/bin/view/Main/Relay_Domains HTTP/1.1" 200 4583
lj1053.inktomisearch.com - - [08/Mar/2004:19:24:42 -0800] "GET /twiki/bin/oops/Main/SpamAssassinTaggingOnly HTTP/1.0" 200 209
64.246.94.152 - - [08/Mar/2004:20:09:57 -0800] "HEAD /twiki/bin/view/Main/SpamAssassinDeleting HTTP/1.1" 200 0
ip68-228-43-49.tc.ph.cox.net - - [08/Mar/2004:20:48:18 -0800] "GET / HTTP/1.0" 200 3169
ip68-228-43-49.tc.ph.cox.net - - [08/Mar/2004:20:48:18 -0800] "GET /favicon.ico HTTP/1.0" 200 1078
ip68-228-43-49.tc.ph.cox.net - - [08/Mar/2004:20:48:25 -0800] "GET /dccstats/index.html HTTP/1.0" 200 2955
ip68-228-43-49.tc.ph.cox.net - - [08/Mar/2004:20:48:26 -0800] "GET /dccstats/stats-spam.1day.png HTTP/1.0" 200 3049
ip68-228-43-49.tc.ph.cox.net - - [08/Mar/2004:20:48:26 -0800] "GET /dccstats/stats-spam-ratio.1day.png HTTP/1.0" 200 2160
ip68-228-43-49.tc.ph.cox.net - - [08/Mar/2004:20:48:26 -0800] "GET /dccstats/stats-spam-ratio.1week.png HTTP/1.0" 200 2386
ip68-228-43-49.tc.ph.cox.net - - [08/Mar/2004:20:48:26 -0800] "GET /dccstats/stats-spam.1week.png HTTP/1.0" 200 3271
ip68-228-43-49.tc.ph.cox.net - - [08/Mar/2004:20:48:26 -0800] "GET /dccstats/stats-hashes.1week.png HTTP/1.0" 200 1687
ip68-228-43-49.tc.ph.cox.net - - [08/Mar/2004:20:48:26 -0800] "GET /dccstats/stats-spam.1month.png HTTP/1.0" 200 2482
ip68-228-43-49.tc.ph.cox.net - - [08/Mar/2004:20:48:27 -0800] "GET /dccstats/stats-spam-ratio.1month.png HTTP/1.0" 200 1914
ip68-228-43-49.tc.ph.cox.net - - [08/Mar/2004:20:48:27 -0800] "GET /dccstats/stats-hashes.1month.png HTTP/1.0" 200 1536
ip68-228-43-49.tc.ph.cox.net - - [08/Mar/2004:20:48:27 -0800] "GET /dccstats/stats-spam.1year.png HTTP/1.0" 200 2250
ip68-228-43-49.tc.ph.cox.net - - [08/Mar/2004:20:48:27 -0800] "GET /dccstats/stats-spam-ratio.1year.png HTTP/1.0" 200 1883
ip68-228-43-49.tc.ph.cox.net - - [08/Mar/2004:20:48:27 -0800] "GET /dccstats/stats-hashes.1year.png HTTP/1.0" 200 1493
ip68-228-43-49.tc.ph.cox.net - - [08/Mar/2004:20:48:48 -0800] "GET /twiki/bin/view/Main/WebHome HTTP/1.0" 200 10392
ip68-228-43-49.tc.ph.cox.net - - [08/Mar/2004:20:48:49 -0800] "GET /twiki/pub/TWiki/TWikiLogos/twikiRobot46x50.gif HTTP/1.0" 200 2877
ip68-228-43-49.tc.ph.cox.net - - [08/Mar/2004:20:48:49 -0800] "GET /favicon.ico HTTP/1.0" 200 1078
ip68-228-43-49.tc.ph.cox.net - - [08/Mar/2004:20:48:53 -0800] "GET /twiki/bin/view/Main/DCCAndPostFix HTTP/1.0" 200 5234
ip68-228-43-49.tc.ph.cox.net - - [08/Mar/2004:20:50:59 -0800] "GET /twiki/bin/view/Main/SpamAssassinAndPostFix HTTP/1.0" 200 4022
ip68-228-43-49.tc.ph.cox.net - - [08/Mar/2004:20:51:01 -0800] "GET /twiki/bin/view/Main/SpamAssassinTaggingOnly HTTP/1.0" 200 5672
ip68-228-43-49.tc.ph.cox.net - - [08/Mar/2004:20:51:51 -0800] "GET /twiki/bin/view/Main/SpamAssassin HTTP/1.0" 200 4062
ip68-228-43-49.tc.ph.cox.net - - [08/Mar/2004:20:52:01 -0800] "GET /twiki/bin/view/Main/SpamAssassin HTTP/1.0" 200 4062
proxy0.haifa.ac.il - - [08/Mar/2004:22:03:04 -0800] "GET / HTTP/1.0" 200 3169
proxy0.haifa.ac.il - - [08/Mar/2004:22:03:28 -0800] "GET /dccstats/index.html HTTP/1.0" 200 2955
proxy0.haifa.ac.il - - [08/Mar/2004:22:03:29 -0800] "GET /dccstats/stats-spam.1week.png HTTP/1.0" 200 3238
proxy0.haifa.ac.il - - [08/Mar/2004:22:03:29 -0800] "GET /dccstats/stats-spam.1day.png HTTP/1.0" 200 3032
proxy0.haifa.ac.il - - [08/Mar/2004:22:03:29 -0800] "GET /dccstats/stats-spam-ratio.1day.png HTTP/1.0" 200 2160
proxy0.haifa.ac.il - - [08/Mar/2004:22:03:29 -0800] "GET /dccstats/stats-spam-ratio.1week.png HTTP/1.0" 200 2369
proxy0.haifa.ac.il - - [08/Mar/2004:22:03:29 -0800] "GET /dccstats/stats-hashes.1week.png HTTP/1.0" 200 1671
proxy0.haifa.ac.il - - [08/Mar/2004:22:03:29 -0800] "GET /dccstats/stats-spam.1month.png HTTP/1.0" 200 2485
proxy0.haifa.ac.il - - [08/Mar/2004:22:03:29 -0800] "GET /dccstats/stats-hashes.1month.png HTTP/1.0" 200 1533
proxy0.haifa.ac.il - - [08/Mar/2004:22:03:29 -0800] "GET /dccstats/stats-spam-ratio.1month.png HTTP/1.0" 200 1906
proxy0.haifa.ac.il - - [08/Mar/2004:22:03:29 -0800] "GET /dccstats/stats-spam.1year.png HTTP/1.0" 200 2251
proxy0.haifa.ac.il - - [08/Mar/2004:22:03:29 -0800] "GET /dccstats/stats-spam-ratio.1year.png HTTP/1.0" 200 1875
proxy0.haifa.ac.il - - [08/Mar/2004:22:03:29 -0800] "GET /dccstats/stats-hashes.1year.png HTTP/1.0" 200 1483
proxy0.haifa.ac.il - - [08/Mar/2004:22:03:44 -0800] "GET /SpamAssassin.html HTTP/1.0" 200 7368
proxy0.haifa.ac.il - - [08/Mar/2004:22:03:52 -0800] "GET /razor.html HTTP/1.0" 200 2869
proxy0.haifa.ac.il - - [08/Mar/2004:22:04:09 -0800] "GET /twiki/bin/view/Main/WebHome HTTP/1.0" 200 10392
proxy0.haifa.ac.il - - [08/Mar/2004:22:04:10 -0800] "GET /twiki/pub/TWiki/TWikiLogos/twikiRobot46x50.gif HTTP/1.0" 200 2877
proxy0.haifa.ac.il - - [08/Mar/2004:22:04:24 -0800] "GET /twiki/bin/view/Main/LinksOfUse HTTP/1.0" 200 4515
proxy0.haifa.ac.il - - [08/Mar/2004:22:04:35 -0800] "GET /twiki/bin/view/Main/PostfixCommands HTTP/1.0" 200 4004
alille-251-1-2-197.w82-124.abo.wanadoo.fr - - [08/Mar/2004:22:30:01 -0800] "GET /razor.html HTTP/1.1" 200 2869
a213-84-36-192.adsl.xs4all.nl - - [08/Mar/2004:23:42:55 -0800] "GET / HTTP/1.1" 200 3169
195.246.13.119 - - [09/Mar/2004:01:48:27 -0800] "GET /twiki/bin/view/Main/WebHome HTTP/1.1" 200 10419
195.246.13.119 - - [09/Mar/2004:01:48:28 -0800] "GET /twiki/pub/TWiki/TWikiLogos/twikiRobot46x50.gif HTTP/1.1" 200 2877
195.246.13.119 - - [09/Mar/2004:01:48:28 -0800] "GET /favicon.ico HTTP/1.1" 200 1078
195.246.13.119 - - [09/Mar/2004:01:49:53 -0800] "GET /twiki/bin/view/Main/SpamAssassinAndPostFix HTTP/1.1" 200 4034
195.246.13.119 - - [09/Mar/2004:01:49:57 -0800] "GET /twiki/bin/view/Main/KevinWGagel HTTP/1.1" 200 4901
195.246.13.119 - - [09/Mar/2004:01:50:35 -0800] "GET /twiki/bin/view/Main/SpamAssassinTaggingOnly HTTP/1.1" 200 5691
195.246.13.119 - - [09/Mar/2004:01:50:54 -0800] "GET /twiki/bin/view/Main/SpamAssassinDeleting HTTP/1.1" 200 5543
195.246.13.119 - - [09/Mar/2004:01:51:17 -0800] "GET /twiki/bin/view/Main/DCCAndPostFix HTTP/1.1" 200 5253
195.246.13.119 - - [09/Mar/2004:01:51:41 -0800] "GET /twiki/bin/edit/Main/RazorAndPostFix?topicparent=Main.WebHome HTTP/1.1" 401 12851
195.246.13.119 - - [09/Mar/2004:01:51:45 -0800] "GET /twiki/pub/TWiki/TWikiDocGraphics/help.gif HTTP/1.1" 200 130
195.246.13.119 - - [09/Mar/2004:01:51:54 -0800] "GET /twiki/bin/view/Main/RelayGateway HTTP/1.1" 200 4232
195.246.13.119 - - [09/Mar/2004:01:52:12 -0800] "GET /twiki/bin/view/Main/LinksOfUse HTTP/1.1" 200 4534
200-55-104-193.dsl.prima.net.ar - - [09/Mar/2004:02:33:10 -0800] "GET /dccstats/index.html HTTP/1.1" 200 2955
200-55-104-193.dsl.prima.net.ar - - [09/Mar/2004:02:33:17 -0800] "GET /dccstats/stats-spam.1day.png HTTP/1.1" 200 3068
200-55-104-193.dsl.prima.net.ar - - [09/Mar/2004:02:33:17 -0800] "GET /dccstats/stats-spam-ratio.1day.png HTTP/1.1" 200 2187
200-55-104-193.dsl.prima.net.ar - - [09/Mar/2004:02:33:17 -0800] "GET /dccstats/stats-spam.1week.png HTTP/1.1" 200 3277
200-55-104-193.dsl.prima.net.ar - - [09/Mar/2004:02:33:17 -0800] "GET /dccstats/stats-spam-ratio.1week.png HTTP/1.1" 200 2379
200-55-104-193.dsl.prima.net.ar - - [09/Mar/2004:02:33:18 -0800] "GET /dccstats/stats-hashes.1week.png HTTP/1.1" 200 1687
200-55-104-193.dsl.prima.net.ar - - [09/Mar/2004:02:33:18 -0800] "GET /dccstats/stats-spam.1month.png HTTP/1.1" 200 2592
200-55-104-193.dsl.prima.net.ar - - [09/Mar/2004:02:33:18 -0800] "GET /dccstats/stats-spam-ratio.1month.png HTTP/1.1" 200 1983
200-55-104-193.dsl.prima.net.ar - - [09/Mar/2004:02:33:18 -0800] "GET /dccstats/stats-hashes.1month.png HTTP/1.1" 200 1545
200-55-104-193.dsl.prima.net.ar - - [09/Mar/2004:02:33:18 -0800] "GET /dccstats/stats-spam.1year.png HTTP/1.1" 200 2222
200-55-104-193.dsl.prima.net.ar - - [09/Mar/2004:02:33:18 -0800] "GET /dccstats/stats-spam-ratio.1year.png HTTP/1.1" 200 1866
200-55-104-193.dsl.prima.net.ar - - [09/Mar/2004:02:33:18 -0800] "GET /dccstats/stats-hashes.1year.png HTTP/1.1" 200 1494
200-55-104-193.dsl.prima.net.ar - - [09/Mar/2004:02:33:18 -0800] "GET /favicon.ico HTTP/1.1" 200 1078
lj1052.inktomisearch.com - - [09/Mar/2004:02:39:17 -0800] "GET /robots.txt HTTP/1.0" 200 68
lj1162.inktomisearch.com - - [09/Mar/2004:02:39:18 -0800] "GET /twiki/bin/view/Main/SanJoseOffice HTTP/1.0" 200 3884
lj1162.inktomisearch.com - - [09/Mar/2004:03:10:39 -0800] "GET /twiki/bin/view/Main/SanJoseOffice HTTP/1.0" 200 3884
mail.geovariances.fr - - [09/Mar/2004:05:01:53 -0800] "GET /twiki/bin/view/Main/WebHome HTTP/1.1" 200 10419
mail.geovariances.fr - - [09/Mar/2004:05:01:53 -0800] "GET /twiki/pub/TWiki/TWikiLogos/twikiRobot46x50.gif HTTP/1.1" 200 2877
mail.geovariances.fr - - [09/Mar/2004:05:02:11 -0800] "GET /twiki/bin/view/Main/SpamAssassin HTTP/1.1" 200 4081
mail.geovariances.fr - - [09/Mar/2004:05:02:11 -0800] "GET /twiki/pub/TWiki/TWikiLogos/twikiRobot46x50.gif HTTP/1.1" 304 -
mail.geovariances.fr - - [09/Mar/2004:05:02:14 -0800] "GET /twiki/bin/view/Main/SpamAssassinAndPostFix HTTP/1.1" 200 4034
mail.geovariances.fr - - [09/Mar/2004:05:02:14 -0800] "GET /twiki/pub/TWiki/TWikiLogos/twikiRobot46x50.gif HTTP/1.1" 304 -
mail.geovariances.fr - - [09/Mar/2004:05:02:19 -0800] "GET /twiki/bin/view/Main/SpamAssassinTaggingOnly HTTP/1.1" 200 5691
mail.geovariances.fr - - [09/Mar/2004:05:02:19 -0800] "GET /twiki/pub/TWiki/TWikiLogos/twikiRobot46x50.gif HTTP/1.1" 304 -
mail.geovariances.fr - - [09/Mar/2004:05:02:27 -0800] "GET /twiki/bin/view/Main/SpamAssassinDeleting HTTP/1.1" 200 5543
mail.geovariances.fr - - [09/Mar/2004:05:02:28 -0800] "GET /twiki/pub/TWiki/TWikiLogos/twikiRobot46x50.gif HTTP/1.1" 304 -
mail.geovariances.fr - - [09/Mar/2004:05:04:09 -0800] "GET /twiki/bin/view/Main/DCCAndPostFix HTTP/1.1" 200 5253
mail.geovariances.fr - - [09/Mar/2004:05:04:09 -0800] "GET /twiki/pub/TWiki/TWikiLogos/twikiRobot46x50.gif HTTP/1.1" 304 -
mail.geovariances.fr - - [09/Mar/2004:05:09:30 -0800] "GET /twiki/bin/view/Main/SpamAssassinUsingRazorAndDCC HTTP/1.1" 200 7435
mail.geovariances.fr - - [09/Mar/2004:05:09:31 -0800] "GET /twiki/pub/TWiki/TWikiLogos/twikiRobot46x50.gif HTTP/1.1" 304 -
mail.geovariances.fr - - [09/Mar/2004:05:12:45 -0800] "GET /twiki/pub/TWiki/TWikiLogos/twikiRobot46x50.gif HTTP/1.1" 304 -
mail.geovariances.fr - - [09/Mar/2004:05:12:45 -0800] "GET /twiki/bin/view/Main/ConfigurationVariables HTTP/1.1" 200 58292
mail.geovariances.fr - - [09/Mar/2004:05:13:40 -0800] "GET /twiki/bin/view/TWiki/WebHome HTTP/1.1" 200 15182
mail.geovariances.fr - - [09/Mar/2004:05:13:40 -0800] "GET /twiki/pub/TWiki/TWikiLogos/twikiRobot46x50.gif HTTP/1.1" 304 -
mail.geovariances.fr - - [09/Mar/2004:05:13:40 -0800] "GET /twiki/pub/TWiki/TWikiLogos/twikiRobot131x64.gif HTTP/1.1" 200 7218
mail.geovariances.fr - - [09/Mar/2004:05:13:40 -0800] "GET /twiki/pub/TWiki/TWikiDocGraphics/tip.gif HTTP/1.1" 200 123
mail.geovariances.fr - - [09/Mar/2004:05:13:40 -0800] "GET /twiki/pub/TWiki/TWikiLogos/twikiRobot88x31.gif HTTP/1.1" 200 3501
mail.geovariances.fr - - [09/Mar/2004:05:14:13 -0800] "GET /twiki/bin/view/Sandbox/WebHome HTTP/1.1" 200 8632
mail.geovariances.fr - - [09/Mar/2004:05:14:14 -0800] "GET /twiki/pub/TWiki/TWikiLogos/twikiRobot46x50.gif HTTP/1.1" 304 -
66-194-6-70.gen.twtelecom.net - - [09/Mar/2004:05:20:20 -0800] "GET / HTTP/1.1" 200 3169
195.230.181.122 - - [09/Mar/2004:06:29:03 -0800] "GET /AmavisNew.html HTTP/1.0" 200 2300
ts04-ip92.hevanet.com - - [09/Mar/2004:06:33:21 -0800] "GET / HTTP/1.1" 200 3169
ts04-ip92.hevanet.com - - [09/Mar/2004:06:34:51 -0800] "GET /dccstats/index.html HTTP/1.1" 200 2955
ts04-ip92.hevanet.com - - [09/Mar/2004:06:34:53 -0800] "GET /dccstats/stats-spam.1day.png HTTP/1.1" 200 3027
ts04-ip92.hevanet.com - - [09/Mar/2004:06:34:53 -0800] "GET /dccstats/stats-spam-ratio.1day.png HTTP/1.1" 200 2148
ts04-ip92.hevanet.com - - [09/Mar/2004:06:34:54 -0800] "GET /dccstats/stats-spam.1week.png HTTP/1.1" 200 3200
ts04-ip92.hevanet.com - - [09/Mar/2004:06:34:54 -0800] "GET /dccstats/stats-spam-ratio.1week.png HTTP/1.1" 200 2341
ts04-ip92.hevanet.com - - [09/Mar/2004:06:34:55 -0800] "GET /dccstats/stats-hashes.1week.png HTTP/1.1" 200 1686
ts04-ip92.hevanet.com - - [09/Mar/2004:06:34:55 -0800] "GET /dccstats/stats-spam.1month.png HTTP/1.1" 200 2534
ts04-ip92.hevanet.com - - [09/Mar/2004:06:34:56 -0800] "GET /dccstats/stats-spam-ratio.1month.png HTTP/1.1" 200 1948
ts04-ip92.hevanet.com - - [09/Mar/2004:06:34:56 -0800] "GET /dccstats/stats-hashes.1month.png HTTP/1.1" 200 1549
ts04-ip92.hevanet.com - - [09/Mar/2004:06:34:57 -0800] "GET /dccstats/stats-spam.1year.png HTTP/1.1" 200 2214
ts04-ip92.hevanet.com - - [09/Mar/2004:06:34:57 -0800] "GET /dccstats/stats-spam-ratio.1year.png HTTP/1.1" 200 1873
ts04-ip92.hevanet.com - - [09/Mar/2004:06:34:58 -0800] "GET /dccstats/stats-hashes.1year.png HTTP/1.1" 200 1500
ts04-ip92.hevanet.com - - [09/Mar/2004:06:35:04 -0800] "GET /cgi-bin/mailgraph2.cgi HTTP/1.1" 200 2987
ts04-ip92.hevanet.com - - [09/Mar/2004:06:35:06 -0800] "GET /cgi-bin/mailgraph.cgi/mailgraph_0_err.png HTTP/1.1" 200 6708
ts04-ip92.hevanet.com - - [09/Mar/2004:06:35:06 -0800] "GET /cgi-bin/mailgraph.cgi/mailgraph_0.png HTTP/1.1" 200 8232
ts04-ip92.hevanet.com - - [09/Mar/2004:06:35:09 -0800] "GET /cgi-bin/mailgraph.cgi/mailgraph_1.png HTTP/1.1" 200 8857
ts04-ip92.hevanet.com - - [09/Mar/2004:06:35:10 -0800] "GET /cgi-bin/mailgraph.cgi/mailgraph_1_err.png HTTP/1.1" 200 7175
ts04-ip92.hevanet.com - - [09/Mar/2004:06:35:13 -0800] "GET /cgi-bin/mailgraph.cgi/mailgraph_2.png HTTP/1.1" 200 9391
ts04-ip92.hevanet.com - - [09/Mar/2004:06:35:13 -0800] "GET /cgi-bin/mailgraph.cgi/mailgraph_2_err.png HTTP/1.1" 200 6922
ts04-ip92.hevanet.com - - [09/Mar/2004:06:35:17 -0800] "GET /cgi-bin/mailgraph.cgi/mailgraph_3.png HTTP/1.1" 200 6618
ts04-ip92.hevanet.com - - [09/Mar/2004:06:35:17 -0800] "GET /cgi-bin/mailgraph.cgi/mailgraph_3_err.png HTTP/1.1" 200 5615
ts04-ip92.hevanet.com - - [09/Mar/2004:06:35:42 -0800] "GET /razor.html HTTP/1.1" 200 2869
ts04-ip92.hevanet.com - - [09/Mar/2004:06:36:28 -0800] "GET /twiki/bin/view/Main/WebHome HTTP/1.1" 200 10419
ts04-ip92.hevanet.com - - [09/Mar/2004:06:36:29 -0800] "GET /twiki/pub/TWiki/TWikiLogos/twikiRobot46x50.gif HTTP/1.1" 200 2877
ts04-ip92.hevanet.com - - [09/Mar/2004:06:36:51 -0800] "GET /twiki/bin/view/Main/SpamAssassinAndPostFix HTTP/1.1" 200 4034
ts04-ip92.hevanet.com - - [09/Mar/2004:06:37:00 -0800] "GET /twiki/bin/view/Main/SpamAssassinTaggingOnly HTTP/1.1" 200 5691
ts04-ip92.hevanet.com - - [09/Mar/2004:06:37:40 -0800] "GET /twiki/bin/view/Main/SpamAssassinDeleting HTTP/1.1" 200 5543
208-38-57-205.ip.cal.radiant.net - - [09/Mar/2004:07:27:10 -0800] "GET / HTTP/1.1" 200 3169
208-38-57-205.ip.cal.radiant.net - - [09/Mar/2004:07:27:10 -0800] "GET /favicon.ico HTTP/1.1" 200 1078
208-38-57-205.ip.cal.radiant.net - - [09/Mar/2004:07:27:44 -0800] "GET /twiki/bin/view/Main/WebHome HTTP/1.1" 200 10419
208-38-57-205.ip.cal.radiant.net - - [09/Mar/2004:07:27:44 -0800] "GET /twiki/pub/TWiki/TWikiLogos/twikiRobot46x50.gif HTTP/1.1" 200 2877
208-38-57-205.ip.cal.radiant.net - - [09/Mar/2004:07:27:44 -0800] "GET /favicon.ico HTTP/1.1" 200 1078
208-38-57-205.ip.cal.radiant.net - - [09/Mar/2004:07:27:59 -0800] "GET /twiki/bin/view/Main/SpamAssassinAndPostFix HTTP/1.1" 200 4034
208-38-57-205.ip.cal.radiant.net - - [09/Mar/2004:07:28:05 -0800] "GET /twiki/bin/view/Main/SpamAssassinTaggingOnly HTTP/1.1" 200 5691
208-38-57-205.ip.cal.radiant.net - - [09/Mar/2004:07:28:12 -0800] "GET /twiki/bin/view/Main/SpamAssassinDeleting HTTP/1.1" 200 5543
207.195.59.160 - - [09/Mar/2004:08:08:35 -0800] "GET / HTTP/1.1" 200 3169
207.195.59.160 - - [09/Mar/2004:08:08:37 -0800] "GET /twiki/bin/view/Main/WebHome HTTP/1.1" 200 10419
207.195.59.160 - - [09/Mar/2004:08:08:38 -0800] "GET /twiki/pub/TWiki/TWikiLogos/twikiRobot46x50.gif HTTP/1.1" 200 2877
207.195.59.160 - - [09/Mar/2004:08:08:54 -0800] "GET /twiki/bin/view/Main/SpamAssassinAndPostFix HTTP/1.1" 200 4034
207.195.59.160 - - [09/Mar/2004:08:08:54 -0800] "GET /twiki/pub/TWiki/TWikiLogos/twikiRobot46x50.gif HTTP/1.1" 304 -
207.195.59.160 - - [09/Mar/2004:08:08:57 -0800] "GET /twiki/bin/view/Main/SpamAssassinTaggingOnly HTTP/1.1" 200 5691
207.195.59.160 - - [09/Mar/2004:08:09:39 -0800] "GET /twiki/bin/view/Main/RBLsHowTo HTTP/1.1" 200 4665
207.195.59.160 - - [09/Mar/2004:08:09:39 -0800] "GET /twiki/pub/TWiki/TWikiLogos/twikiRobot46x50.gif HTTP/1.1" 304 -
207.195.59.160 - - [09/Mar/2004:08:09:58 -0800] "GET /twiki/bin/view/Main/PostfixCommands HTTP/1.1" 200 4016
207.195.59.160 - - [09/Mar/2004:08:09:58 -0800] "GET /twiki/pub/TWiki/TWikiLogos/twikiRobot46x50.gif HTTP/1.1" 304 -
207.195.59.160 - - [09/Mar/2004:08:10:04 -0800] "GET /twiki/bin/edit/Main/PostConf?topicparent=Main.PostfixCommands HTTP/1.1" 401 12851
207.195.59.160 - - [09/Mar/2004:08:10:06 -0800] "GET /twiki/pub/TWiki/TWikiDocGraphics/help.gif HTTP/1.1" 200 130
207.195.59.160 - - [09/Mar/2004:08:10:12 -0800] "GET /twiki/bin/view/Main/RelayGateway HTTP/1.1" 200 4232
207.195.59.160 - - [09/Mar/2004:08:10:12 -0800] "GET /twiki/pub/TWiki/TWikiLogos/twikiRobot46x50.gif HTTP/1.1" 304 -
207.195.59.160 - - [09/Mar/2004:08:10:20 -0800] "GET /twiki/bin/view/Main/Relay_Domains HTTP/1.1" 200 4583
fw1.millardref.com - - [09/Mar/2004:08:17:27 -0800] "GET / HTTP/1.1" 200 3169
207.195.59.160 - - [09/Mar/2004:08:17:34 -0800] "GET /twiki/bin/view/Main/VerifingGatway HTTP/1.1" 200 4750
fw1.millardref.com - - [09/Mar/2004:08:17:50 -0800] "GET /RBL.html HTTP/1.1" 200 4114
207.195.59.160 - - [09/Mar/2004:08:18:17 -0800] "GET /twiki/bin/view/Main/SideBar HTTP/1.1" 200 3972
207.195.59.160 - - [09/Mar/2004:08:18:17 -0800] "GET /twiki/pub/TWiki/TWikiLogos/twikiRobot46x50.gif HTTP/1.1" 304 -
fw1.millardref.com - - [09/Mar/2004:08:18:19 -0800] "GET /favicon.ico HTTP/1.1" 200 1078
fw1.millardref.com - - [09/Mar/2004:08:18:25 -0800] "GET /ie.htm HTTP/1.1" 200 3518
fw1.millardref.com - - [09/Mar/2004:08:18:26 -0800] "GET /images/image004.jpg HTTP/1.1" 200 10936
fw1.millardref.com - - [09/Mar/2004:08:18:27 -0800] "GET /images/image005.jpg HTTP/1.1" 200 21125
fw1.millardref.com - - [09/Mar/2004:08:18:27 -0800] "GET /images/msgops.JPG HTTP/1.1" 200 7939
207.195.59.160 - - [09/Mar/2004:08:18:50 -0800] "GET /twiki/bin/view/Main/WebHome HTTP/1.1" 200 10419
207.195.59.160 - - [09/Mar/2004:08:19:04 -0800] "GET /twiki/bin/view/Main/DCCAndPostFix HTTP/1.1" 200 5253
lj1007.inktomisearch.com - - [09/Mar/2004:09:55:44 -0800] "GET /robots.txt HTTP/1.0" 200 68
lj1125.inktomisearch.com - - [09/Mar/2004:09:55:53 -0800] "GET /twiki/bin/oops/TWiki/WebChangesAlert HTTP/1.0" 200 209
80.58.35.111.proxycache.rima-tde.net - - [09/Mar/2004:10:08:07 -0800] "GET /RBL.html HTTP/1.0" 200 4114
10.0.0.153 - - [09/Mar/2004:10:29:38 -0800] "GET / HTTP/1.1" 304 -
10.0.0.153 - - [09/Mar/2004:10:29:40 -0800] "GET /cgi-bin/mailgraph2.cgi HTTP/1.1" 200 2987
10.0.0.153 - - [09/Mar/2004:10:29:41 -0800] "GET /cgi-bin/mailgraph.cgi/mailgraph_1.png HTTP/1.1" 200 8830
10.0.0.153 - - [09/Mar/2004:10:29:41 -0800] "GET /cgi-bin/mailgraph.cgi/mailgraph_0.png HTTP/1.1" 200 7255
10.0.0.153 - - [09/Mar/2004:10:29:41 -0800] "GET /cgi-bin/mailgraph.cgi/mailgraph_0_err.png HTTP/1.1" 200 6703
10.0.0.153 - - [09/Mar/2004:10:29:41 -0800] "GET /cgi-bin/mailgraph.cgi/mailgraph_1_err.png HTTP/1.1" 200 7127
10.0.0.153 - - [09/Mar/2004:10:29:41 -0800] "GET /cgi-bin/mailgraph.cgi/mailgraph_2.png HTTP/1.1" 200 9241
10.0.0.153 - - [09/Mar/2004:10:29:41 -0800] "GET /cgi-bin/mailgraph.cgi/mailgraph_2_err.png HTTP/1.1" 200 6856
10.0.0.153 - - [09/Mar/2004:10:29:41 -0800] "GET /cgi-bin/mailgraph.cgi/mailgraph_3.png HTTP/1.1" 200 6618
10.0.0.153 - - [09/Mar/2004:10:29:41 -0800] "GET /cgi-bin/mailgraph.cgi/mailgraph_3_err.png HTTP/1.1" 200 5615
200.222.33.33 - - [09/Mar/2004:11:21:36 -0800] "GET /AmavisNew.html HTTP/1.1" 200 2300
1-320.cnc.bc.ca - - [09/Mar/2004:11:43:54 -0800] "GET /ie.htm HTTP/1.1" 200 3518
1-320.cnc.bc.ca - - [09/Mar/2004:11:43:56 -0800] "GET /images/image005.jpg HTTP/1.1" 200 21125
1-320.cnc.bc.ca - - [09/Mar/2004:11:43:56 -0800] "GET /images/msgops.JPG HTTP/1.1" 200 7939
1-320.cnc.bc.ca - - [09/Mar/2004:11:43:56 -0800] "GET /images/image004.jpg HTTP/1.1" 200 10936
l07v-1-17.d1.club-internet.fr - - [09/Mar/2004:11:57:20 -0800] "GET / HTTP/1.1" 200 3169
wwwcache.lanl.gov - - [09/Mar/2004:12:16:06 -0800] "GET /razor.html HTTP/1.1" 200 2869
trrc02m01-40.bctel.ca - - [09/Mar/2004:12:21:08 -0800] "GET /mailman/listinfo/ppwc HTTP/1.1" 200 6271
trrc02m01-40.bctel.ca - - [09/Mar/2004:12:21:09 -0800] "GET /icons/mailman.jpg HTTP/1.1" 200 2022
trrc02m01-40.bctel.ca - - [09/Mar/2004:12:21:09 -0800] "GET /icons/PythonPowered.png HTTP/1.1" 200 945
trrc02m01-40.bctel.ca - - [09/Mar/2004:12:21:10 -0800] "GET /icons/gnu-head-tiny.jpg HTTP/1.1" 200 3049
fw.kcm.org - - [09/Mar/2004:12:21:49 -0800] "GET /twiki/bin/view/Main/SpamAssassinTaggingOnly HTTP/1.1" 200 5691
fw.kcm.org - - [09/Mar/2004:12:21:49 -0800] "GET /twiki/pub/TWiki/TWikiLogos/twikiRobot46x50.gif HTTP/1.1" 200 2877
lj1048.inktomisearch.com - - [09/Mar/2004:12:52:21 -0800] "GET /robots.txt HTTP/1.0" 200 68
lj1031.inktomisearch.com - - [09/Mar/2004:12:52:58 -0800] "GET /twiki/bin/oops/TWiki/InterwikiPlugin HTTP/1.0" 200 209
c-24-20-163-223.client.comcast.net - - [09/Mar/2004:13:14:53 -0800] "GET / HTTP/1.1" 200 3169
c-24-20-163-223.client.comcast.net - - [09/Mar/2004:13:15:15 -0800] "GET /twiki/bin/view/Main/WebHome HTTP/1.1" 200 10419
c-24-20-163-223.client.comcast.net - - [09/Mar/2004:13:15:15 -0800] "GET /twiki/pub/TWiki/TWikiLogos/twikiRobot46x50.gif HTTP/1.1" 200 2877
c-24-20-163-223.client.comcast.net - - [09/Mar/2004:13:15:23 -0800] "GET /twiki/bin/view/Main/SpamAssassin HTTP/1.1" 200 4081
c-24-20-163-223.client.comcast.net - - [09/Mar/2004:13:15:33 -0800] "GET /twiki/bin/view/Main/SpamAssassinAndPostFix HTTP/1.1" 200 4034
c-24-20-163-223.client.comcast.net - - [09/Mar/2004:13:15:49 -0800] "GET /twiki/bin/view/Main/SpamAssassinTaggingOnly HTTP/1.1" 200 5691
c-24-20-163-223.client.comcast.net - - [09/Mar/2004:13:16:00 -0800] "GET /twiki/bin/view/Main/DCCAndPostFix HTTP/1.1" 200 5253
h194n2fls308o1033.telia.com - - [09/Mar/2004:13:49:05 -0800] "-" 408 -
h24-71-236-129.ca.shawcable.net - - [09/Mar/2004:14:43:02 -0800] "GET /mailman HTTP/1.1" 302 301
h24-71-236-129.ca.shawcable.net - - [09/Mar/2004:14:43:03 -0800] "GET /mailman/listinfo HTTP/1.1" 200 6893
h24-71-236-129.ca.shawcable.net - - [09/Mar/2004:14:43:04 -0800] "GET /icons/mailman.jpg HTTP/1.1" 304 -
h24-71-236-129.ca.shawcable.net - - [09/Mar/2004:14:43:05 -0800] "GET /icons/PythonPowered.png HTTP/1.1" 304 -
h24-71-236-129.ca.shawcable.net - - [09/Mar/2004:14:43:05 -0800] "GET /icons/gnu-head-tiny.jpg HTTP/1.1" 304 -
h24-71-236-129.ca.shawcable.net - - [09/Mar/2004:14:43:12 -0800] "GET /mailman/listinfo/ppwc HTTP/1.1" 200 6271
jacksonproject.cnc.bc.ca - - [09/Mar/2004:14:50:15 -0800] "GET / HTTP/1.1" 200 3169
jacksonproject.cnc.bc.ca - - [09/Mar/2004:14:50:23 -0800] "GET /mailman HTTP/1.1" 302 301
jacksonproject.cnc.bc.ca - - [09/Mar/2004:14:50:23 -0800] "GET /mailman/listinfo HTTP/1.1" 200 6893
jacksonproject.cnc.bc.ca - - [09/Mar/2004:14:50:24 -0800] "GET /icons/mailman.jpg HTTP/1.1" 200 2022
jacksonproject.cnc.bc.ca - - [09/Mar/2004:14:50:24 -0800] "GET /icons/gnu-head-tiny.jpg HTTP/1.1" 200 3049
jacksonproject.cnc.bc.ca - - [09/Mar/2004:14:50:24 -0800] "GET /icons/PythonPowered.png HTTP/1.1" 200 945
jacksonproject.cnc.bc.ca - - [09/Mar/2004:14:50:28 -0800] "GET /mailman/listinfo/ppwc HTTP/1.1" 200 6271
jacksonproject.cnc.bc.ca - - [09/Mar/2004:14:56:15 -0800] "GET / HTTP/1.1" 304 -
home.yeungs.net - - [09/Mar/2004:15:03:55 -0800] "GET /AmavisNew.html HTTP/1.1" 200 2300
203.147.138.233 - - [09/Mar/2004:15:25:03 -0800] "GET /dccstats/index.html HTTP/1.1" 200 2955
203.147.138.233 - - [09/Mar/2004:15:25:05 -0800] "GET /favicon.ico HTTP/1.1" 200 1078
203.147.138.233 - - [09/Mar/2004:15:25:14 -0800] "GET /dccstats/stats-spam.1day.png HTTP/1.1" 200 3041
203.147.138.233 - - [09/Mar/2004:15:25:15 -0800] "GET /dccstats/stats-hashes.1week.png HTTP/1.1" 200 1695
203.147.138.233 - - [09/Mar/2004:15:25:15 -0800] "GET /dccstats/stats-spam.1month.png HTTP/1.1" 200 2577
203.147.138.233 - - [09/Mar/2004:15:25:15 -0800] "GET /dccstats/stats-spam.1week.png HTTP/1.1" 200 3203
203.147.138.233 - - [09/Mar/2004:15:25:15 -0800] "GET /dccstats/stats-spam-ratio.1month.png HTTP/1.1" 200 1970
203.147.138.233 - - [09/Mar/2004:15:25:15 -0800] "GET /dccstats/stats-spam-ratio.1day.png HTTP/1.1" 200 2181
203.147.138.233 - - [09/Mar/2004:15:25:15 -0800] "GET /dccstats/stats-hashes.1month.png HTTP/1.1" 200 1550
203.147.138.233 - - [09/Mar/2004:15:25:15 -0800] "GET /dccstats/stats-spam-ratio.1week.png HTTP/1.1" 200 2314
203.147.138.233 - - [09/Mar/2004:15:25:15 -0800] "GET /dccstats/stats-spam-ratio.1year.png HTTP/1.1" 200 1850
203.147.138.233 - - [09/Mar/2004:15:25:15 -0800] "GET /dccstats/stats-spam.1year.png HTTP/1.1" 200 2213
203.147.138.233 - - [09/Mar/2004:15:25:15 -0800] "GET /dccstats/stats-hashes.1year.png HTTP/1.1" 200 1509
h24-71-236-129.ca.shawcable.net - - [09/Mar/2004:15:37:35 -0800] "GET /mailman/listinfo/ppwc HTTP/1.1" 200 6271
h24-71-236-129.ca.shawcable.net - - [09/Mar/2004:15:37:36 -0800] "GET /icons/mailman.jpg HTTP/1.1" 304 -
h24-71-236-129.ca.shawcable.net - - [09/Mar/2004:15:37:36 -0800] "GET /icons/PythonPowered.png HTTP/1.1" 304 -
h24-71-236-129.ca.shawcable.net - - [09/Mar/2004:15:37:36 -0800] "GET /icons/gnu-head-tiny.jpg HTTP/1.1" 304 -
208-38-57-205.ip.cal.radiant.net - - [09/Mar/2004:15:44:52 -0800] "GET / HTTP/1.1" 200 3169
208-38-57-205.ip.cal.radiant.net - - [09/Mar/2004:15:44:52 -0800] "GET /favicon.ico HTTP/1.1" 200 1078
208-38-57-205.ip.cal.radiant.net - - [09/Mar/2004:15:44:57 -0800] "GET /rejected.html HTTP/1.1" 200 3998
h24-71-236-129.ca.shawcable.net - - [09/Mar/2004:15:51:10 -0800] "GET /mailman/admin/ppwc HTTP/1.1" 200 2082
h24-71-236-129.ca.shawcable.net - - [09/Mar/2004:15:51:24 -0800] "POST /mailman/admin/ppwc HTTP/1.1" 200 2182
h24-71-236-129.ca.shawcable.net - - [09/Mar/2004:15:52:09 -0800] "POST /mailman/admin/ppwc HTTP/1.1" 200 2182
h24-71-236-129.ca.shawcable.net - - [09/Mar/2004:15:52:15 -0800] "POST /mailman/admin/ppwc HTTP/1.1" 200 19597
h24-71-236-129.ca.shawcable.net - - [09/Mar/2004:15:53:40 -0800] "GET /mailman/admin/ppwc/logout HTTP/1.1" 200 2103
h24-71-236-129.ca.shawcable.net - - [09/Mar/2004:15:53:49 -0800] "GET /mailman/listinfo HTTP/1.1" 200 6893
h24-71-236-129.ca.shawcable.net - - [09/Mar/2004:15:53:56 -0800] "GET /mailman/listinfo/ppwc HTTP/1.1" 200 6271
lj1123.inktomisearch.com - - [09/Mar/2004:16:23:55 -0800] "GET /twiki/bin/oops/TWiki/RegularExp HTTP/1.0" 200 209
206-15-133-153.dialup.ziplink.net - - [09/Mar/2004:16:27:48 -0800] "HEAD /twiki/bin/view/Main/SpamAssassinDeleting HTTP/1.1" 200 0
lj1048.inktomisearch.com - - [09/Mar/2004:17:10:26 -0800] "GET /robots.txt HTTP/1.0" 200 68
lj1061.inktomisearch.com - - [09/Mar/2004:17:10:28 -0800] "GET /twiki/bin/oops/TWiki/TablePlugin HTTP/1.0" 200 209
korell2.cc.gatech.edu - - [09/Mar/2004:17:33:58 -0800] "GET /razor.html HTTP/1.0" 200 2869
65-37-13-251.nrp2.roc.ny.frontiernet.net - - [09/Mar/2004:17:42:41 -0800] "GET /twiki/bin/view/Main/WebHome HTTP/1.1" 200 10419
65-37-13-251.nrp2.roc.ny.frontiernet.net - - [09/Mar/2004:17:42:42 -0800] "GET /favicon.ico HTTP/1.1" 200 1078
65-37-13-251.nrp2.roc.ny.frontiernet.net - - [09/Mar/2004:17:42:42 -0800] "GET /twiki/pub/TWiki/TWikiLogos/twikiRobot46x50.gif HTTP/1.1" 200 2877
65-37-13-251.nrp2.roc.ny.frontiernet.net - - [09/Mar/2004:17:43:54 -0800] "GET /twiki/bin/view/Main/RBLsHowTo HTTP/1.1" 200 4665
65-37-13-251.nrp2.roc.ny.frontiernet.net - - [09/Mar/2004:17:45:02 -0800] "GET /twiki/bin/view/Sandbox/WebHome HTTP/1.1" 200 8632
cpe-203-51-137-224.vic.bigpond.net.au - - [09/Mar/2004:18:00:43 -0800] "GET /mailman/admin HTTP/1.1" 200 6872
cpe-203-51-137-224.vic.bigpond.net.au - - [09/Mar/2004:18:00:44 -0800] "GET /icons/mailman.jpg HTTP/1.1" 200 2022
cpe-203-51-137-224.vic.bigpond.net.au - - [09/Mar/2004:18:00:44 -0800] "GET /icons/PythonPowered.png HTTP/1.1" 200 945
cpe-203-51-137-224.vic.bigpond.net.au - - [09/Mar/2004:18:00:44 -0800] "GET /icons/gnu-head-tiny.jpg HTTP/1.1" 200 3049
cpe-203-51-137-224.vic.bigpond.net.au - - [09/Mar/2004:18:01:11 -0800] "GET /mailman/admin/webct HTTP/1.1" 200 2080
cpe-203-51-137-224.vic.bigpond.net.au - - [09/Mar/2004:18:01:24 -0800] "GET /mailman HTTP/1.1" 302 301
cpe-203-51-137-224.vic.bigpond.net.au - - [09/Mar/2004:18:01:25 -0800] "GET /mailman/listinfo HTTP/1.1" 200 6893
cpe-203-51-137-224.vic.bigpond.net.au - - [09/Mar/2004:18:01:28 -0800] "GET /mailman/listinfo/administration HTTP/1.1" 200 6459
cpe-203-51-137-224.vic.bigpond.net.au - - [09/Mar/2004:18:01:45 -0800] "GET /mailman/listinfo/cnc_notice HTTP/1.1" 200 6337
cpe-203-51-137-224.vic.bigpond.net.au - - [09/Mar/2004:18:02:07 -0800] "GET /mailman/listinfo HTTP/1.1" 200 6893
grandpa.mmlc.northwestern.edu - - [09/Mar/2004:18:06:27 -0800] "GET /razor.html HTTP/1.1" 200 2869
grandpa.mmlc.northwestern.edu - - [09/Mar/2004:18:06:27 -0800] "GET /favicon.ico HTTP/1.1" 200 1078
mth-fgw.ballarat.edu.au - - [09/Mar/2004:20:23:32 -0800] "GET /twiki/bin/view/Main/SpamAssassinTaggingOnly HTTP/1.1" 200 5691
mth-fgw.ballarat.edu.au - - [09/Mar/2004:20:23:32 -0800] "GET /twiki/pub/TWiki/TWikiLogos/twikiRobot46x50.gif HTTP/1.1" 200 2877
mth-fgw.ballarat.edu.au - - [09/Mar/2004:20:25:15 -0800] "GET /twiki/bin/view/Main/SpamAssassinAndPostFix HTTP/1.1" 200 4034
mth-fgw.ballarat.edu.au - - [09/Mar/2004:20:25:18 -0800] "GET /twiki/bin/view/Main/SpamAssassinDeleting HTTP/1.1" 200 5543
calcite.rhyolite.com - - [09/Mar/2004:20:34:55 -0800] "GET /clients.html HTTP/1.1" 200 18892
mth-fgw.ballarat.edu.au - - [09/Mar/2004:20:45:43 -0800] "GET /twiki/bin/view/Main/WebHome HTTP/1.1" 200 10419
mth-fgw.ballarat.edu.au - - [09/Mar/2004:20:45:48 -0800] "GET /twiki/bin/view/Main/SpamAssassinAndPostFix HTTP/1.1" 200 4034
mth-fgw.ballarat.edu.au - - [09/Mar/2004:20:45:51 -0800] "GET /twiki/bin/view/Main/SpamAssassinDeleting HTTP/1.1" 200 5543
2-238.cnc.bc.ca - - [09/Mar/2004:21:33:22 -0800] "GET / HTTP/1.1" 200 3169
lj1048.inktomisearch.com - - [09/Mar/2004:21:51:09 -0800] "GET /robots.txt HTTP/1.0" 200 68
lj1153.inktomisearch.com - - [09/Mar/2004:21:51:16 -0800] "GET /twiki/bin/oops/Main/ThanadonSomdee HTTP/1.0" 200 209
mmscrm07-2.sac.overture.com - - [09/Mar/2004:22:23:39 -0800] "GET /robots.txt HTTP/1.0" 200 68
lj1036.inktomisearch.com - - [09/Mar/2004:22:31:21 -0800] "GET /twiki/bin/oops/Know/TopicClassification HTTP/1.0" 200 209
adsl-157-26-153.msy.bellsouth.net - - [09/Mar/2004:22:40:32 -0800] "GET /twiki/bin/view/Main/SpamAssassinTaggingOnly HTTP/1.1" 200 5691
adsl-157-26-153.msy.bellsouth.net - - [09/Mar/2004:22:40:33 -0800] "GET /twiki/pub/TWiki/TWikiLogos/twikiRobot46x50.gif HTTP/1.1" 200 2877
lj1164.inktomisearch.com - - [09/Mar/2004:22:44:31 -0800] "GET /twiki/bin/oops/TWiki/TextFormattingRules HTTP/1.0" 200 209
66-194-6-79.gen.twtelecom.net - - [09/Mar/2004:23:36:11 -0800] "GET / HTTP/1.1" 200 3169
lj1231.inktomisearch.com - - [10/Mar/2004:00:21:51 -0800] "GET /twiki/bin/oops/Main/TWikiUsers HTTP/1.0" 200 209
212.21.228.26 - - [10/Mar/2004:00:24:58 -0800] "GET /razor.html HTTP/1.0" 200 2869
yongsan-cache.korea.army.mil - - [10/Mar/2004:00:29:44 -0800] "GET /mailman/listinfo/cncce HTTP/1.1" 200 6208
yongsan-cache.korea.army.mil - - [10/Mar/2004:00:29:44 -0800] "GET /icons/mailman.jpg HTTP/1.1" 200 2022
yongsan-cache.korea.army.mil - - [10/Mar/2004:00:29:44 -0800] "GET /icons/PythonPowered.png HTTP/1.1" 200 945
yongsan-cache.korea.army.mil - - [10/Mar/2004:00:29:45 -0800] "GET /icons/gnu-head-tiny.jpg HTTP/1.1" 200 3049
pd9e761cf.dip.t-dialin.net - - [10/Mar/2004:02:07:27 -0800] "GET /AmavisNew.html HTTP/1.1" 200 2300
lj1048.inktomisearch.com - - [10/Mar/2004:02:31:33 -0800] "GET /robots.txt HTTP/1.0" 200 68
lj1160.inktomisearch.com - - [10/Mar/2004:02:31:44 -0800] "GET /razor.html HTTP/1.0" 304 -
nb-bolz.cremona.polimi.it - - [10/Mar/2004:02:52:49 -0800] "GET /AmavisNew.html HTTP/1.1" 200 2300
pc-030-040.eco.rug.nl - - [10/Mar/2004:02:55:00 -0800] "GET /SpamAssassin.html HTTP/1.1" 200 7368
pc3-registry-stockholm.telia.net - - [10/Mar/2004:03:11:40 -0800] "GET /twiki/bin/view/Main/WebHome HTTP/1.1" 200 10419
pc3-registry-stockholm.telia.net - - [10/Mar/2004:03:11:50 -0800] "GET /twiki/bin/view/Main/SpamAssassinAndPostFix HTTP/1.1" 200 4034
pc3-registry-stockholm.telia.net - - [10/Mar/2004:03:11:53 -0800] "GET /twiki/bin/view/Main/SpamAssassinTaggingOnly HTTP/1.1" 200 5691
pc3-registry-stockholm.telia.net - - [10/Mar/2004:03:12:07 -0800] "GET /twiki/bin/view/Main/SpamAssassinDeleting HTTP/1.1" 200 5543
pc3-registry-stockholm.telia.net - - [10/Mar/2004:03:12:20 -0800] "GET /twiki/bin/view/Main/ConfigurationVariables HTTP/1.1" 200 58292
pc3-registry-stockholm.telia.net - - [10/Mar/2004:03:12:33 -0800] "GET /twiki/bin/view/Main/RBLsHowTo HTTP/1.1" 200 4665
pc3-registry-stockholm.telia.net - - [10/Mar/2004:03:12:45 -0800] "GET /twiki/bin/view/Main/PostfixCommands HTTP/1.1" 200 4016
pc3-registry-stockholm.telia.net - - [10/Mar/2004:03:12:48 -0800] "GET /twiki/bin/view/Main/PostSuper HTTP/1.1" 200 3629
pc3-registry-stockholm.telia.net - - [10/Mar/2004:03:12:56 -0800] "GET /twiki/bin/view/Main/LinksOfUse HTTP/1.1" 200 4534
pc3-registry-stockholm.telia.net - - [10/Mar/2004:03:14:40 -0800] "GET /twiki/bin/view/Main/DCCAndPostFix HTTP/1.1" 200 5253
pc3-registry-stockholm.telia.net - - [10/Mar/2004:03:14:54 -0800] "GET /twiki/bin/view/Main/SpamAssassinUsingRazorAndDCC HTTP/1.1" 200 7435
pc3-registry-stockholm.telia.net - - [10/Mar/2004:03:15:28 -0800] "GET /twiki/bin/view/Main/SideBar HTTP/1.1" 200 3972
pc3-registry-stockholm.telia.net - - [10/Mar/2004:03:15:33 -0800] "GET /twiki/bin/view/Main/DCCGraphs HTTP/1.1" 200 5402
80.58.14.235.proxycache.rima-tde.net - - [10/Mar/2004:03:52:49 -0800] "GET /mailman/listinfo/fnac HTTP/1.0" 200 5969
80.58.14.235.proxycache.rima-tde.net - - [10/Mar/2004:03:52:51 -0800] "GET /icons/PythonPowered.png HTTP/1.1" 200 945
80.58.14.235.proxycache.rima-tde.net - - [10/Mar/2004:03:52:51 -0800] "GET /icons/mailman.jpg HTTP/1.1" 200 2022
80.58.14.235.proxycache.rima-tde.net - - [10/Mar/2004:03:52:52 -0800] "GET /icons/gnu-head-tiny.jpg HTTP/1.1" 200 3049
66-194-6-70.gen.twtelecom.net - - [10/Mar/2004:05:21:38 -0800] "GET / HTTP/1.1" 200 3169
pd9e50809.dip.t-dialin.net - - [10/Mar/2004:07:36:56 -0800] "GET /razor.html HTTP/1.0" 200 2869
10.0.0.153 - - [10/Mar/2004:08:36:28 -0800] "GET / HTTP/1.1" 304 -
10.0.0.153 - - [10/Mar/2004:08:36:30 -0800] "GET /cgi-bin/mailgraph2.cgi HTTP/1.1" 200 2987
10.0.0.153 - - [10/Mar/2004:08:36:31 -0800] "GET /cgi-bin/mailgraph.cgi/mailgraph_0.png HTTP/1.1" 200 7783
10.0.0.153 - - [10/Mar/2004:08:36:31 -0800] "GET /cgi-bin/mailgraph.cgi/mailgraph_1.png HTTP/1.1" 200 8845
10.0.0.153 - - [10/Mar/2004:08:36:31 -0800] "GET /cgi-bin/mailgraph.cgi/mailgraph_0_err.png HTTP/1.1" 200 6274
10.0.0.153 - - [10/Mar/2004:08:36:31 -0800] "GET /cgi-bin/mailgraph.cgi/mailgraph_1_err.png HTTP/1.1" 200 7071
10.0.0.153 - - [10/Mar/2004:08:36:31 -0800] "GET /cgi-bin/mailgraph.cgi/mailgraph_2.png HTTP/1.1" 200 9328
10.0.0.153 - - [10/Mar/2004:08:36:31 -0800] "GET /cgi-bin/mailgraph.cgi/mailgraph_2_err.png HTTP/1.1" 200 6976
10.0.0.153 - - [10/Mar/2004:08:36:31 -0800] "GET /cgi-bin/mailgraph.cgi/mailgraph_3.png HTTP/1.1" 200 6619
10.0.0.153 - - [10/Mar/2004:08:36:31 -0800] "GET /cgi-bin/mailgraph.cgi/mailgraph_3_err.png HTTP/1.1" 200 5517
10.0.0.153 - - [10/Mar/2004:08:36:57 -0800] "GET /dccstats/index.html HTTP/1.1" 304 -
10.0.0.153 - - [10/Mar/2004:08:36:58 -0800] "GET /dccstats/stats-spam.1day.png HTTP/1.1" 200 3020
10.0.0.153 - - [10/Mar/2004:08:36:58 -0800] "GET /dccstats/stats-spam-ratio.1day.png HTTP/1.1" 200 2287
10.0.0.153 - - [10/Mar/2004:08:36:58 -0800] "GET /dccstats/stats-spam-ratio.1week.png HTTP/1.1" 200 2332
10.0.0.153 - - [10/Mar/2004:08:36:58 -0800] "GET /dccstats/stats-hashes.1week.png HTTP/1.1" 200 1673
10.0.0.153 - - [10/Mar/2004:08:36:58 -0800] "GET /dccstats/stats-spam.1month.png HTTP/1.1" 200 2583
10.0.0.153 - - [10/Mar/2004:08:36:58 -0800] "GET /dccstats/stats-spam-ratio.1month.png HTTP/1.1" 200 1976
10.0.0.153 - - [10/Mar/2004:08:36:58 -0800] "GET /dccstats/stats-spam.1week.png HTTP/1.1" 200 3364
10.0.0.153 - - [10/Mar/2004:08:36:58 -0800] "GET /dccstats/stats-spam.1year.png HTTP/1.1" 200 2220
10.0.0.153 - - [10/Mar/2004:08:36:58 -0800] "GET /dccstats/stats-hashes.1month.png HTTP/1.1" 200 1627
10.0.0.153 - - [10/Mar/2004:08:36:58 -0800] "GET /dccstats/stats-spam-ratio.1year.png HTTP/1.1" 200 1837
10.0.0.153 - - [10/Mar/2004:08:36:58 -0800] "GET /dccstats/stats-hashes.1year.png HTTP/1.1" 200 1528
ts05-ip44.hevanet.com - - [10/Mar/2004:08:51:31 -0800] "GET / HTTP/1.1" 304 -
ts05-ip44.hevanet.com - - [10/Mar/2004:08:52:13 -0800] "GET /twiki/bin/view/Main/WebHome HTTP/1.1" 200 10419
ts05-ip44.hevanet.com - - [10/Mar/2004:08:52:16 -0800] "GET /twiki/pub/TWiki/TWikiLogos/twikiRobot46x50.gif HTTP/1.1" 304 -
ts05-ip44.hevanet.com - - [10/Mar/2004:08:52:25 -0800] "GET /twiki/bin/view/Main/DCCAndPostFix HTTP/1.1" 200 5253
ts05-ip44.hevanet.com - - [10/Mar/2004:08:52:52 -0800] "GET /twiki/bin/view/Main/SpamAssassinUsingRazorAndDCC HTTP/1.1" 200 7435
ts05-ip44.hevanet.com - - [10/Mar/2004:08:53:12 -0800] "GET /twiki/bin/view/Main/PostfixCommands HTTP/1.1" 200 4016
ts05-ip44.hevanet.com - - [10/Mar/2004:08:53:19 -0800] "GET /twiki/bin/view/Main/PostfixCmd HTTP/1.1" 200 4173
ts05-ip44.hevanet.com - - [10/Mar/2004:08:53:33 -0800] "GET /twiki/bin/view/Main/PostSuper HTTP/1.1" 200 3629
ts05-ip44.hevanet.com - - [10/Mar/2004:08:54:15 -0800] "GET /twiki/bin/view/Main/ConfigurationVariables HTTP/1.1" 200 58292
ts05-ip44.hevanet.com - - [10/Mar/2004:08:54:37 -0800] "GET /twiki/bin/view/Main/RBLsHowTo HTTP/1.1" 200 4665
ts05-ip44.hevanet.com - - [10/Mar/2004:08:55:03 -0800] "GET /twiki/bin/view/Main/RelayGateway HTTP/1.1" 200 4232
ts05-ip44.hevanet.com - - [10/Mar/2004:08:55:17 -0800] "GET /twiki/bin/view/Main/VerifingGatway HTTP/1.1" 200 4750
ts05-ip44.hevanet.com - - [10/Mar/2004:08:55:40 -0800] "GET /twiki/bin/view/Main/KevinWGagel HTTP/1.1" 200 4901
ts05-ip44.hevanet.com - - [10/Mar/2004:08:55:49 -0800] "GET /twiki/bin/view/Main/LinksOfUse HTTP/1.1" 200 4534
ts05-ip44.hevanet.com - - [10/Mar/2004:08:56:10 -0800] "GET /twiki/bin/view/Main/SideBar HTTP/1.1" 200 3972
ts05-ip44.hevanet.com - - [10/Mar/2004:08:56:13 -0800] "GET /twiki/bin/view/Main/DCCGraphs HTTP/1.1" 200 5402
lj1048.inktomisearch.com - - [10/Mar/2004:09:05:59 -0800] "GET /robots.txt HTTP/1.0" 200 68
lj1145.inktomisearch.com - - [10/Mar/2004:09:05:59 -0800] "GET /twiki/bin/oops/TWiki/MoveTopic HTTP/1.0" 200 209
cacher2-ext.wise.edt.ericsson.se - - [10/Mar/2004:09:41:56 -0800] "GET /razor.html HTTP/1.0" 200 2869
adsl-64-173-42-65.dsl.snfc21.pacbell.net - - [10/Mar/2004:10:37:53 -0800] "GET /AmavisNew.html HTTP/1.1" 200 2300
ic8234.upco.es - - [10/Mar/2004:10:38:04 -0800] "GET /twiki/bin/view/Main/WebHome HTTP/1.1" 200 10419
ic8234.upco.es - - [10/Mar/2004:10:38:05 -0800] "GET /twiki/pub/TWiki/TWikiLogos/twikiRobot46x50.gif HTTP/1.1" 200 2877
ic8234.upco.es - - [10/Mar/2004:10:38:23 -0800] "GET /twiki/bin/view/Main/PostfixCommands HTTP/1.1" 200 4016
ic8234.upco.es - - [10/Mar/2004:10:38:27 -0800] "GET /twiki/bin/view/Main/PostSuper HTTP/1.1" 200 3629
ns.mou.cz - - [10/Mar/2004:10:59:06 -0800] "GET /AmavisNew.html HTTP/1.1" 200 2300
h24-71-236-129.ca.shawcable.net - - [10/Mar/2004:11:12:51 -0800] "GET /mailman/listinfo/ppwc HTTP/1.1" 200 6271
lj1117.inktomisearch.com - - [10/Mar/2004:11:13:21 -0800] "GET /twiki/bin/view/Know/WebStatistics HTTP/1.0" 200 6394
h24-71-236-129.ca.shawcable.net - - [10/Mar/2004:11:18:59 -0800] "GET /mailman/admin/ppwc HTTP/1.1" 200 2082
h24-71-236-129.ca.shawcable.net - - [10/Mar/2004:11:19:00 -0800] "GET /icons/mailman.jpg HTTP/1.1" 200 2022
h24-71-236-129.ca.shawcable.net - - [10/Mar/2004:11:19:00 -0800] "GET /icons/PythonPowered.png HTTP/1.1" 200 945
h24-71-236-129.ca.shawcable.net - - [10/Mar/2004:11:19:00 -0800] "GET /icons/gnu-head-tiny.jpg HTTP/1.1" 200 3049
h24-71-236-129.ca.shawcable.net - - [10/Mar/2004:11:19:32 -0800] "POST /mailman/admin/ppwc HTTP/1.1" 200 19597
h24-71-236-129.ca.shawcable.net - - [10/Mar/2004:11:41:25 -0800] "GET /mailman/admin/ppwc HTTP/1.1" 200 2082
h24-71-236-129.ca.shawcable.net - - [10/Mar/2004:11:41:25 -0800] "GET /icons/mailman.jpg HTTP/1.1" 304 -
h24-71-236-129.ca.shawcable.net - - [10/Mar/2004:11:41:25 -0800] "GET /icons/gnu-head-tiny.jpg HTTP/1.1" 304 -
h24-71-236-129.ca.shawcable.net - - [10/Mar/2004:11:41:25 -0800] "GET /icons/PythonPowered.png HTTP/1.1" 304 -
h24-71-236-129.ca.shawcable.net - - [10/Mar/2004:11:41:52 -0800] "POST /mailman/admin/ppwc HTTP/1.1" 200 19597
h24-71-236-129.ca.shawcable.net - - [10/Mar/2004:11:43:26 -0800] "GET /mailman/listinfo/ppwc HTTP/1.1" 200 6271
h24-71-236-129.ca.shawcable.net - - [10/Mar/2004:11:44:13 -0800] "GET /mailman/admin/ppwc/members HTTP/1.1" 200 15271
h24-71-236-129.ca.shawcable.net - - [10/Mar/2004:11:44:27 -0800] "GET /mailman/admin/ppwc/members?letter=n HTTP/1.1" 200 15131
h24-71-236-129.ca.shawcable.net - - [10/Mar/2004:11:44:44 -0800] "GET /mailman/admin/ppwc/members?letter=p HTTP/1.1" 200 24507
h24-71-236-129.ca.shawcable.net - - [10/Mar/2004:11:45:22 -0800] "GET /mailman/admin/ppwc/passwords HTTP/1.1" 200 6217
h24-71-236-129.ca.shawcable.net - - [10/Mar/2004:11:45:51 -0800] "GET /mailman/admin/ppwc/gateway HTTP/1.1" 200 0
h24-71-236-129.ca.shawcable.net - - [10/Mar/2004:11:45:51 -0800] "GET /mailman/admin/ppwc/gateway HTTP/1.1" 200 8692
h24-71-236-129.ca.shawcable.net - - [10/Mar/2004:11:46:42 -0800] "GET /mailman/admin/ppwc/general HTTP/1.1" 200 19597
h24-71-236-129.ca.shawcable.net - - [10/Mar/2004:11:47:37 -0800] "GET /mailman/admin/ppwc/?VARHELP=general/owner HTTP/1.1" 200 3505
h24-71-236-129.ca.shawcable.net - - [10/Mar/2004:11:49:57 -0800] "GET /mailman/admin/ppwc HTTP/1.1" 200 2082
h24-71-236-129.ca.shawcable.net - - [10/Mar/2004:11:49:57 -0800] "GET /icons/mailman.jpg HTTP/1.1" 304 -
h24-71-236-129.ca.shawcable.net - - [10/Mar/2004:11:49:57 -0800] "GET /icons/gnu-head-tiny.jpg HTTP/1.1" 304 -
h24-71-236-129.ca.shawcable.net - - [10/Mar/2004:11:49:57 -0800] "GET /icons/PythonPowered.png HTTP/1.1" 304 -
h24-71-236-129.ca.shawcable.net - - [10/Mar/2004:11:50:28 -0800] "GET /mailman/listinfo HTTP/1.1" 200 6893
h24-71-236-129.ca.shawcable.net - - [10/Mar/2004:11:50:35 -0800] "GET /mailman/listinfo/ppwc HTTP/1.1" 200 6271
h24-71-236-129.ca.shawcable.net - - [10/Mar/2004:11:52:14 -0800] "GET /mailman/listinfo/ppwc HTTP/1.1" 200 6271
h24-71-236-129.ca.shawcable.net - - [10/Mar/2004:11:52:42 -0800] "GET /mailman/listinfo HTTP/1.1" 200 6893
10.0.0.153 - - [10/Mar/2004:12:02:38 -0800] "GET / HTTP/1.1" 304 -
10.0.0.153 - - [10/Mar/2004:12:02:43 -0800] "GET /twiki/bin/view/Main/WebHome HTTP/1.1" 200 10419
10.0.0.153 - - [10/Mar/2004:12:02:43 -0800] "GET /twiki/pub/TWiki/TWikiLogos/twikiRobot46x50.gif HTTP/1.1" 304 -
10.0.0.153 - - [10/Mar/2004:12:02:45 -0800] "GET /mailman HTTP/1.1" 302 301
10.0.0.153 - - [10/Mar/2004:12:02:46 -0800] "GET /mailman/listinfo HTTP/1.1" 200 6893
10.0.0.153 - - [10/Mar/2004:12:02:46 -0800] "GET /icons/mailman.jpg HTTP/1.1" 304 -
10.0.0.153 - - [10/Mar/2004:12:02:46 -0800] "GET /icons/PythonPowered.png HTTP/1.1" 304 -
10.0.0.153 - - [10/Mar/2004:12:02:46 -0800] "GET /icons/gnu-head-tiny.jpg HTTP/1.1" 304 -
10.0.0.153 - - [10/Mar/2004:12:02:50 -0800] "GET /mailman/listinfo/ppwc HTTP/1.1" 200 6271
10.0.0.153 - - [10/Mar/2004:12:02:50 -0800] "GET /icons/PythonPowered.png HTTP/1.1" 304 -
10.0.0.153 - - [10/Mar/2004:12:02:50 -0800] "GET /icons/gnu-head-tiny.jpg HTTP/1.1" 304 -
10.0.0.153 - - [10/Mar/2004:12:02:50 -0800] "GET /icons/mailman.jpg HTTP/1.1" 304 -
10.0.0.153 - - [10/Mar/2004:12:02:52 -0800] "GET /mailman/admin/ppwc HTTP/1.1" 200 2082
10.0.0.153 - - [10/Mar/2004:12:02:52 -0800] "GET /icons/mailman.jpg HTTP/1.1" 304 -
10.0.0.153 - - [10/Mar/2004:12:02:52 -0800] "GET /icons/gnu-head-tiny.jpg HTTP/1.1" 304 -
10.0.0.153 - - [10/Mar/2004:12:02:52 -0800] "GET /icons/PythonPowered.png HTTP/1.1" 304 -
10.0.0.153 - - [10/Mar/2004:12:02:59 -0800] "POST /mailman/admin/ppwc HTTP/1.1" 200 19597
10.0.0.153 - - [10/Mar/2004:12:03:00 -0800] "GET /icons/mailman.jpg HTTP/1.1" 304 -
10.0.0.153 - - [10/Mar/2004:12:03:00 -0800] "GET /icons/gnu-head-tiny.jpg HTTP/1.1" 304 -
10.0.0.153 - - [10/Mar/2004:12:03:00 -0800] "GET /icons/PythonPowered.png HTTP/1.1" 304 -
10.0.0.153 - - [10/Mar/2004:12:03:03 -0800] "GET /mailman/admin/ppwc/members HTTP/1.1" 200 15271
10.0.0.153 - - [10/Mar/2004:12:03:04 -0800] "GET /icons/mailman.jpg HTTP/1.1" 304 -
10.0.0.153 - - [10/Mar/2004:12:03:04 -0800] "GET /icons/gnu-head-tiny.jpg HTTP/1.1" 304 -
10.0.0.153 - - [10/Mar/2004:12:03:04 -0800] "GET /icons/PythonPowered.png HTTP/1.1" 304 -
10.0.0.153 - - [10/Mar/2004:12:03:08 -0800] "GET /mailman/admin/ppwc/members?letter=p HTTP/1.1" 200 24507
10.0.0.153 - - [10/Mar/2004:12:03:08 -0800] "GET /icons/mailman.jpg HTTP/1.1" 304 -
10.0.0.153 - - [10/Mar/2004:12:03:08 -0800] "GET /icons/gnu-head-tiny.jpg HTTP/1.1" 304 -
10.0.0.153 - - [10/Mar/2004:12:03:08 -0800] "GET /icons/PythonPowered.png HTTP/1.1" 304 -
10.0.0.153 - - [10/Mar/2004:12:03:45 -0800] "GET /mailman/options/ppwc/ppwctwentynine--at--shaw.com HTTP/1.1" 200 14296
10.0.0.153 - - [10/Mar/2004:12:03:45 -0800] "GET /icons/PythonPowered.png HTTP/1.1" 304 -
10.0.0.153 - - [10/Mar/2004:12:03:45 -0800] "GET /icons/gnu-head-tiny.jpg HTTP/1.1" 304 -
10.0.0.153 - - [10/Mar/2004:12:03:45 -0800] "GET /icons/mailman.jpg HTTP/1.1" 304 -
10.0.0.153 - - [10/Mar/2004:12:05:06 -0800] "POST /mailman/options/ppwc/ppwctwentynine@shaw.com HTTP/1.1" 200 14579
10.0.0.153 - - [10/Mar/2004:12:05:06 -0800] "GET /icons/PythonPowered.png HTTP/1.1" 304 -
10.0.0.153 - - [10/Mar/2004:12:05:06 -0800] "GET /icons/gnu-head-tiny.jpg HTTP/1.1" 304 -
10.0.0.153 - - [10/Mar/2004:12:05:06 -0800] "GET /icons/mailman.jpg HTTP/1.1" 304 -
10.0.0.153 - - [10/Mar/2004:12:05:22 -0800] "GET /mailman/admin/ppwc HTTP/1.1" 200 19597
10.0.0.153 - - [10/Mar/2004:12:05:22 -0800] "GET /icons/mailman.jpg HTTP/1.1" 304 -
10.0.0.153 - - [10/Mar/2004:12:05:22 -0800] "GET /icons/gnu-head-tiny.jpg HTTP/1.1" 304 -
10.0.0.153 - - [10/Mar/2004:12:05:22 -0800] "GET /icons/PythonPowered.png HTTP/1.1" 304 -
10.0.0.153 - - [10/Mar/2004:12:05:38 -0800] "GET /mailman/admin/ppwc/members HTTP/1.1" 200 15271
10.0.0.153 - - [10/Mar/2004:12:05:38 -0800] "GET /icons/mailman.jpg HTTP/1.1" 304 -
10.0.0.153 - - [10/Mar/2004:12:05:38 -0800] "GET /icons/gnu-head-tiny.jpg HTTP/1.1" 304 -
10.0.0.153 - - [10/Mar/2004:12:05:38 -0800] "GET /icons/PythonPowered.png HTTP/1.1" 304 -
10.0.0.153 - - [10/Mar/2004:12:05:40 -0800] "GET /mailman/admin/ppwc/members?letter=p HTTP/1.1" 200 24525
10.0.0.153 - - [10/Mar/2004:12:05:40 -0800] "GET /icons/mailman.jpg HTTP/1.1" 304 -
10.0.0.153 - - [10/Mar/2004:12:05:40 -0800] "GET /icons/gnu-head-tiny.jpg HTTP/1.1" 304 -
10.0.0.153 - - [10/Mar/2004:12:05:40 -0800] "GET /icons/PythonPowered.png HTTP/1.1" 304 -
10.0.0.153 - - [10/Mar/2004:12:05:54 -0800] "POST /mailman/admin/ppwc/members?letter=p HTTP/1.1" 200 23169
10.0.0.153 - - [10/Mar/2004:12:05:54 -0800] "GET /icons/mailman.jpg HTTP/1.1" 304 -
10.0.0.153 - - [10/Mar/2004:12:05:54 -0800] "GET /icons/gnu-head-tiny.jpg HTTP/1.1" 304 -
10.0.0.153 - - [10/Mar/2004:12:05:54 -0800] "GET /icons/PythonPowered.png HTTP/1.1" 304 -
10.0.0.153 - - [10/Mar/2004:12:05:58 -0800] "GET /mailman/admin/ppwc/general HTTP/1.1" 200 19597
10.0.0.153 - - [10/Mar/2004:12:05:58 -0800] "GET /icons/mailman.jpg HTTP/1.1" 304 -
10.0.0.153 - - [10/Mar/2004:12:05:58 -0800] "GET /icons/gnu-head-tiny.jpg HTTP/1.1" 304 -
10.0.0.153 - - [10/Mar/2004:12:05:58 -0800] "GET /icons/PythonPowered.png HTTP/1.1" 304 -
10.0.0.153 - - [10/Mar/2004:12:06:07 -0800] "GET /mailman/admin/ppwc/members HTTP/1.1" 200 15271
10.0.0.153 - - [10/Mar/2004:12:06:07 -0800] "GET /icons/mailman.jpg HTTP/1.1" 304 -
10.0.0.153 - - [10/Mar/2004:12:06:07 -0800] "GET /icons/gnu-head-tiny.jpg HTTP/1.1" 304 -
10.0.0.153 - - [10/Mar/2004:12:06:07 -0800] "GET /icons/PythonPowered.png HTTP/1.1" 304 -
10.0.0.153 - - [10/Mar/2004:12:06:09 -0800] "GET /mailman/admin/ppwc/members/add HTTP/1.1" 200 6681
10.0.0.153 - - [10/Mar/2004:12:06:09 -0800] "GET /icons/mailman.jpg HTTP/1.1" 304 -
10.0.0.153 - - [10/Mar/2004:12:06:09 -0800] "GET /icons/gnu-head-tiny.jpg HTTP/1.1" 304 -
10.0.0.153 - - [10/Mar/2004:12:06:09 -0800] "GET /icons/PythonPowered.png HTTP/1.1" 304 -
10.0.0.153 - - [10/Mar/2004:12:07:07 -0800] "POST /mailman/admin/ppwc/members/add HTTP/1.1" 200 6762
10.0.0.153 - - [10/Mar/2004:12:07:07 -0800] "GET /icons/PythonPowered.png HTTP/1.1" 304 -
10.0.0.153 - - [10/Mar/2004:12:07:07 -0800] "GET /icons/gnu-head-tiny.jpg HTTP/1.1" 304 -
10.0.0.153 - - [10/Mar/2004:12:07:08 -0800] "GET /icons/mailman.jpg HTTP/1.1" 304 -
10.0.0.153 - - [10/Mar/2004:12:07:12 -0800] "GET /mailman/admin/ppwc/members/list HTTP/1.1" 200 15271
10.0.0.153 - - [10/Mar/2004:12:07:12 -0800] "GET /icons/mailman.jpg HTTP/1.1" 304 -
10.0.0.153 - - [10/Mar/2004:12:07:12 -0800] "GET /icons/gnu-head-tiny.jpg HTTP/1.1" 304 -
10.0.0.153 - - [10/Mar/2004:12:07:13 -0800] "GET /icons/PythonPowered.png HTTP/1.1" 304 -
10.0.0.153 - - [10/Mar/2004:12:07:14 -0800] "GET /icons/mailman.jpg HTTP/1.1" 304 -
10.0.0.153 - - [10/Mar/2004:12:07:14 -0800] "GET /icons/PythonPowered.png HTTP/1.1" 304 -
10.0.0.153 - - [10/Mar/2004:12:07:14 -0800] "GET /icons/gnu-head-tiny.jpg HTTP/1.1" 304 -
10.0.0.153 - - [10/Mar/2004:12:07:14 -0800] "GET /mailman/admin/ppwc/members?letter=p HTTP/1.1" 200 24585
10.0.0.153 - - [10/Mar/2004:12:07:25 -0800] "POST /mailman/admin/ppwc/members?letter=p HTTP/1.1" 200 24577
10.0.0.153 - - [10/Mar/2004:12:07:25 -0800] "GET /icons/mailman.jpg HTTP/1.1" 304 -
10.0.0.153 - - [10/Mar/2004:12:07:25 -0800] "GET /icons/gnu-head-tiny.jpg HTTP/1.1" 304 -
10.0.0.153 - - [10/Mar/2004:12:07:25 -0800] "GET /icons/PythonPowered.png HTTP/1.1" 304 -
10.0.0.153 - - [10/Mar/2004:12:16:59 -0800] "GET /mailman/admin/ppwc/logout HTTP/1.1" 200 2103
10.0.0.153 - - [10/Mar/2004:12:16:59 -0800] "GET /icons/PythonPowered.png HTTP/1.1" 304 -
10.0.0.153 - - [10/Mar/2004:12:16:59 -0800] "GET /icons/gnu-head-tiny.jpg HTTP/1.1" 304 -
10.0.0.153 - - [10/Mar/2004:12:16:59 -0800] "GET /icons/mailman.jpg HTTP/1.1" 304 -
142.27.64.35 - - [10/Mar/2004:12:19:02 -0800] "GET / HTTP/1.1" 304 -
142.27.64.35 - - [10/Mar/2004:12:19:05 -0800] "GET /mailman HTTP/1.1" 302 301
142.27.64.35 - - [10/Mar/2004:12:19:05 -0800] "GET /mailman/listinfo HTTP/1.1" 200 6893
142.27.64.35 - - [10/Mar/2004:12:19:06 -0800] "GET /icons/PythonPowered.png HTTP/1.1" 304 -
142.27.64.35 - - [10/Mar/2004:12:19:06 -0800] "GET /icons/gnu-head-tiny.jpg HTTP/1.1" 304 -
142.27.64.35 - - [10/Mar/2004:12:19:06 -0800] "GET /icons/mailman.jpg HTTP/1.1" 304 -
142.27.64.35 - - [10/Mar/2004:12:19:08 -0800] "GET /mailman/listinfo/ppwc HTTP/1.1" 200 6271
lj1216.inktomisearch.com - - [10/Mar/2004:12:22:32 -0800] "GET /twiki/bin/oops/TWiki/WikiTopic HTTP/1.0" 200 209
10.0.0.153 - - [10/Mar/2004:12:25:25 -0800] "GET / HTTP/1.1" 304 -
10.0.0.153 - - [10/Mar/2004:12:25:28 -0800] "GET /cgi-bin/mailgraph2.cgi HTTP/1.1" 200 2987
10.0.0.153 - - [10/Mar/2004:12:25:29 -0800] "GET /cgi-bin/mailgraph.cgi/mailgraph_0.png HTTP/1.1" 200 8663
10.0.0.153 - - [10/Mar/2004:12:25:29 -0800] "GET /cgi-bin/mailgraph.cgi/mailgraph_0_err.png HTTP/1.1" 200 6392
10.0.0.153 - - [10/Mar/2004:12:25:29 -0800] "GET /cgi-bin/mailgraph.cgi/mailgraph_1_err.png HTTP/1.1" 200 7133
10.0.0.153 - - [10/Mar/2004:12:25:29 -0800] "GET /cgi-bin/mailgraph.cgi/mailgraph_1.png HTTP/1.1" 200 9449
10.0.0.153 - - [10/Mar/2004:12:25:29 -0800] "GET /cgi-bin/mailgraph.cgi/mailgraph_2_err.png HTTP/1.1" 200 6895
10.0.0.153 - - [10/Mar/2004:12:25:29 -0800] "GET /cgi-bin/mailgraph.cgi/mailgraph_2.png HTTP/1.1" 200 9403
10.0.0.153 - - [10/Mar/2004:12:25:29 -0800] "GET /cgi-bin/mailgraph.cgi/mailgraph_3.png HTTP/1.1" 200 6619
10.0.0.153 - - [10/Mar/2004:12:25:29 -0800] "GET /cgi-bin/mailgraph.cgi/mailgraph_3_err.png HTTP/1.1" 200 5517
c-411472d5.04-138-73746f22.cust.bredbandsbolaget.se - - [10/Mar/2004:13:13:23 -0800] "GET /razor.html HTTP/1.1" 200 2869
3_343_lt_someone - - [10/Mar/2004:13:15:44 -0800] "GET / HTTP/1.1" 200 3169
3_343_lt_someone - - [10/Mar/2004:13:15:53 -0800] "GET /cgi-bin/mailgraph2.cgi HTTP/1.1" 200 2987
3_343_lt_someone - - [10/Mar/2004:13:15:54 -0800] "GET /cgi-bin/mailgraph.cgi/mailgraph_1_err.png HTTP/1.1" 200 7142
3_343_lt_someone - - [10/Mar/2004:13:15:54 -0800] "GET /cgi-bin/mailgraph.cgi/mailgraph_0.png HTTP/1.1" 200 5882
3_343_lt_someone - - [10/Mar/2004:13:15:54 -0800] "GET /cgi-bin/mailgraph.cgi/mailgraph_0_err.png HTTP/1.1" 200 6485
3_343_lt_someone - - [10/Mar/2004:13:15:54 -0800] "GET /cgi-bin/mailgraph.cgi/mailgraph_1.png HTTP/1.1" 200 8673
3_343_lt_someone - - [10/Mar/2004:13:15:54 -0800] "GET /cgi-bin/mailgraph.cgi/mailgraph_2_err.png HTTP/1.1" 200 6895
3_343_lt_someone - - [10/Mar/2004:13:15:54 -0800] "GET /cgi-bin/mailgraph.cgi/mailgraph_2.png HTTP/1.1" 200 9403
3_343_lt_someone - - [10/Mar/2004:13:15:54 -0800] "GET /cgi-bin/mailgraph.cgi/mailgraph_3.png HTTP/1.1" 200 6619
3_343_lt_someone - - [10/Mar/2004:13:15:54 -0800] "GET /cgi-bin/mailgraph.cgi/mailgraph_3_err.png HTTP/1.1" 200 5517
watchguard.cgmatane.qc.ca - - [10/Mar/2004:13:41:37 -0800] "GET /SpamAssassin.html HTTP/1.1" 200 7368
watchguard.cgmatane.qc.ca - - [10/Mar/2004:13:42:23 -0800] "GET /RBL.html HTTP/1.1" 200 4114
ppp2.p33.is.com.ua - - [10/Mar/2004:14:20:51 -0800] "GET /SpamAssassin.html HTTP/1.1" 200 7368
ppp2.p33.is.com.ua - - [10/Mar/2004:14:21:36 -0800] "GET /favicon.ico HTTP/1.1" 200 1078
ppp2.p33.is.com.ua - - [10/Mar/2004:14:22:13 -0800] "GET /AmavisNew.html HTTP/1.1" 200 2300
10.0.0.153 - - [10/Mar/2004:15:06:20 -0800] "GET / HTTP/1.1" 304 -
10.0.0.153 - - [10/Mar/2004:15:06:24 -0800] "GET /cgi-bin/mailgraph2.cgi HTTP/1.1" 200 2987
10.0.0.153 - - [10/Mar/2004:15:06:24 -0800] "GET /cgi-bin/mailgraph.cgi/mailgraph_0.png HTTP/1.1" 200 5871
10.0.0.153 - - [10/Mar/2004:15:06:24 -0800] "GET /cgi-bin/mailgraph.cgi/mailgraph_0_err.png HTTP/1.1" 200 6484
10.0.0.153 - - [10/Mar/2004:15:06:24 -0800] "GET /cgi-bin/mailgraph.cgi/mailgraph_1_err.png HTTP/1.1" 200 7014
10.0.0.153 - - [10/Mar/2004:15:06:24 -0800] "GET /cgi-bin/mailgraph.cgi/mailgraph_1.png HTTP/1.1" 200 8821
10.0.0.153 - - [10/Mar/2004:15:06:25 -0800] "GET /cgi-bin/mailgraph.cgi/mailgraph_2.png HTTP/1.1" 200 9306
10.0.0.153 - - [10/Mar/2004:15:06:25 -0800] "GET /cgi-bin/mailgraph.cgi/mailgraph_2_err.png HTTP/1.1" 200 6937
10.0.0.153 - - [10/Mar/2004:15:06:25 -0800] "GET /cgi-bin/mailgraph.cgi/mailgraph_3_err.png HTTP/1.1" 200 5517
10.0.0.153 - - [10/Mar/2004:15:06:25 -0800] "GET /cgi-bin/mailgraph.cgi/mailgraph_3.png HTTP/1.1" 200 6619
lj1024.inktomisearch.com - - [10/Mar/2004:15:10:10 -0800] "GET /robots.txt HTTP/1.0" 200 68
lj1028.inktomisearch.com - - [10/Mar/2004:15:10:13 -0800] "GET /twiki/bin/oops/Main/T HTTP/1.0" 200 209
lj1145.inktomisearch.com - - [10/Mar/2004:15:49:55 -0800] "GET /twiki/bin/oops/TWiki/NicholasLee HTTP/1.0" 200 209
h24-68-45-227.gv.shawcable.net - - [10/Mar/2004:16:29:30 -0800] "GET /pipermail/cnc_notice/2004-February.txt HTTP/1.1" 200 6712
64.246.94.141 - - [10/Mar/2004:16:31:19 -0800] "HEAD /twiki/bin/view/Main/SpamAssassinDeleting HTTP/1.1" 200 0
pntn02m05-129.bctel.ca - - [10/Mar/2004:16:33:04 -0800] "GET /pipermail/cncce/2004-January/000001.html HTTP/1.1" 200 3095
calcite.rhyolite.com - - [10/Mar/2004:16:47:44 -0800] "GET /clients.html HTTP/1.1" 200 18971
h24-68-45-227.gv.shawcable.net - - [10/Mar/2004:16:52:44 -0800] "GET /pipermail/cnc_notice/2003-December.txt HTTP/1.1" 200 6570
h24-68-45-227.gv.shawcable.net - - [10/Mar/2004:16:54:36 -0800] "GET /pipermail/cnc_notice/2003-December/000002.html HTTP/1.1" 200 7074
lj1117.inktomisearch.com - - [10/Mar/2004:18:13:54 -0800] "GET /twiki/bin/view/Main/VishaalGolam HTTP/1.0" 200 4577
lj1073.inktomisearch.com - - [10/Mar/2004:18:17:24 -0800] "GET /twiki/bin/oops/TWiki/Wik HTTP/1.0" 200 209
lj1024.inktomisearch.com - - [10/Mar/2004:19:55:54 -0800] "GET /robots.txt HTTP/1.0" 200 68
lj1000.inktomisearch.com - - [10/Mar/2004:19:55:56 -0800] "GET /twiki/bin/view/Know/WebHome HTTP/1.0" 200 7529
dialup-5-81.tulane.edu - - [10/Mar/2004:20:22:41 -0800] "GET /twiki/bin/view/Main/SpamAssassinTaggingOnly HTTP/1.1" 200 5691
dialup-5-81.tulane.edu - - [10/Mar/2004:20:22:42 -0800] "GET /twiki/pub/TWiki/TWikiLogos/twikiRobot46x50.gif HTTP/1.1" 200 2877
dialup-5-81.tulane.edu - - [10/Mar/2004:20:23:11 -0800] "GET /twiki/bin/view/Main/WebHome HTTP/1.1" 200 10419
dialup-5-81.tulane.edu - - [10/Mar/2004:20:23:41 -0800] "GET /twiki/bin/view/Main/TWikiGroups HTTP/1.1" 200 4816
dialup-5-81.tulane.edu - - [10/Mar/2004:20:23:52 -0800] "GET /twiki/bin/view/Main/TWikiAdminGroup HTTP/1.1" 200 4175
lj1145.inktomisearch.com - - [10/Mar/2004:21:56:34 -0800] "GET /twiki/bin/oops/Main/WebStatistics HTTP/1.0" 200 209
h24-70-69-74.ca.shawcable.net - - [10/Mar/2004:21:58:46 -0800] "GET / HTTP/1.1" 200 3169
h24-70-69-74.ca.shawcable.net - - [10/Mar/2004:21:58:46 -0800] "GET /favicon.ico HTTP/1.1" 200 1078
h24-70-69-74.ca.shawcable.net - - [10/Mar/2004:21:59:16 -0800] "GET /cgi-bin/mailgraph2.cgi HTTP/1.1" 200 2987
h24-70-69-74.ca.shawcable.net - - [10/Mar/2004:21:59:17 -0800] "GET /cgi-bin/mailgraph.cgi/mailgraph_0.png HTTP/1.1" 200 5664
h24-70-69-74.ca.shawcable.net - - [10/Mar/2004:21:59:17 -0800] "GET /cgi-bin/mailgraph.cgi/mailgraph_0_err.png HTTP/1.1" 200 6403
h24-70-69-74.ca.shawcable.net - - [10/Mar/2004:21:59:18 -0800] "GET /cgi-bin/mailgraph.cgi/mailgraph_1.png HTTP/1.1" 200 8837
h24-70-69-74.ca.shawcable.net - - [10/Mar/2004:21:59:18 -0800] "GET /cgi-bin/mailgraph.cgi/mailgraph_1_err.png HTTP/1.1" 200 6980
h24-70-69-74.ca.shawcable.net - - [10/Mar/2004:21:59:18 -0800] "GET /cgi-bin/mailgraph.cgi/mailgraph_2.png HTTP/1.1" 200 9241
h24-70-69-74.ca.shawcable.net - - [10/Mar/2004:21:59:18 -0800] "GET /cgi-bin/mailgraph.cgi/mailgraph_2_err.png HTTP/1.1" 200 6970
h24-70-69-74.ca.shawcable.net - - [10/Mar/2004:21:59:18 -0800] "GET /cgi-bin/mailgraph.cgi/mailgraph_3.png HTTP/1.1" 200 6619
h24-70-69-74.ca.shawcable.net - - [10/Mar/2004:21:59:18 -0800] "GET /cgi-bin/mailgraph.cgi/mailgraph_3_err.png HTTP/1.1" 200 5517
h24-70-69-74.ca.shawcable.net - - [10/Mar/2004:22:00:03 -0800] "GET /dccstats/index.html HTTP/1.1" 200 2955
h24-70-69-74.ca.shawcable.net - - [10/Mar/2004:22:00:04 -0800] "GET /dccstats/stats-spam.1day.png HTTP/1.1" 200 3093
h24-70-69-74.ca.shawcable.net - - [10/Mar/2004:22:00:05 -0800] "GET /dccstats/stats-spam-ratio.1day.png HTTP/1.1" 200 2255
h24-70-69-74.ca.shawcable.net - - [10/Mar/2004:22:00:05 -0800] "GET /dccstats/stats-spam.1week.png HTTP/1.1" 200 3419
h24-70-69-74.ca.shawcable.net - - [10/Mar/2004:22:00:05 -0800] "GET /dccstats/stats-spam-ratio.1week.png HTTP/1.1" 200 2381
h24-70-69-74.ca.shawcable.net - - [10/Mar/2004:22:00:05 -0800] "GET /dccstats/stats-hashes.1week.png HTTP/1.1" 200 1658
h24-70-69-74.ca.shawcable.net - - [10/Mar/2004:22:00:05 -0800] "GET /dccstats/stats-spam.1month.png HTTP/1.1" 200 2657
h24-70-69-74.ca.shawcable.net - - [10/Mar/2004:22:00:05 -0800] "GET /dccstats/stats-spam-ratio.1month.png HTTP/1.1" 200 2008
h24-70-69-74.ca.shawcable.net - - [10/Mar/2004:22:00:05 -0800] "GET /dccstats/stats-hashes.1month.png HTTP/1.1" 200 1598
h24-70-69-74.ca.shawcable.net - - [10/Mar/2004:22:00:05 -0800] "GET /dccstats/stats-spam.1year.png HTTP/1.1" 200 2223
h24-70-69-74.ca.shawcable.net - - [10/Mar/2004:22:00:05 -0800] "GET /dccstats/stats-spam-ratio.1year.png HTTP/1.1" 200 1924
h24-70-69-74.ca.shawcable.net - - [10/Mar/2004:22:00:05 -0800] "GET /dccstats/stats-hashes.1year.png HTTP/1.1" 200 1550
lj1220.inktomisearch.com - - [10/Mar/2004:22:16:58 -0800] "GET /twiki/bin/oops/TWiki/SvenDowideit HTTP/1.0" 200 209
h24-70-69-74.ca.shawcable.net - - [10/Mar/2004:23:08:28 -0800] "GET /cgi-bin/mailgraph2.cgi HTTP/1.1" 200 2987
h24-70-69-74.ca.shawcable.net - - [10/Mar/2004:23:08:30 -0800] "GET /cgi-bin/mailgraph.cgi/mailgraph_0.png HTTP/1.1" 200 5805
h24-70-69-74.ca.shawcable.net - - [10/Mar/2004:23:08:30 -0800] "GET /cgi-bin/mailgraph.cgi/mailgraph_0_err.png HTTP/1.1" 200 6445
h24-70-69-74.ca.shawcable.net - - [10/Mar/2004:23:08:30 -0800] "GET /cgi-bin/mailgraph.cgi/mailgraph_1.png HTTP/1.1" 200 8809
h24-70-69-74.ca.shawcable.net - - [10/Mar/2004:23:08:31 -0800] "GET /cgi-bin/mailgraph.cgi/mailgraph_1_err.png HTTP/1.1" 200 6882
h24-70-69-74.ca.shawcable.net - - [10/Mar/2004:23:08:31 -0800] "GET /cgi-bin/mailgraph.cgi/mailgraph_2.png HTTP/1.1" 200 9241
h24-70-69-74.ca.shawcable.net - - [10/Mar/2004:23:08:31 -0800] "GET /cgi-bin/mailgraph.cgi/mailgraph_2_err.png HTTP/1.1" 200 6970
h24-70-69-74.ca.shawcable.net - - [10/Mar/2004:23:08:31 -0800] "GET /cgi-bin/mailgraph.cgi/mailgraph_3.png HTTP/1.1" 200 6619
h24-70-69-74.ca.shawcable.net - - [10/Mar/2004:23:08:31 -0800] "GET /cgi-bin/mailgraph.cgi/mailgraph_3_err.png HTTP/1.1" 200 5517
lj1024.inktomisearch.com - - [11/Mar/2004:00:07:57 -0800] "GET /robots.txt HTTP/1.0" 200 68
lj1117.inktomisearch.com - - [11/Mar/2004:00:07:58 -0800] "GET /twiki/bin/oops/Know/WebStatistics HTTP/1.0" 200 209
lj1120.inktomisearch.com - - [11/Mar/2004:00:42:01 -0800] "GET /twiki/bin/view/Main/DCCAndPostFix HTTP/1.0" 200 5234
ns3.vonroll.ch - - [11/Mar/2004:00:43:57 -0800] "GET /twiki/bin/view/Main/WebHome HTTP/1.0" 200 10392
ns3.vonroll.ch - - [11/Mar/2004:00:43:59 -0800] "GET /twiki/pub/TWiki/TWikiLogos/twikiRobot46x50.gif HTTP/1.0" 200 2877
ns3.vonroll.ch - - [11/Mar/2004:00:44:08 -0800] "GET /twiki/bin/view/Main/RBLsHowTo HTTP/1.0" 200 4646
lj1145.inktomisearch.com - - [11/Mar/2004:01:39:53 -0800] "GET /twiki/bin/view/Main/SimonMudd HTTP/1.0" 200 4612
1513.cps.virtua.com.br - - [11/Mar/2004:02:27:39 -0800] "GET /pipermail/cipg/2003-november.txt HTTP/1.1" 404 309
194.151.73.43 - - [11/Mar/2004:03:35:49 -0800] "GET /ie.htm HTTP/1.0" 200 3518
194.151.73.43 - - [11/Mar/2004:03:35:57 -0800] "GET /images/image004.jpg HTTP/1.0" 200 10936
194.151.73.43 - - [11/Mar/2004:03:35:57 -0800] "GET /images/image005.jpg HTTP/1.0" 200 21125
194.151.73.43 - - [11/Mar/2004:03:35:58 -0800] "GET /images/msgops.JPG HTTP/1.0" 200 7939
spica.ukc.ac.uk - - [11/Mar/2004:03:50:09 -0800] "GET /razor.html HTTP/1.1" 200 2869
spica.ukc.ac.uk - - [11/Mar/2004:03:50:09 -0800] "GET /favicon.ico HTTP/1.1" 200 1078
ogw.netinfo.bg - - [11/Mar/2004:06:11:19 -0800] "GET /twiki/bin/view/Main/WebHome HTTP/1.1" 200 10419
ogw.netinfo.bg - - [11/Mar/2004:06:11:21 -0800] "GET /twiki/pub/TWiki/TWikiLogos/twikiRobot46x50.gif HTTP/1.1" 200 2877
ogw.netinfo.bg - - [11/Mar/2004:06:11:38 -0800] "GET /twiki/bin/view/Main/PostfixCommands HTTP/1.1" 200 4016
ogw.netinfo.bg - - [11/Mar/2004:06:11:39 -0800] "GET /twiki/pub/TWiki/TWikiLogos/twikiRobot46x50.gif HTTP/1.1" 304 -
ogw.netinfo.bg - - [11/Mar/2004:06:11:46 -0800] "GET /twiki/bin/view/Main/PostfixCmd HTTP/1.1" 200 4173
ogw.netinfo.bg - - [11/Mar/2004:06:11:47 -0800] "GET /twiki/pub/TWiki/TWikiLogos/twikiRobot46x50.gif HTTP/1.1" 304 -
ogw.netinfo.bg - - [11/Mar/2004:06:12:41 -0800] "GET /twiki/bin/view/Main/PostQueue HTTP/1.1" 200 4280
ogw.netinfo.bg - - [11/Mar/2004:06:12:43 -0800] "GET /twiki/pub/TWiki/TWikiLogos/twikiRobot46x50.gif HTTP/1.1" 304 -
ogw.netinfo.bg - - [11/Mar/2004:06:13:07 -0800] "GET /twiki/bin/view/Main/PostSuper HTTP/1.1" 200 3629
ogw.netinfo.bg - - [11/Mar/2004:06:13:08 -0800] "GET /twiki/pub/TWiki/TWikiLogos/twikiRobot46x50.gif HTTP/1.1" 304 -
ogw.netinfo.bg - - [11/Mar/2004:06:14:03 -0800] "GET /twiki/bin/view/Main/RBLsHowTo HTTP/1.1" 200 4665
ogw.netinfo.bg - - [11/Mar/2004:06:14:04 -0800] "GET /twiki/pub/TWiki/TWikiLogos/twikiRobot46x50.gif HTTP/1.1" 304 -
ogw.netinfo.bg - - [11/Mar/2004:06:16:40 -0800] "GET /twiki/bin/view/Main/RelayGateway HTTP/1.1" 200 4232
ogw.netinfo.bg - - [11/Mar/2004:06:17:06 -0800] "GET /twiki/bin/view/Main/LinksOfUse HTTP/1.1" 200 4534
ogw.netinfo.bg - - [11/Mar/2004:06:17:11 -0800] "GET /twiki/pub/TWiki/TWikiLogos/twikiRobot46x50.gif HTTP/1.1" 304 -
lj1024.inktomisearch.com - - [11/Mar/2004:06:27:31 -0800] "GET /robots.txt HTTP/1.0" 200 68
lj1153.inktomisearch.com - - [11/Mar/2004:06:27:36 -0800] "GET /twiki/bin/oops/Sandbox/WebStatistics HTTP/1.0" 200 209
208-186-146-13.nrp3.brv.mn.frontiernet.net - - [11/Mar/2004:06:48:05 -0800] "GET /AmavisNew.html HTTP/1.1" 200 2300
208-186-146-13.nrp3.brv.mn.frontiernet.net - - [11/Mar/2004:06:48:05 -0800] "GET /favicon.ico HTTP/1.1" 200 1078
ladybug.cns.vt.edu - - [11/Mar/2004:07:15:10 -0800] "GET /twiki/bin/view/Main/WebHome HTTP/1.1" 200 10419
ladybug.cns.vt.edu - - [11/Mar/2004:07:15:11 -0800] "GET /twiki/pub/TWiki/TWikiLogos/twikiRobot46x50.gif HTTP/1.1" 200 2877
ladybug.cns.vt.edu - - [11/Mar/2004:07:19:57 -0800] "GET /favicon.ico HTTP/1.1" 200 1078
ladybug.cns.vt.edu - - [11/Mar/2004:07:20:05 -0800] "GET /twiki/bin/view/Main/SpamAssassinAndPostFix HTTP/1.1" 200 4034
ladybug.cns.vt.edu - - [11/Mar/2004:07:20:09 -0800] "GET /twiki/bin/view/Main/SpamAssassinTaggingOnly HTTP/1.1" 200 5691
osdlab.eic.nctu.edu.tw - - [11/Mar/2004:07:39:30 -0800] "GET /M83A HTTP/1.0" 404 269
208.247.148.12 - - [11/Mar/2004:08:14:18 -0800] "GET /mailman/listinfo/ppwc HTTP/1.0" 200 6252
208.247.148.12 - - [11/Mar/2004:08:14:18 -0800] "GET /icons/mailman.jpg HTTP/1.0" 200 2022
208.247.148.12 - - [11/Mar/2004:08:14:18 -0800] "GET /icons/PythonPowered.png HTTP/1.0" 200 945
208.247.148.12 - - [11/Mar/2004:08:14:18 -0800] "GET /icons/gnu-head-tiny.jpg HTTP/1.0" 200 3049
ogw.netinfo.bg - - [11/Mar/2004:08:45:41 -0800] "GET /twiki/bin/view/Main/SpamAssassinAndPostFix HTTP/1.1" 200 4034
ogw.netinfo.bg - - [11/Mar/2004:08:45:42 -0800] "GET /twiki/pub/TWiki/TWikiLogos/twikiRobot46x50.gif HTTP/1.1" 304 -
ogw.netinfo.bg - - [11/Mar/2004:08:45:49 -0800] "GET /twiki/bin/view/Main/SpamAssassinDeleting HTTP/1.1" 200 5543
ogw.netinfo.bg - - [11/Mar/2004:08:45:54 -0800] "GET /twiki/pub/TWiki/TWikiLogos/twikiRobot46x50.gif HTTP/1.1" 304 -
0x503e4fce.virnxx2.adsl-dhcp.tele.dk - - [11/Mar/2004:10:55:40 -0800] "GET /razor.html HTTP/1.1" 200 2869
0x503e4fce.virnxx2.adsl-dhcp.tele.dk - - [11/Mar/2004:10:58:16 -0800] "GET /favicon.ico HTTP/1.1" 200 1078
0x503e4fce.virnxx2.adsl-dhcp.tele.dk - - [11/Mar/2004:10:58:27 -0800] "GET /razor.html HTTP/1.1" 304 -
64-93-34-186.client.dsl.net - - [11/Mar/2004:11:12:40 -0800] "GET /razor.html HTTP/1.1" 200 2869
d207-6-50-215.bchsia.telus.net - - [11/Mar/2004:11:33:35 -0800] "GET /pipermail/cncce/2004-January/000001.html HTTP/1.1" 200 3095
10.0.0.153 - - [11/Mar/2004:11:49:51 -0800] "GET / HTTP/1.1" 304 -
10.0.0.153 - - [11/Mar/2004:11:49:53 -0800] "GET /cgi-bin/mailgraph2.cgi HTTP/1.1" 200 2987
10.0.0.153 - - [11/Mar/2004:11:49:54 -0800] "GET /cgi-bin/mailgraph.cgi/mailgraph_0.png HTTP/1.1" 200 5622
10.0.0.153 - - [11/Mar/2004:11:49:54 -0800] "GET /cgi-bin/mailgraph.cgi/mailgraph_0_err.png HTTP/1.1" 200 6357
10.0.0.153 - - [11/Mar/2004:11:49:54 -0800] "GET /cgi-bin/mailgraph.cgi/mailgraph_1.png HTTP/1.1" 200 8728
10.0.0.153 - - [11/Mar/2004:11:49:54 -0800] "GET /cgi-bin/mailgraph.cgi/mailgraph_1_err.png HTTP/1.1" 200 6791
10.0.0.153 - - [11/Mar/2004:11:49:54 -0800] "GET /cgi-bin/mailgraph.cgi/mailgraph_2.png HTTP/1.1" 200 9561
10.0.0.153 - - [11/Mar/2004:11:49:54 -0800] "GET /cgi-bin/mailgraph.cgi/mailgraph_2_err.png HTTP/1.1" 200 7087
10.0.0.153 - - [11/Mar/2004:11:49:54 -0800] "GET /cgi-bin/mailgraph.cgi/mailgraph_3.png HTTP/1.1" 200 6427
10.0.0.153 - - [11/Mar/2004:11:49:54 -0800] "GET /cgi-bin/mailgraph.cgi/mailgraph_3_err.png HTTP/1.1" 200 5598
1-729.cnc.bc.ca - - [11/Mar/2004:11:54:59 -0800] "GET / HTTP/1.1" 200 3169
1-729.cnc.bc.ca - - [11/Mar/2004:11:55:22 -0800] "GET /mailman HTTP/1.1" 302 301
1-729.cnc.bc.ca - - [11/Mar/2004:11:55:22 -0800] "GET /mailman/listinfo HTTP/1.1" 200 6893
1-729.cnc.bc.ca - - [11/Mar/2004:11:55:22 -0800] "GET /icons/mailman.jpg HTTP/1.1" 200 2022
1-729.cnc.bc.ca - - [11/Mar/2004:11:55:23 -0800] "GET /icons/PythonPowered.png HTTP/1.1" 200 945
1-729.cnc.bc.ca - - [11/Mar/2004:11:55:23 -0800] "GET /icons/gnu-head-tiny.jpg HTTP/1.1" 200 3049
1-729.cnc.bc.ca - - [11/Mar/2004:11:55:26 -0800] "GET /mailman/listinfo/administration HTTP/1.1" 200 6459
h24-71-236-129.ca.shawcable.net - - [11/Mar/2004:12:28:50 -0800] "GET /mailman/admindb/ppwc HTTP/1.1" 200 2072
h24-71-236-129.ca.shawcable.net - - [11/Mar/2004:12:28:50 -0800] "GET /icons/mailman.jpg HTTP/1.1" 304 -
h24-71-236-129.ca.shawcable.net - - [11/Mar/2004:12:28:51 -0800] "GET /icons/PythonPowered.png HTTP/1.1" 304 -
h24-71-236-129.ca.shawcable.net - - [11/Mar/2004:12:28:51 -0800] "GET /icons/gnu-head-tiny.jpg HTTP/1.1" 304 -
h24-71-236-129.ca.shawcable.net - - [11/Mar/2004:12:29:03 -0800] "POST /mailman/admindb/ppwc HTTP/1.1" 200 3407
h24-71-236-129.ca.shawcable.net - - [11/Mar/2004:12:29:27 -0800] "POST /mailman/admindb/ppwc HTTP/1.1" 200 1134
cr020r01-3.sac.overture.com - - [11/Mar/2004:12:56:35 -0800] "GET /robots.txt HTTP/1.0" 200 68
cr020r01-3.sac.overture.com - - [11/Mar/2004:12:56:58 -0800] "GET /twiki/bin/view/TWiki/WebStatistics HTTP/1.0" 200 8193
cr020r01-3.sac.overture.com - - [11/Mar/2004:12:57:18 -0800] "GET /twiki/bin/view/Main/TWikiGuest HTTP/1.0" 200 4430
cr020r01-3.sac.overture.com - - [11/Mar/2004:12:57:24 -0800] "GET /twiki/bin/view/Main/WebHome?rev=1.25 HTTP/1.0" 200 9812
cr020r01-3.sac.overture.com - - [11/Mar/2004:12:57:45 -0800] "GET /twiki/bin/view/Main/WebNotify?rev=r1.6 HTTP/1.0" 200 4300
cr020r01-3.sac.overture.com - - [11/Mar/2004:12:58:03 -0800] "GET /twiki/bin/rdiff/TWiki/ManagingTopics?rev1=1.16&rev2=1.15 HTTP/1.0" 200 7912
cr020r01-3.sac.overture.com - - [11/Mar/2004:12:58:37 -0800] "GET /twiki/bin/view/Main/WebHome?rev=r1.8 HTTP/1.0" 200 8986
cr020r01-3.sac.overture.com - - [11/Mar/2004:12:58:50 -0800] "GET /twiki/bin/edit/Main/Max_idle?topicparent=Main.ConfigurationVariables HTTP/1.0" 401 12816
cr020r01-3.sac.overture.com - - [11/Mar/2004:12:59:07 -0800] "GET /twiki/bin/view/Main/WebChanges HTTP/1.0" 200 40430
cr020r01-3.sac.overture.com - - [11/Mar/2004:12:59:33 -0800] "GET /twiki/bin/search/TWiki/SearchResult?scope=text&regex=on&search=Appendix%20*File%20*System%5B%5EA-Za-z%5D HTTP/1.0" 200 5794
cr020r01-3.sac.overture.com - - [11/Mar/2004:12:59:52 -0800] "GET /twiki/bin/oops/TWiki/AppendixFileSystem?template=oopsmore&param1=1.12&param2=1.12 HTTP/1.0" 200 11355
cr020r01-3.sac.overture.com - - [11/Mar/2004:13:00:12 -0800] "GET /twiki/bin/view/TWiki/WebTopicViewTemplate HTTP/1.0" 200 5420
cr020r01-3.sac.overture.com - - [11/Mar/2004:13:00:47 -0800] "GET /twiki/bin/rdiff/Main/WebHome HTTP/1.0" 200 69197
cr020r01-3.sac.overture.com - - [11/Mar/2004:13:00:57 -0800] "GET /twiki/bin/view/TWiki/WebPreferences?rev=r1.9 HTTP/1.0" 200 7875
cr020r01-3.sac.overture.com - - [11/Mar/2004:13:01:21 -0800] "GET /twiki/bin/rdiff/Main/ConfigurationVariables?rev1=1.2&rev2=1.1 HTTP/1.0" 200 59549
cr020r01-3.sac.overture.com - - [11/Mar/2004:13:01:37 -0800] "GET /twiki/bin/view/Main/AndreaSterbini HTTP/1.0" 200 3891
cr020r01-3.sac.overture.com - - [11/Mar/2004:13:01:58 -0800] "GET /twiki/bin/rdiff/Main/AndreaSterbini HTTP/1.0" 200 5567
cr020r01-3.sac.overture.com - - [11/Mar/2004:13:02:22 -0800] "GET /twiki/bin/rdiff/TWiki/WebNotify HTTP/1.0" 200 11733
cr020r01-3.sac.overture.com - - [11/Mar/2004:13:02:42 -0800] "GET /twiki/bin/rdiff/Main/WebHome?rev1=1.28&rev2=1.27 HTTP/1.0" 200 3577
cr020r01-3.sac.overture.com - - [11/Mar/2004:13:03:06 -0800] "GET /twiki/bin/view/Main/WebHome?skin=print HTTP/1.0" 200 8347
cr020r01-3.sac.overture.com - - [11/Mar/2004:13:03:23 -0800] "GET /twiki/bin/search/Main/SearchResult?search=%5C.*&scope=topic&order=modified&reverse=on&regex=on&nosearch=on HTTP/1.0" 200 43816
cr020r01-3.sac.overture.com - - [11/Mar/2004:13:03:48 -0800] "GET /twiki/bin/view/TWiki/FormattedSearch HTTP/1.0" 200 20420
cr020r01-3.sac.overture.com - - [11/Mar/2004:13:04:09 -0800] "GET /twiki/bin/oops/Main/WebHome?template=oopsmore&param1=1.28&param2=1.8 HTTP/1.0" 200 7410
cr020r01-3.sac.overture.com - - [11/Mar/2004:13:04:30 -0800] "GET /twiki/bin/edit/TWiki/TextFormattingFAQ?t=1075982736 HTTP/1.0" 401 12816
cr020r01-3.sac.overture.com - - [11/Mar/2004:13:04:52 -0800] "GET /twiki/bin/edit/Main/Allow_untrusted_routing?topicparent=Main.ConfigurationVariables HTTP/1.0" 401 12816
cr020r01-3.sac.overture.com - - [11/Mar/2004:13:05:13 -0800] "GET /twiki/bin/edit/Main/Smtp_data_init_timeout?topicparent=Main.ConfigurationVariables HTTP/1.0" 401 12816
cr020r01-3.sac.overture.com - - [11/Mar/2004:13:05:33 -0800] "GET /twiki/bin/view/TWiki/AppendixFileSystem?rev=1.10 HTTP/1.0" 200 34910
cr020r01-3.sac.overture.com - - [11/Mar/2004:13:05:54 -0800] "GET /twiki/bin/view/Main/AndreaSterbini?rev=r1.1 HTTP/1.0" 200 3732
cr020r01-3.sac.overture.com - - [11/Mar/2004:13:06:17 -0800] "GET /twiki/bin/view/Know/WebNotify HTTP/1.0" 200 4472
cr020r01-3.sac.overture.com - - [11/Mar/2004:13:06:39 -0800] "GET /twiki/bin/rdiff/Main/PeterThoeny HTTP/1.0" 200 18859
cr020r01-3.sac.overture.com - - [11/Mar/2004:13:07:02 -0800] "GET /twiki/bin/view/Main/WebHome?skin=print&rev=1.25 HTTP/1.0" 200 7762
cr020r01-3.sac.overture.com - - [11/Mar/2004:13:07:20 -0800] "GET /twiki/bin/edit/Main/Relayhost?topicparent=Main.ConfigurationVariables HTTP/1.0" 401 12816
cr020r01-3.sac.overture.com - - [11/Mar/2004:13:07:40 -0800] "GET /twiki/bin/edit/Main/Unknown_virtual_mailbox_reject_code?topicparent=Main.ConfigurationVariables HTTP/1.0" 401 12816
cr020r01-3.sac.overture.com - - [11/Mar/2004:13:08:03 -0800] "GET /twiki/bin/view/TWiki/WebPreferences HTTP/1.0" 200 9109
cr020r01-3.sac.overture.com - - [11/Mar/2004:13:08:44 -0800] "GET /twiki/bin/view/Main/DCC HTTP/1.0" 200 4377
cr020r01-3.sac.overture.com - - [11/Mar/2004:13:09:04 -0800] "GET /twiki/bin/view/Know/WebHome HTTP/1.0" 200 7529
cr020r01-3.sac.overture.com - - [11/Mar/2004:13:09:21 -0800] "GET /twiki/bin/view/Main/WebNotify HTTP/1.0" 200 4449
cr020r01-3.sac.overture.com - - [11/Mar/2004:13:09:24 -0800] "GET /twiki/bin/oops/Main/WebHome?template=oopsmore&param1=1.28&param2=1.28 HTTP/1.0" 200 7411
cr020r01-3.sac.overture.com - - [11/Mar/2004:13:09:52 -0800] "GET /twiki/bin/view/Main/PostfixCommands HTTP/1.0" 200 4004
cr020r01-3.sac.overture.com - - [11/Mar/2004:13:10:11 -0800] "GET /twiki/bin/view/TWiki/WebHome HTTP/1.0" 200 15147
cr020r01-3.sac.overture.com - - [11/Mar/2004:13:10:27 -0800] "GET /twiki/bin/view/Main/RBLsHowTo HTTP/1.0" 200 4646
cr020r01-3.sac.overture.com - - [11/Mar/2004:13:10:52 -0800] "GET /twiki/bin/view/Main/WebTopicList HTTP/1.0" 200 7461
cr020r01-3.sac.overture.com - - [11/Mar/2004:13:11:09 -0800] "GET /twiki/bin/view/Main/WebHome?rev=1.27 HTTP/1.0" 200 10313
cr020r01-3.sac.overture.com - - [11/Mar/2004:13:11:41 -0800] "GET /twiki/bin/view/Main/ConfigurationVariables HTTP/1.0" 200 58169
4.37.97.186 - - [11/Mar/2004:13:12:54 -0800] "GET /pipermail/webber/2004-January/000000.html HTTP/1.1" 200 2446
12.22.207.235 - - [11/Mar/2004:13:18:15 -0800] "GET /SpamAssassin.html HTTP/1.1" 200 7368
archserve.id.ucsb.edu - - [11/Mar/2004:13:22:32 -0800] "GET /razor.html HTTP/1.1" 200 2869
archserve.id.ucsb.edu - - [11/Mar/2004:13:22:32 -0800] "GET /favicon.ico HTTP/1.1" 200 1078
2-110.cnc.bc.ca - - [11/Mar/2004:13:24:03 -0800] "GET /ie.htm HTTP/1.1" 200 3518
2-110.cnc.bc.ca - - [11/Mar/2004:13:24:04 -0800] "GET /images/image005.jpg HTTP/1.1" 200 21125
2-110.cnc.bc.ca - - [11/Mar/2004:13:24:04 -0800] "GET /images/image004.jpg HTTP/1.1" 200 10936
2-110.cnc.bc.ca - - [11/Mar/2004:13:24:04 -0800] "GET /images/msgops.JPG HTTP/1.1" 200 7939
2-110.cnc.bc.ca - - [11/Mar/2004:13:26:38 -0800] "GET /images/image005.jpg HTTP/1.1" 304 -
2-110.cnc.bc.ca - - [11/Mar/2004:13:26:38 -0800] "GET /images/image004.jpg HTTP/1.1" 304 -
2-110.cnc.bc.ca - - [11/Mar/2004:13:26:38 -0800] "GET /images/msgops.JPG HTTP/1.1" 304 -
lj1024.inktomisearch.com - - [11/Mar/2004:13:27:05 -0800] "GET /robots.txt HTTP/1.0" 200 68
lj1212.inktomisearch.com - - [11/Mar/2004:13:27:05 -0800] "GET / HTTP/1.0" 200 3169
2-110.cnc.bc.ca - - [11/Mar/2004:14:14:44 -0800] "GET /ie.htm HTTP/1.1" 200 3518
2-110.cnc.bc.ca - - [11/Mar/2004:14:14:47 -0800] "GET /images/image005.jpg HTTP/1.1" 200 21125
2-110.cnc.bc.ca - - [11/Mar/2004:14:14:47 -0800] "GET /images/msgops.JPG HTTP/1.1" 200 7939
2-110.cnc.bc.ca - - [11/Mar/2004:14:14:50 -0800] "GET /images/image004.jpg HTTP/1.1" 200 10936
crawl24-public.alexa.com - - [11/Mar/2004:14:22:08 -0800] "GET /robots.txt HTTP/1.0" 200 68
crawl24-public.alexa.com - - [11/Mar/2004:14:22:09 -0800] "GET /twiki/bin/view/Main/WebSearch HTTP/1.0" 200 9263
crawl24-public.alexa.com - - [11/Mar/2004:14:26:26 -0800] "GET /twiki/bin/view/Sandbox/WebHome HTTP/1.0" 200 8605
crawl24-public.alexa.com - - [11/Mar/2004:14:28:53 -0800] "GET /twiki/bin/view/Sandbox/WebChanges HTTP/1.0" 200 9622
crawl24-public.alexa.com - - [11/Mar/2004:14:29:44 -0800] "GET /twiki/bin/view/Sandbox/WebPreferences HTTP/1.0" 200 8380
crawl24-public.alexa.com - - [11/Mar/2004:14:29:52 -0800] "GET /twiki/bin/view/Main/WebStatistics HTTP/1.0" 200 8331
crawl24-public.alexa.com - - [11/Mar/2004:14:30:51 -0800] "GET /twiki/bin/view/Main/WebTopicList HTTP/1.0" 200 7461
crawl24-public.alexa.com - - [11/Mar/2004:14:31:43 -0800] "GET /twiki/bin/view/Main/WebPreferences HTTP/1.0" 200 8793
lj1008.inktomisearch.com - - [11/Mar/2004:14:31:48 -0800] "GET /twiki/bin/oops/TWiki/WikiWikiClones HTTP/1.0" 200 209
crawl24-public.alexa.com - - [11/Mar/2004:14:33:01 -0800] "GET /twiki/bin/view/Main/WebNotify HTTP/1.0" 200 4449
64-249-27-114.client.dsl.net - - [11/Mar/2004:14:53:12 -0800] "GET /SpamAssassin.html HTTP/1.1" 200 7368
pd9eb1396.dip.t-dialin.net - - [11/Mar/2004:15:17:08 -0800] "GET /AmavisNew.html HTTP/1.1" 200 2300
10.0.0.153 - - [11/Mar/2004:15:51:49 -0800] "GET / HTTP/1.1" 304 -
10.0.0.153 - - [11/Mar/2004:15:52:07 -0800] "GET /twiki/bin/view/Main/WebHome HTTP/1.1" 200 10419
10.0.0.153 - - [11/Mar/2004:15:52:07 -0800] "GET /twiki/pub/TWiki/TWikiLogos/twikiRobot46x50.gif HTTP/1.1" 304 -
10.0.0.153 - - [11/Mar/2004:15:52:12 -0800] "GET /twiki/bin/view/Main/WebHome HTTP/1.1" 200 10419
10.0.0.153 - - [11/Mar/2004:15:52:12 -0800] "GET /twiki/pub/TWiki/TWikiLogos/twikiRobot46x50.gif HTTP/1.1" 304 -
10.0.0.153 - - [11/Mar/2004:15:52:18 -0800] "GET /cgi-bin/mailgraph2.cgi HTTP/1.1" 200 2987
10.0.0.153 - - [11/Mar/2004:15:52:19 -0800] "GET /cgi-bin/mailgraph.cgi/mailgraph_0.png HTTP/1.1" 200 6329
10.0.0.153 - - [11/Mar/2004:15:52:19 -0800] "GET /cgi-bin/mailgraph.cgi/mailgraph_1.png HTTP/1.1" 200 8771
10.0.0.153 - - [11/Mar/2004:15:52:19 -0800] "GET /cgi-bin/mailgraph.cgi/mailgraph_0_err.png HTTP/1.1" 200 6340
10.0.0.153 - - [11/Mar/2004:15:52:19 -0800] "GET /cgi-bin/mailgraph.cgi/mailgraph_1_err.png HTTP/1.1" 200 6846
10.0.0.153 - - [11/Mar/2004:15:52:19 -0800] "GET /cgi-bin/mailgraph.cgi/mailgraph_2.png HTTP/1.1" 200 9523
10.0.0.153 - - [11/Mar/2004:15:52:19 -0800] "GET /cgi-bin/mailgraph.cgi/mailgraph_2_err.png HTTP/1.1" 200 6996
10.0.0.153 - - [11/Mar/2004:15:52:19 -0800] "GET /cgi-bin/mailgraph.cgi/mailgraph_3.png HTTP/1.1" 200 6427
10.0.0.153 - - [11/Mar/2004:15:52:19 -0800] "GET /cgi-bin/mailgraph.cgi/mailgraph_3_err.png HTTP/1.1" 200 5598
10.0.0.153 - - [11/Mar/2004:15:52:37 -0800] "GET /dccstats/index.html HTTP/1.1" 304 -
10.0.0.153 - - [11/Mar/2004:15:52:38 -0800] "GET /dccstats/stats-spam.1day.png HTTP/1.1" 200 3241
10.0.0.153 - - [11/Mar/2004:15:52:38 -0800] "GET /dccstats/stats-spam.1week.png HTTP/1.1" 200 3327
10.0.0.153 - - [11/Mar/2004:15:52:38 -0800] "GET /dccstats/stats-spam-ratio.1week.png HTTP/1.1" 200 2434
10.0.0.153 - - [11/Mar/2004:15:52:38 -0800] "GET /dccstats/stats-hashes.1week.png HTTP/1.1" 200 1676
10.0.0.153 - - [11/Mar/2004:15:52:38 -0800] "GET /dccstats/stats-spam-ratio.1month.png HTTP/1.1" 200 2029
10.0.0.153 - - [11/Mar/2004:15:52:38 -0800] "GET /dccstats/stats-hashes.1month.png HTTP/1.1" 200 1604
10.0.0.153 - - [11/Mar/2004:15:52:38 -0800] "GET /dccstats/stats-spam.1month.png HTTP/1.1" 200 2640
10.0.0.153 - - [11/Mar/2004:15:52:38 -0800] "GET /dccstats/stats-spam.1year.png HTTP/1.1" 200 2251
10.0.0.153 - - [11/Mar/2004:15:52:38 -0800] "GET /dccstats/stats-spam-ratio.1year.png HTTP/1.1" 200 1899
10.0.0.153 - - [11/Mar/2004:15:52:38 -0800] "GET /dccstats/stats-hashes.1year.png HTTP/1.1" 200 1556
10.0.0.153 - - [11/Mar/2004:15:52:39 -0800] "GET /dccstats/stats-spam-ratio.1day.png HTTP/1.1" 200 2243
lj1105.inktomisearch.com - - [11/Mar/2004:16:02:37 -0800] "GET /twiki/bin/oops/TWiki/1000 HTTP/1.0" 200 209
wc09.mtnk.rnc.net.cable.rogers.com - - [11/Mar/2004:16:12:59 -0800] "GET /ie.htm HTTP/1.1" 200 3518
wc09.mtnk.rnc.net.cable.rogers.com - - [11/Mar/2004:16:13:02 -0800] "GET /images/image005.jpg HTTP/1.1" 200 21125
wc09.mtnk.rnc.net.cable.rogers.com - - [11/Mar/2004:16:13:02 -0800] "GET /images/msgops.JPG HTTP/1.1" 200 7939
wc03.mtnk.rnc.net.cable.rogers.com - - [11/Mar/2004:16:13:03 -0800] "GET /images/image004.jpg HTTP/1.1" 200 10936
206-15-133-154.dialup.ziplink.net - - [11/Mar/2004:16:33:23 -0800] "HEAD /twiki/bin/view/Main/SpamAssassinDeleting HTTP/1.1" 200 0
lj1024.inktomisearch.com - - [11/Mar/2004:18:11:39 -0800] "GET /robots.txt HTTP/1.0" 200 68
lj1008.inktomisearch.com - - [11/Mar/2004:18:11:40 -0800] "GET /twiki/bin/oops/Main/Smtpd_recipient_limit HTTP/1.0" 200 209
ipcorp-c8b07af1.terraempresas.com.br - - [11/Mar/2004:18:31:35 -0800] "GET /SpamAssassin.html HTTP/1.1" 200 7368
66-194-6-79.gen.twtelecom.net - - [11/Mar/2004:18:57:52 -0800] "GET / HTTP/1.1" 200 3169
lj1223.inktomisearch.com - - [11/Mar/2004:20:12:24 -0800] "GET /twiki/bin/view/Main/MikeMannix HTTP/1.0" 200 3674
216-160-111-121.tukw.qwest.net - - [11/Mar/2004:20:49:32 -0800] "GET /dccstats/ HTTP/1.1" 200 2955
216-160-111-121.tukw.qwest.net - - [11/Mar/2004:20:49:37 -0800] "GET /dccstats/stats-spam.1day.png HTTP/1.1" 200 3091
216-160-111-121.tukw.qwest.net - - [11/Mar/2004:20:49:37 -0800] "GET /dccstats/stats-spam-ratio.1day.png HTTP/1.1" 200 2230
216-160-111-121.tukw.qwest.net - - [11/Mar/2004:20:49:37 -0800] "GET /dccstats/stats-spam-ratio.1week.png HTTP/1.1" 200 2388
216-160-111-121.tukw.qwest.net - - [11/Mar/2004:20:49:37 -0800] "GET /dccstats/stats-spam.1week.png HTTP/1.1" 200 3440
216-160-111-121.tukw.qwest.net - - [11/Mar/2004:20:49:38 -0800] "GET /dccstats/stats-hashes.1week.png HTTP/1.1" 200 1659
216-160-111-121.tukw.qwest.net - - [11/Mar/2004:20:49:38 -0800] "GET /dccstats/stats-spam.1month.png HTTP/1.1" 200 2662
216-160-111-121.tukw.qwest.net - - [11/Mar/2004:20:49:38 -0800] "GET /dccstats/stats-spam-ratio.1month.png HTTP/1.1" 200 2064
216-160-111-121.tukw.qwest.net - - [11/Mar/2004:20:49:38 -0800] "GET /dccstats/stats-hashes.1month.png HTTP/1.1" 200 1624
216-160-111-121.tukw.qwest.net - - [11/Mar/2004:20:49:38 -0800] "GET /dccstats/stats-spam.1year.png HTTP/1.1" 200 2243
216-160-111-121.tukw.qwest.net - - [11/Mar/2004:20:49:38 -0800] "GET /dccstats/stats-spam-ratio.1year.png HTTP/1.1" 200 1879
216-160-111-121.tukw.qwest.net - - [11/Mar/2004:20:49:38 -0800] "GET /dccstats/stats-hashes.1year.png HTTP/1.1" 200 1575
lj1073.inktomisearch.com - - [11/Mar/2004:20:59:05 -0800] "GET /twiki/bin/oops/TWiki/TWikiPlannedFeatures HTTP/1.0" 200 209
mmscrm07-2.sac.overture.com - - [11/Mar/2004:23:56:31 -0800] "GET /robots.txt HTTP/1.0" 200 68
66-194-6-71.gen.twtelecom.net - - [12/Mar/2004:01:30:44 -0800] "GET / HTTP/1.1" 200 3169
lj1024.inktomisearch.com - - [12/Mar/2004:02:27:29 -0800] "GET /robots.txt HTTP/1.0" 200 68
lj1123.inktomisearch.com - - [12/Mar/2004:02:27:32 -0800] "GET /twiki/bin/view/Sandbox/WebIndex HTTP/1.0" 200 8667
195.11.231.210 - - [12/Mar/2004:03:32:56 -0800] "GET /mailman/listinfo/webber HTTP/1.0" 200 6032
80.58.33.42.proxycache.rima-tde.net - - [12/Mar/2004:04:57:20 -0800] "GET /twiki/bin/view/Main/WebHome HTTP/1.0" 200 10392
80.58.33.42.proxycache.rima-tde.net - - [12/Mar/2004:04:57:21 -0800] "GET /twiki/pub/TWiki/TWikiLogos/twikiRobot46x50.gif HTTP/1.1" 200 2877
80.58.33.42.proxycache.rima-tde.net - - [12/Mar/2004:04:57:56 -0800] "GET /twiki/bin/view/Main/LinksOfUse HTTP/1.1" 200 4534
145.253.208.9 - - [12/Mar/2004:04:59:21 -0800] "GET /twiki/bin/view/Main/SpamAssassinUsingRazorAndDCC HTTP/1.1" 200 7435
145.253.208.9 - - [12/Mar/2004:04:59:21 -0800] "GET /twiki/pub/TWiki/TWikiLogos/twikiRobot46x50.gif HTTP/1.1" 200 2877
lj1115.inktomisearch.com - - [12/Mar/2004:05:03:19 -0800] "GET /twiki/bin/view/Main/TWikiAdminGroup HTTP/1.0" 200 4156
lj1008.inktomisearch.com - - [12/Mar/2004:05:19:31 -0800] "GET /twiki/bin/oops/TWiki/Mana HTTP/1.0" 200 209
61.165.64.6 - - [12/Mar/2004:05:25:20 -0800] "GET /mailman/listinfo/cncce HTTP/1.1" 200 6208
61.165.64.6 - - [12/Mar/2004:05:25:24 -0800] "GET /icons/mailman.jpg HTTP/1.1" 200 2022
61.165.64.6 - - [12/Mar/2004:05:25:24 -0800] "GET /icons/PythonPowered.png HTTP/1.1" 200 945
61.165.64.6 - - [12/Mar/2004:05:25:25 -0800] "GET /icons/gnu-head-tiny.jpg HTTP/1.1" 200 3049
145.253.208.9 - - [12/Mar/2004:05:44:35 -0800] "GET /twiki/bin/view/Main/SpamAssassinUsingRazorAndDCC HTTP/1.1" 200 7435
145.253.208.9 - - [12/Mar/2004:05:44:35 -0800] "GET /twiki/pub/TWiki/TWikiLogos/twikiRobot46x50.gif HTTP/1.1" 200 2877
145.253.208.9 - - [12/Mar/2004:05:44:50 -0800] "GET /twiki/bin/view/Main/DCC HTTP/1.1" 200 4396
145.253.208.9 - - [12/Mar/2004:05:44:51 -0800] "GET /twiki/pub/TWiki/TWikiLogos/twikiRobot46x50.gif HTTP/1.1" 304 -
145.253.208.9 - - [12/Mar/2004:05:51:36 -0800] "GET /favicon.ico HTTP/1.1" 200 1078
vlp181.vlp.fi - - [12/Mar/2004:08:33:32 -0800] "GET /razor.html HTTP/1.1" 200 2869
lj1024.inktomisearch.com - - [12/Mar/2004:09:12:01 -0800] "GET /robots.txt HTTP/1.0" 200 68
lj1223.inktomisearch.com - - [12/Mar/2004:09:12:02 -0800] "GET /twiki/bin/oops/Main/Mi HTTP/1.0" 200 209
10.0.0.153 - - [12/Mar/2004:11:01:26 -0800] "GET / HTTP/1.1" 304 -
10.0.0.153 - - [12/Mar/2004:11:01:28 -0800] "GET /cgi-bin/mailgraph2.cgi HTTP/1.1" 200 2987
10.0.0.153 - - [12/Mar/2004:11:01:29 -0800] "GET /cgi-bin/mailgraph.cgi/mailgraph_0.png HTTP/1.1" 200 6405
10.0.0.153 - - [12/Mar/2004:11:01:29 -0800] "GET /cgi-bin/mailgraph.cgi/mailgraph_0_err.png HTTP/1.1" 200 6413
10.0.0.153 - - [12/Mar/2004:11:01:29 -0800] "GET /cgi-bin/mailgraph.cgi/mailgraph_1_err.png HTTP/1.1" 200 6952
10.0.0.153 - - [12/Mar/2004:11:01:29 -0800] "GET /cgi-bin/mailgraph.cgi/mailgraph_1.png HTTP/1.1" 200 8715
10.0.0.153 - - [12/Mar/2004:11:01:29 -0800] "GET /cgi-bin/mailgraph.cgi/mailgraph_2_err.png HTTP/1.1" 200 7001
10.0.0.153 - - [12/Mar/2004:11:01:29 -0800] "GET /cgi-bin/mailgraph.cgi/mailgraph_2.png HTTP/1.1" 200 9514
10.0.0.153 - - [12/Mar/2004:11:01:29 -0800] "GET /cgi-bin/mailgraph.cgi/mailgraph_3.png HTTP/1.1" 200 6644
10.0.0.153 - - [12/Mar/2004:11:01:29 -0800] "GET /cgi-bin/mailgraph.cgi/mailgraph_3_err.png HTTP/1.1" 200 5554
ns.wtbts.org - - [12/Mar/2004:11:16:36 -0800] "GET /dccstats/ HTTP/1.0" 200 2955
ns.wtbts.org - - [12/Mar/2004:11:16:55 -0800] "GET /dccstats/stats-spam.1day.png HTTP/1.0" 200 2925
ns.wtbts.org - - [12/Mar/2004:11:16:55 -0800] "GET /dccstats/stats-spam-ratio.1day.png HTTP/1.0" 200 2347
ns.wtbts.org - - [12/Mar/2004:11:16:55 -0800] "GET /dccstats/stats-spam.1week.png HTTP/1.0" 200 3431
ns.wtbts.org - - [12/Mar/2004:11:16:55 -0800] "GET /dccstats/stats-spam-ratio.1week.png HTTP/1.0" 200 2380
ns.wtbts.org - - [12/Mar/2004:11:16:55 -0800] "GET /dccstats/stats-hashes.1week.png HTTP/1.0" 200 1658
ns.wtbts.org - - [12/Mar/2004:11:16:55 -0800] "GET /dccstats/stats-spam.1month.png HTTP/1.0" 200 2685
ns.wtbts.org - - [12/Mar/2004:11:16:56 -0800] "GET /dccstats/stats-spam-ratio.1month.png HTTP/1.0" 200 2082
ns.wtbts.org - - [12/Mar/2004:11:16:56 -0800] "GET /dccstats/stats-hashes.1month.png HTTP/1.0" 200 1637
ns.wtbts.org - - [12/Mar/2004:11:16:56 -0800] "GET /dccstats/stats-spam.1year.png HTTP/1.0" 200 2211
ns.wtbts.org - - [12/Mar/2004:11:16:56 -0800] "GET /dccstats/stats-spam-ratio.1year.png HTTP/1.0" 200 1853
ns.wtbts.org - - [12/Mar/2004:11:16:56 -0800] "GET /dccstats/stats-hashes.1year.png HTTP/1.0" 200 1572
67.131.107.5 - - [12/Mar/2004:11:39:14 -0800] "GET / HTTP/1.1" 200 3169
67.131.107.5 - - [12/Mar/2004:11:39:25 -0800] "GET /twiki/bin/view/Main/WebHome HTTP/1.1" 200 10419
67.131.107.5 - - [12/Mar/2004:11:39:31 -0800] "GET /twiki/pub/TWiki/TWikiLogos/twikiRobot46x50.gif HTTP/1.1" 200 2877
10.0.0.153 - - [12/Mar/2004:12:23:11 -0800] "GET / HTTP/1.1" 304 -
10.0.0.153 - - [12/Mar/2004:12:23:17 -0800] "GET /cgi-bin/mailgraph2.cgi HTTP/1.1" 200 2987
10.0.0.153 - - [12/Mar/2004:12:23:18 -0800] "GET /cgi-bin/mailgraph.cgi/mailgraph_0_err.png HTTP/1.1" 200 6324
10.0.0.153 - - [12/Mar/2004:12:23:18 -0800] "GET /cgi-bin/mailgraph.cgi/mailgraph_1.png HTTP/1.1" 200 8964
10.0.0.153 - - [12/Mar/2004:12:23:18 -0800] "GET /cgi-bin/mailgraph.cgi/mailgraph_0.png HTTP/1.1" 200 6225
10.0.0.153 - - [12/Mar/2004:12:23:18 -0800] "GET /cgi-bin/mailgraph.cgi/mailgraph_2_err.png HTTP/1.1" 200 7001
10.0.0.153 - - [12/Mar/2004:12:23:18 -0800] "GET /cgi-bin/mailgraph.cgi/mailgraph_2.png HTTP/1.1" 200 9514
10.0.0.153 - - [12/Mar/2004:12:23:18 -0800] "GET /cgi-bin/mailgraph.cgi/mailgraph_1_err.png HTTP/1.1" 200 6949
10.0.0.153 - - [12/Mar/2004:12:23:18 -0800] "GET /cgi-bin/mailgraph.cgi/mailgraph_3.png HTTP/1.1" 200 6644
10.0.0.153 - - [12/Mar/2004:12:23:18 -0800] "GET /cgi-bin/mailgraph.cgi/mailgraph_3_err.png HTTP/1.1" 200 5554
10.0.0.153 - - [12/Mar/2004:12:23:40 -0800] "GET /dccstats/index.html HTTP/1.1" 304 -
10.0.0.153 - - [12/Mar/2004:12:23:41 -0800] "GET /dccstats/stats-spam.1day.png HTTP/1.1" 200 2964
10.0.0.153 - - [12/Mar/2004:12:23:41 -0800] "GET /dccstats/stats-spam-ratio.1day.png HTTP/1.1" 200 2341
10.0.0.153 - - [12/Mar/2004:12:23:41 -0800] "GET /dccstats/stats-spam-ratio.1week.png HTTP/1.1" 200 2346
10.0.0.153 - - [12/Mar/2004:12:23:41 -0800] "GET /dccstats/stats-spam.1week.png HTTP/1.1" 200 3438
10.0.0.153 - - [12/Mar/2004:12:23:41 -0800] "GET /dccstats/stats-hashes.1week.png HTTP/1.1" 200 1670
10.0.0.153 - - [12/Mar/2004:12:23:41 -0800] "GET /dccstats/stats-spam.1month.png HTTP/1.1" 200 2651
10.0.0.153 - - [12/Mar/2004:12:23:41 -0800] "GET /dccstats/stats-spam-ratio.1month.png HTTP/1.1" 200 2023
10.0.0.153 - - [12/Mar/2004:12:23:41 -0800] "GET /dccstats/stats-hashes.1month.png HTTP/1.1" 200 1636
10.0.0.153 - - [12/Mar/2004:12:23:41 -0800] "GET /dccstats/stats-spam.1year.png HTTP/1.1" 200 2262
10.0.0.153 - - [12/Mar/2004:12:23:41 -0800] "GET /dccstats/stats-spam-ratio.1year.png HTTP/1.1" 200 1906
10.0.0.153 - - [12/Mar/2004:12:23:41 -0800] "GET /dccstats/stats-hashes.1year.png HTTP/1.1" 200 1582
216.139.185.45 - - [12/Mar/2004:13:04:01 -0800] "GET /mailman/listinfo/webber HTTP/1.1" 200 6051
pd95f99f2.dip.t-dialin.net - - [12/Mar/2004:13:18:57 -0800] "GET /razor.html HTTP/1.1" 200 2869
d97082.upc-d.chello.nl - - [12/Mar/2004:13:25:45 -0800] "GET /SpamAssassin.html HTTP/1.1" 200 7368
d97082.upc-d.chello.nl - - [12/Mar/2004:13:25:45 -0800] "GET /SpamAssassin.html HTTP/1.1" 200 7368
d97082.upc-d.chello.nl - - [12/Mar/2004:13:25:45 -0800] "GET /SpamAssassin.html HTTP/1.1" 200 7368
d97082.upc-d.chello.nl - - [12/Mar/2004:13:25:45 -0800] "GET /SpamAssassin.html HTTP/1.1" 200 7368
d97082.upc-d.chello.nl - - [12/Mar/2004:13:25:45 -0800] "GET /SpamAssassin.html HTTP/1.1" 200 7368
d97082.upc-d.chello.nl - - [12/Mar/2004:13:25:45 -0800] "GET /SpamAssassin.html HTTP/1.1" 200 7368
d97082.upc-d.chello.nl - - [12/Mar/2004:13:25:45 -0800] "GET /SpamAssassin.html HTTP/1.1" 200 7368
d97082.upc-d.chello.nl - - [12/Mar/2004:13:25:45 -0800] "GET /SpamAssassin.html HTTP/1.1" 200 7368
d97082.upc-d.chello.nl - - [12/Mar/2004:13:25:45 -0800] "GET /SpamAssassin.html HTTP/1.1" 200 7368
d97082.upc-d.chello.nl - - [12/Mar/2004:13:25:45 -0800] "GET /SpamAssassin.html HTTP/1.1" 200 7368
d97082.upc-d.chello.nl - - [12/Mar/2004:13:25:45 -0800] "GET /SpamAssassin.html HTTP/1.1" 200 7368
d97082.upc-d.chello.nl - - [12/Mar/2004:13:25:45 -0800] "GET /SpamAssassin.html HTTP/1.1" 200 7368
pd95f99f2.dip.t-dialin.net - - [12/Mar/2004:13:18:57 -0800] "GET /razor.html HTTP/1.1" 200 2869
d97082.upc-d.chello.nl - - [12/Mar/2004:13:25:45 -0800] "GET /SpamAssassin.html HTTP/1.1" 200 7368
d97082.upc-d.chello.nl - - [12/Mar/2004:13:25:45 -0800] "GET /SpamAssassin.html HTTP/1.1" 200 7368
d97082.upc-d.chello.nl - - [12/Mar/2004:13:25:45 -0800] "GET /SpamAssassin.html HTTP/1.1" 200 7368
d97082.upc-d.chello.nl - - [12/Mar/2004:13:25:45 -0800] "GET /SpamAssassin.html HTTP/1.1" 200 7368
d97082.upc-d.chello.nl - - [12/Mar/2004:13:25:45 -0800] "GET /SpamAssassin.html HTTP/1.1" 200 7368
d97082.upc-d.chello.nl - - [12/Mar/2004:13:25:45 -0800] "GET /SpamAssassin.html HTTP/1.1" 200 7368
d97082.upc-d.chello.nl - - [12/Mar/2004:13:25:45 -0800] "GET /SpamAssassin.html HTTP/1.1" 200 7368
d97082.upc-d.chello.nl - - [12/Mar/2004:13:25:45 -0800] "GET /SpamAssassin.html HTTP/1.1" 200 7368
d97082.upc-d.chello.nl - - [12/Mar/2004:13:25:45 -0800] "GET /SpamAssassin.html HTTP/1.1" 200 7368
d97082.upc-d.chello.nl - - [12/Mar/2004:13:25:45 -0800] "GET /SpamAssassin.html HTTP/1.1" 200 7368
d97082.upc-d.chello.nl - - [12/Mar/2004:13:25:45 -0800] "GET /SpamAssassin.html HTTP/1.1" 200 7368
d97082.upc-d.chello.nl - - [12/Mar/2004:13:25:45 -0800] "GET /SpamAssassin.html HTTP/1.1" 200 7368
d97082.upc-d.chello.nl - - [12/Mar/2004:13:25:45 -0800] "GET /SpamAssassin.html HTTP/1.1" 200 7368
d97082.upc-d.chello.nl - - [12/Mar/2004:13:25:45 -0800] "GET /SpamAssassin.html HTTP/1.1" 200 7368
pd95f99f2.dip.t-dialin.net - - [12/Mar/2004:13:18:57 -0800] "GET /razor.html HTTP/1.1" 200 2869
d97082.upc-d.chello.nl - - [12/Mar/2004:13:25:45 -0800] "GET /SpamAssassin.html HTTP/1.1" 200 7368
d97082.upc-d.chello.nl - - [12/Mar/2004:13:25:45 -0800] "GET /SpamAssassin.html HTTP/1.1" 200 7368
d97082.upc-d.chello.nl - - [12/Mar/2004:13:25:45 -0800] "GET /SpamAssassin.html HTTP/1.1" 200 7368

